[0m16:15:26.964332 [debug] [MainThread]: Sending event: {'category': 'dbt', 'action': 'invocation', 'label': 'start', 'context': [<snowplow_tracker.self_describing_json.SelfDescribingJson object at 0x000001CCBDDA89E0>, <snowplow_tracker.self_describing_json.SelfDescribingJson object at 0x000001CCBD62CD40>, <snowplow_tracker.self_describing_json.SelfDescribingJson object at 0x000001CCBB55C470>]}


============================== 16:15:26.973331 | 547777f9-8c43-4157-952f-ce2dfae68ae6 ==============================
[0m16:15:26.973331 [info ] [MainThread]: Running with dbt=1.12.0
[0m16:15:26.973331 [debug] [MainThread]: running dbt with arguments {'static_parser': 'True', 'no_print': 'None', 'version_check': 'True', 'warn_error_options': 'WarnErrorOptionsV2(error=[], warn=[], silence=[])', 'maximum_seed_size_mib': '1', 'target_path': 'None', 'printer_width': '80', 'write_json': 'True', 'introspect': 'True', 'log_cache_events': 'False', 'empty': 'None', 'cache_selected_only': 'False', 'fail_fast': 'False', 'debug': 'False', 'log_format': 'default', 'partial_parse': 'True', 'send_anonymous_usage_stats': 'True', 'quiet': 'False', 'warn_error': 'None', 'profiles_dir': 'C:\\Users\\shahr\\.dbt', 'use_colors': 'True', 'hints_enabled': 'True', 'invocation_command': 'dbt init', 'use_experimental_parser': 'False', 'indirect_selection': 'eager', 'log_path': 'logs'}
[0m16:16:16.329116 [debug] [MainThread]: Starter project path: C:\Users\shahr\OneDrive\Desktop\grant\.venv\Lib\site-packages\dbt\include\starter_project
[0m16:16:16.359484 [info ] [MainThread]: Setting up your profile.
[0m16:16:22.894754 [debug] [MainThread]: Snowflake adapter: Setting snowflake.connector to ERROR (file logging only)
[0m16:16:22.895739 [debug] [MainThread]: Snowflake adapter: Setting botocore to ERROR (file logging only)
[0m16:16:22.896727 [debug] [MainThread]: Snowflake adapter: Setting boto3 to ERROR (file logging only)
[0m16:19:26.302656 [info ] [MainThread]: Profile grant written to C:\Users\shahr\.dbt\profiles.yml using target's profile_template.yml and your supplied values.
[0m16:19:26.306652 [info ] [MainThread]: Running dbt debug to validate the project...
[0m16:19:26.307618 [info ] [MainThread]: dbt version: 1.12.0
[0m16:19:26.308629 [info ] [MainThread]: python version: 3.12.12
[0m16:19:26.309687 [info ] [MainThread]: python path: C:\Users\shahr\OneDrive\Desktop\grant\.venv\Scripts\python.exe
[0m16:19:26.310618 [info ] [MainThread]: os info: Windows-11-10.0.26200-SP0
[0m16:19:26.412386 [info ] [MainThread]: Using profiles dir at C:\Users\shahr\.dbt
[0m16:19:26.412386 [info ] [MainThread]: Using profiles.yml file at C:\Users\shahr\.dbt\profiles.yml
[0m16:19:26.414290 [info ] [MainThread]: Using dbt_project.yml file at C:\Users\shahr\OneDrive\Desktop\grant\src\dbt_transform\grant\dbt_project.yml
[0m16:19:26.415298 [info ] [MainThread]: adapter type: snowflake
[0m16:19:26.416396 [info ] [MainThread]: adapter version: 1.12.0
[0m16:19:26.551059 [info ] [MainThread]: Configuration:
[0m16:19:26.552056 [info ] [MainThread]:   profiles.yml file [[32mOK found and valid[0m]
[0m16:19:26.553055 [info ] [MainThread]:   dbt_project.yml file [[32mOK found and valid[0m]
[0m16:19:26.554070 [info ] [MainThread]: Required dependencies:
[0m16:19:26.554070 [debug] [MainThread]: Executing "git --help"
[0m16:19:26.606267 [debug] [MainThread]: STDOUT: "b"usage: git [-v | --version] [-h | --help] [-C <path>] [-c <name>=<value>]\n           [--exec-path[=<path>]] [--html-path] [--man-path] [--info-path]\n           [-p | --paginate | -P | --no-pager] [--no-replace-objects] [--no-lazy-fetch]\n           [--no-optional-locks] [--no-advice] [--bare] [--git-dir=<path>]\n           [--work-tree=<path>] [--namespace=<name>] [--config-env=<name>=<envvar>]\n           <command> [<args>]\n\nThese are common Git commands used in various situations:\n\nstart a working area (see also: git help tutorial)\n   clone     Clone a repository into a new directory\n   init      Create an empty Git repository or reinitialize an existing one\n\nwork on the current change (see also: git help everyday)\n   add       Add file contents to the index\n   mv        Move or rename a file, a directory, or a symlink\n   restore   Restore working tree files\n   rm        Remove files from the working tree and from the index\n\nexamine the history and state (see also: git help revisions)\n   bisect    Use binary search to find the commit that introduced a bug\n   diff      Show changes between commits, commit and working tree, etc\n   grep      Print lines matching a pattern\n   log       Show commit logs\n   show      Show various types of objects\n   status    Show the working tree status\n\ngrow, mark and tweak your common history\n   branch    List, create, or delete branches\n   commit    Record changes to the repository\n   merge     Join two or more development histories together\n   rebase    Reapply commits on top of another base tip\n   reset     Reset current HEAD to the specified state\n   switch    Switch branches\n   tag       Create, list, delete or verify a tag object signed with GPG\n\ncollaborate (see also: git help workflows)\n   fetch     Download objects and refs from another repository\n   pull      Fetch from and integrate with another repository or a local branch\n   push      Update remote refs along with associated objects\n\n'git help -a' and 'git help -g' list available subcommands and some\nconcept guides. See 'git help <command>' or 'git help <concept>'\nto read about a specific subcommand or concept.\nSee 'git help git' for an overview of the system.\n""
[0m16:19:26.607266 [debug] [MainThread]: STDERR: "b''"
[0m16:19:26.607266 [info ] [MainThread]:  - git [[32mOK found[0m]

[0m16:19:26.608263 [info ] [MainThread]: Connection:
[0m16:19:26.608263 [info ] [MainThread]:   account: WJFUBFM-JN81682
[0m16:19:26.609455 [info ] [MainThread]:   user: SHAHRIARNAMVAR
[0m16:19:26.610463 [info ] [MainThread]:   database: GRANTS
[0m16:19:26.610463 [info ] [MainThread]:   warehouse: COMPUTE_WH
[0m16:19:26.611469 [info ] [MainThread]:   role: ACCOUNTADMIN
[0m16:19:26.611469 [info ] [MainThread]:   schema: dbt_schema
[0m16:19:26.612463 [info ] [MainThread]:   authenticator: None
[0m16:19:26.612463 [info ] [MainThread]:   oauth_client_id: None
[0m16:19:26.613463 [info ] [MainThread]:   query_tag: None
[0m16:19:26.614463 [info ] [MainThread]:   client_session_keep_alive: False
[0m16:19:26.614463 [info ] [MainThread]:   host: None
[0m16:19:26.615463 [info ] [MainThread]:   port: None
[0m16:19:26.616463 [info ] [MainThread]:   proxy_host: None
[0m16:19:26.616463 [info ] [MainThread]:   proxy_port: None
[0m16:19:26.617480 [info ] [MainThread]:   protocol: None
[0m16:19:26.618464 [info ] [MainThread]:   connect_retries: 1
[0m16:19:26.618464 [info ] [MainThread]:   connect_timeout: None
[0m16:19:26.618464 [info ] [MainThread]:   retry_on_database_errors: False
[0m16:19:26.619863 [info ] [MainThread]:   retry_all: False
[0m16:19:26.620891 [info ] [MainThread]:   insecure_mode: False
[0m16:19:26.620891 [info ] [MainThread]:   reuse_connections: True
[0m16:19:26.621889 [info ] [MainThread]:   s3_stage_vpce_dns_name: None
[0m16:19:26.621889 [info ] [MainThread]:   workload_identity_provider: None
[0m16:19:26.622872 [info ] [MainThread]:   workload_identity_entra_resource: None
[0m16:19:26.622872 [info ] [MainThread]:   platform_detection_timeout_seconds: 0.0
[0m16:19:26.623873 [info ] [MainThread]: Registered adapter: snowflake=1.12.0
[0m16:19:26.975043 [debug] [MainThread]: Acquiring new snowflake connection 'debug'
[0m16:19:26.978139 [debug] [MainThread]: Using snowflake connection "debug"
[0m16:19:26.979138 [debug] [MainThread]: On debug: select 1 as id
[0m16:19:26.979138 [debug] [MainThread]: Opening a new connection, currently in state init
[0m16:19:26.986253 [debug] [MainThread]: Snowflake adapter: Error running SQL: select 1 as id
[0m16:19:26.987361 [debug] [MainThread]: Snowflake adapter: Rolling back transaction.
[0m16:19:26.987361 [info ] [MainThread]:   Connection test: [[31mERROR[0m]

[0m16:19:26.988263 [info ] [MainThread]: [31m1 check failed:[0m
[0m16:19:26.988263 [info ] [MainThread]: dbt was unable to connect to the specified database.
The database returned the following error:

  >Database Error
  Password was given but private key is not encrypted.

Check your database credentials and try again. For more information, visit:
https://docs.getdbt.com/docs/configure-your-profile


[0m16:19:26.989262 [info ] [MainThread]: Your new dbt project "grant" was created!
Initialized new project in C:\Users\shahr\OneDrive\Desktop\grant\src\dbt_transform\grant\grant

For more information on how to configure the profiles.yml file,
please consult the dbt documentation here:

  https://docs.getdbt.com/docs/configure-your-profile

One more thing:

Need help? Don't hesitate to reach out to us via GitHub issues or on Slack:

  https://community.getdbt.com/

Happy modeling!

[0m16:19:26.989262 [info ] [MainThread]: [31mYour profile may need adjustments. You can find the logs of `dbt debug` above[0m
[0m16:19:26.991360 [debug] [MainThread]: Command `dbt init` succeeded at 16:19:26.990264 after 240.24 seconds
[0m16:19:26.991360 [debug] [MainThread]: Connection 'debug' was left open.
[0m16:19:26.991360 [debug] [MainThread]: On debug: No close available on handle
[0m16:19:26.992361 [debug] [MainThread]: Sending event: {'category': 'dbt', 'action': 'invocation', 'label': 'end', 'context': [<snowplow_tracker.self_describing_json.SelfDescribingJson object at 0x000001CCBDB3DF40>, <snowplow_tracker.self_describing_json.SelfDescribingJson object at 0x000001CCBB1431A0>, <snowplow_tracker.self_describing_json.SelfDescribingJson object at 0x000001CCC11B2780>]}
[0m16:19:26.992361 [debug] [MainThread]: Flushing usage events
[0m16:19:27.283662 [debug] [MainThread]: An error was encountered while trying to flush usage events
[0m16:19:55.698779 [debug] [MainThread]: Sending event: {'category': 'dbt', 'action': 'invocation', 'label': 'start', 'context': [<snowplow_tracker.self_describing_json.SelfDescribingJson object at 0x000001C11914DDF0>, <snowplow_tracker.self_describing_json.SelfDescribingJson object at 0x000001C119C01A60>, <snowplow_tracker.self_describing_json.SelfDescribingJson object at 0x000001C11B712750>]}


============================== 16:19:55.705004 | cfa19c93-bbad-41c6-b871-a8014e3f80c4 ==============================
[0m16:19:55.705004 [info ] [MainThread]: Running with dbt=1.12.0
[0m16:19:55.705995 [debug] [MainThread]: running dbt with arguments {'version_check': 'True', 'no_print': 'None', 'static_parser': 'True', 'target_path': 'None', 'maximum_seed_size_mib': '1', 'warn_error_options': 'WarnErrorOptionsV2(error=[], warn=[], silence=[])', 'printer_width': '80', 'write_json': 'True', 'empty': 'None', 'log_cache_events': 'False', 'introspect': 'True', 'cache_selected_only': 'False', 'log_format': 'default', 'debug': 'False', 'fail_fast': 'False', 'partial_parse': 'True', 'send_anonymous_usage_stats': 'True', 'quiet': 'False', 'warn_error': 'None', 'profiles_dir': 'C:\\Users\\shahr\\.dbt', 'invocation_command': 'dbt debug', 'hints_enabled': 'True', 'indirect_selection': 'eager', 'use_experimental_parser': 'False', 'use_colors': 'True', 'log_path': 'logs'}
[0m16:19:55.732915 [info ] [MainThread]: dbt version: 1.12.0
[0m16:19:55.733915 [info ] [MainThread]: python version: 3.12.12
[0m16:19:55.734918 [info ] [MainThread]: python path: C:\Users\shahr\OneDrive\Desktop\grant\.venv\Scripts\python.exe
[0m16:19:55.734918 [info ] [MainThread]: os info: Windows-11-10.0.26200-SP0
[0m16:19:56.421197 [debug] [MainThread]: Snowflake adapter: Setting snowflake.connector to ERROR (file logging only)
[0m16:19:56.422313 [debug] [MainThread]: Snowflake adapter: Setting botocore to ERROR (file logging only)
[0m16:19:56.422313 [debug] [MainThread]: Snowflake adapter: Setting boto3 to ERROR (file logging only)
[0m16:19:56.563469 [info ] [MainThread]: Error importing adapter: No module named 'dbt.adapters.databricks'
[0m16:19:56.564469 [info ] [MainThread]: Using profiles dir at C:\Users\shahr\.dbt
[0m16:19:56.565470 [info ] [MainThread]: Using profiles.yml file at C:\Users\shahr\.dbt\profiles.yml
[0m16:19:56.566469 [info ] [MainThread]: Using dbt_project.yml file at C:\Users\shahr\OneDrive\Desktop\grant\src\dbt_transform\dbt_project.yml
[0m16:19:56.566469 [info ] [MainThread]: Configuration:
[0m16:19:56.567470 [info ] [MainThread]:   profiles.yml file [[31mERROR invalid[0m]
[0m16:19:56.567470 [info ] [MainThread]:   dbt_project.yml file [[31mERROR not found[0m]
[0m16:19:56.568469 [info ] [MainThread]: Required dependencies:
[0m16:19:56.568469 [debug] [MainThread]: Executing "git --help"
[0m16:19:56.612792 [debug] [MainThread]: STDOUT: "b"usage: git [-v | --version] [-h | --help] [-C <path>] [-c <name>=<value>]\n           [--exec-path[=<path>]] [--html-path] [--man-path] [--info-path]\n           [-p | --paginate | -P | --no-pager] [--no-replace-objects] [--no-lazy-fetch]\n           [--no-optional-locks] [--no-advice] [--bare] [--git-dir=<path>]\n           [--work-tree=<path>] [--namespace=<name>] [--config-env=<name>=<envvar>]\n           <command> [<args>]\n\nThese are common Git commands used in various situations:\n\nstart a working area (see also: git help tutorial)\n   clone     Clone a repository into a new directory\n   init      Create an empty Git repository or reinitialize an existing one\n\nwork on the current change (see also: git help everyday)\n   add       Add file contents to the index\n   mv        Move or rename a file, a directory, or a symlink\n   restore   Restore working tree files\n   rm        Remove files from the working tree and from the index\n\nexamine the history and state (see also: git help revisions)\n   bisect    Use binary search to find the commit that introduced a bug\n   diff      Show changes between commits, commit and working tree, etc\n   grep      Print lines matching a pattern\n   log       Show commit logs\n   show      Show various types of objects\n   status    Show the working tree status\n\ngrow, mark and tweak your common history\n   branch    List, create, or delete branches\n   commit    Record changes to the repository\n   merge     Join two or more development histories together\n   rebase    Reapply commits on top of another base tip\n   reset     Reset current HEAD to the specified state\n   switch    Switch branches\n   tag       Create, list, delete or verify a tag object signed with GPG\n\ncollaborate (see also: git help workflows)\n   fetch     Download objects and refs from another repository\n   pull      Fetch from and integrate with another repository or a local branch\n   push      Update remote refs along with associated objects\n\n'git help -a' and 'git help -g' list available subcommands and some\nconcept guides. See 'git help <command>' or 'git help <concept>'\nto read about a specific subcommand or concept.\nSee 'git help git' for an overview of the system.\n""
[0m16:19:56.613807 [debug] [MainThread]: STDERR: "b''"
[0m16:19:56.613807 [info ] [MainThread]:  - git [[32mOK found[0m]

[0m16:19:56.613807 [info ] [MainThread]: Connection test skipped since no profile was found
[0m16:19:56.615068 [info ] [MainThread]: [31m2 checks failed:[0m
[0m16:19:56.615836 [info ] [MainThread]: Could not load dbt_project.yml
Profile loading failed for the following reason:
Runtime Error
  Credentials in profile "walmart_project", target "dev" invalid: Runtime Error
    Could not find adapter type databricks!


[0m16:19:56.615836 [info ] [MainThread]: Project loading failed for the following reason:
 project path <C:\Users\shahr\OneDrive\Desktop\grant\src\dbt_transform\dbt_project.yml> not found

[0m16:19:56.616898 [debug] [MainThread]: Command `dbt debug` failed at 16:19:56.616898 after 1.22 seconds
[0m16:19:56.617911 [debug] [MainThread]: Sending event: {'category': 'dbt', 'action': 'invocation', 'label': 'end', 'context': [<snowplow_tracker.self_describing_json.SelfDescribingJson object at 0x000001C11F39AEA0>, <snowplow_tracker.self_describing_json.SelfDescribingJson object at 0x000001C11EEC7950>, <snowplow_tracker.self_describing_json.SelfDescribingJson object at 0x000001C11EFABEF0>]}
[0m16:19:56.617911 [debug] [MainThread]: Flushing usage events
[0m16:19:56.831436 [debug] [MainThread]: An error was encountered while trying to flush usage events
[0m17:00:19.289761 [debug] [MainThread]: Sending event: {'category': 'dbt', 'action': 'invocation', 'label': 'start', 'context': [<snowplow_tracker.self_describing_json.SelfDescribingJson object at 0x0000020B5D03B500>, <snowplow_tracker.self_describing_json.SelfDescribingJson object at 0x0000020B60126000>, <snowplow_tracker.self_describing_json.SelfDescribingJson object at 0x0000020B60126D50>]}


============================== 17:00:19.294761 | 7c7a95f4-6d4f-4e81-b9d9-1b506e2e5b33 ==============================
[0m17:00:19.294761 [info ] [MainThread]: Running with dbt=1.12.0
[0m17:00:19.296762 [debug] [MainThread]: running dbt with arguments {'static_parser': 'True', 'no_print': 'None', 'maximum_seed_size_mib': '1', 'target_path': 'None', 'warn_error_options': 'WarnErrorOptionsV2(error=[], warn=[], silence=[])', 'version_check': 'True', 'printer_width': '80', 'write_json': 'True', 'empty': 'None', 'log_cache_events': 'False', 'introspect': 'True', 'cache_selected_only': 'False', 'log_format': 'default', 'debug': 'False', 'fail_fast': 'False', 'profiles_dir': 'C:\\Users\\shahr\\.dbt', 'send_anonymous_usage_stats': 'True', 'quiet': 'False', 'warn_error': 'None', 'partial_parse': 'True', 'use_colors': 'True', 'hints_enabled': 'True', 'invocation_command': 'dbt debug', 'use_experimental_parser': 'False', 'indirect_selection': 'eager', 'log_path': 'logs'}
[0m17:00:19.315599 [info ] [MainThread]: dbt version: 1.12.0
[0m17:00:19.316599 [info ] [MainThread]: python version: 3.12.12
[0m17:00:19.316599 [info ] [MainThread]: python path: C:\Users\shahr\OneDrive\Desktop\grant\.venv\Scripts\python.exe
[0m17:00:19.317600 [info ] [MainThread]: os info: Windows-11-10.0.26200-SP0
[0m17:00:19.895668 [debug] [MainThread]: Snowflake adapter: Setting snowflake.connector to ERROR (file logging only)
[0m17:00:19.896668 [debug] [MainThread]: Snowflake adapter: Setting botocore to ERROR (file logging only)
[0m17:00:19.896668 [debug] [MainThread]: Snowflake adapter: Setting boto3 to ERROR (file logging only)
[0m17:00:20.034434 [info ] [MainThread]: Error importing adapter: No module named 'dbt.adapters.databricks'
[0m17:00:20.036336 [info ] [MainThread]: Using profiles dir at C:\Users\shahr\.dbt
[0m17:00:20.036895 [info ] [MainThread]: Using profiles.yml file at C:\Users\shahr\.dbt\profiles.yml
[0m17:00:20.037954 [info ] [MainThread]: Using dbt_project.yml file at C:\Users\shahr\OneDrive\Desktop\grant\src\dbt_transform\dbt_project.yml
[0m17:00:20.038499 [info ] [MainThread]: Configuration:
[0m17:00:20.039567 [info ] [MainThread]:   profiles.yml file [[31mERROR invalid[0m]
[0m17:00:20.039567 [info ] [MainThread]:   dbt_project.yml file [[31mERROR not found[0m]
[0m17:00:20.040567 [info ] [MainThread]: Required dependencies:
[0m17:00:20.040567 [debug] [MainThread]: Executing "git --help"
[0m17:00:20.084608 [debug] [MainThread]: STDOUT: "b"usage: git [-v | --version] [-h | --help] [-C <path>] [-c <name>=<value>]\n           [--exec-path[=<path>]] [--html-path] [--man-path] [--info-path]\n           [-p | --paginate | -P | --no-pager] [--no-replace-objects] [--no-lazy-fetch]\n           [--no-optional-locks] [--no-advice] [--bare] [--git-dir=<path>]\n           [--work-tree=<path>] [--namespace=<name>] [--config-env=<name>=<envvar>]\n           <command> [<args>]\n\nThese are common Git commands used in various situations:\n\nstart a working area (see also: git help tutorial)\n   clone     Clone a repository into a new directory\n   init      Create an empty Git repository or reinitialize an existing one\n\nwork on the current change (see also: git help everyday)\n   add       Add file contents to the index\n   mv        Move or rename a file, a directory, or a symlink\n   restore   Restore working tree files\n   rm        Remove files from the working tree and from the index\n\nexamine the history and state (see also: git help revisions)\n   bisect    Use binary search to find the commit that introduced a bug\n   diff      Show changes between commits, commit and working tree, etc\n   grep      Print lines matching a pattern\n   log       Show commit logs\n   show      Show various types of objects\n   status    Show the working tree status\n\ngrow, mark and tweak your common history\n   branch    List, create, or delete branches\n   commit    Record changes to the repository\n   merge     Join two or more development histories together\n   rebase    Reapply commits on top of another base tip\n   reset     Reset current HEAD to the specified state\n   switch    Switch branches\n   tag       Create, list, delete or verify a tag object signed with GPG\n\ncollaborate (see also: git help workflows)\n   fetch     Download objects and refs from another repository\n   pull      Fetch from and integrate with another repository or a local branch\n   push      Update remote refs along with associated objects\n\n'git help -a' and 'git help -g' list available subcommands and some\nconcept guides. See 'git help <command>' or 'git help <concept>'\nto read about a specific subcommand or concept.\nSee 'git help git' for an overview of the system.\n""
[0m17:00:20.084608 [debug] [MainThread]: STDERR: "b''"
[0m17:00:20.085608 [info ] [MainThread]:  - git [[32mOK found[0m]

[0m17:00:20.085608 [info ] [MainThread]: Connection test skipped since no profile was found
[0m17:00:20.086608 [info ] [MainThread]: [31m2 checks failed:[0m
[0m17:00:20.086608 [info ] [MainThread]: Could not load dbt_project.yml
Profile loading failed for the following reason:
Runtime Error
  Credentials in profile "walmart_project", target "dev" invalid: Runtime Error
    Could not find adapter type databricks!


[0m17:00:20.087608 [info ] [MainThread]: Project loading failed for the following reason:
 project path <C:\Users\shahr\OneDrive\Desktop\grant\src\dbt_transform\dbt_project.yml> not found

[0m17:00:20.088608 [debug] [MainThread]: Command `dbt debug` failed at 17:00:20.088608 after 1.00 seconds
[0m17:00:20.088608 [debug] [MainThread]: Sending event: {'category': 'dbt', 'action': 'invocation', 'label': 'end', 'context': [<snowplow_tracker.self_describing_json.SelfDescribingJson object at 0x0000020B62C9AA80>, <snowplow_tracker.self_describing_json.SelfDescribingJson object at 0x0000020B6230FE60>, <snowplow_tracker.self_describing_json.SelfDescribingJson object at 0x0000020B6230FEC0>]}
[0m17:00:20.089608 [debug] [MainThread]: Flushing usage events
[0m17:00:20.419934 [debug] [MainThread]: An error was encountered while trying to flush usage events
[0m07:03:37.567723 [debug] [MainThread]: Sending event: {'category': 'dbt', 'action': 'invocation', 'label': 'start', 'context': [<snowplow_tracker.self_describing_json.SelfDescribingJson object at 0x000002490FCF4830>, <snowplow_tracker.self_describing_json.SelfDescribingJson object at 0x000002490DCBD7C0>, <snowplow_tracker.self_describing_json.SelfDescribingJson object at 0x000002490FB7F8C0>]}


============================== 07:03:37.574755 | 15813c4c-b4c8-4c01-841d-e73d7a3d2e52 ==============================
[0m07:03:37.574755 [info ] [MainThread]: Running with dbt=1.12.0
[0m07:03:37.575734 [debug] [MainThread]: running dbt with arguments {'version_check': 'True', 'no_print': 'None', 'maximum_seed_size_mib': '1', 'target_path': 'None', 'warn_error_options': 'WarnErrorOptionsV2(error=[], warn=[], silence=[])', 'static_parser': 'True', 'printer_width': '80', 'write_json': 'True', 'introspect': 'True', 'log_cache_events': 'False', 'empty': 'False', 'cache_selected_only': 'False', 'fail_fast': 'False', 'debug': 'False', 'log_format': 'default', 'partial_parse': 'True', 'send_anonymous_usage_stats': 'True', 'quiet': 'False', 'warn_error': 'None', 'profiles_dir': 'C:\\Users\\shahr\\.dbt', 'invocation_command': 'dbt build', 'hints_enabled': 'True', 'use_colors': 'True', 'use_experimental_parser': 'False', 'indirect_selection': 'eager', 'log_path': 'logs'}
[0m07:03:37.576733 [error] [MainThread]: [[31mERROR[0m]: Encountered an error:
Runtime Error
  No dbt_project.yml found at expected path C:\Users\shahr\OneDrive\Desktop\grant\src\dbt_transform\dbt_project.yml
  Verify that each entry within packages.yml (and their transitive dependencies) contains a file named dbt_project.yml
  
[0m07:03:37.577733 [debug] [MainThread]: Command `dbt build` failed at 07:03:37.577733 after 0.22 seconds
[0m07:03:37.578735 [debug] [MainThread]: Sending event: {'category': 'dbt', 'action': 'invocation', 'label': 'end', 'context': [<snowplow_tracker.self_describing_json.SelfDescribingJson object at 0x000002490E2C3D70>, <snowplow_tracker.self_describing_json.SelfDescribingJson object at 0x000002490BD36540>, <snowplow_tracker.self_describing_json.SelfDescribingJson object at 0x000002490E288440>]}
[0m07:03:37.578735 [debug] [MainThread]: Flushing usage events
[0m07:03:37.764732 [debug] [MainThread]: An error was encountered while trying to flush usage events
[0m07:04:32.254956 [debug] [MainThread]: Sending event: {'category': 'dbt', 'action': 'invocation', 'label': 'start', 'context': [<snowplow_tracker.self_describing_json.SelfDescribingJson object at 0x000001A6170E9130>, <snowplow_tracker.self_describing_json.SelfDescribingJson object at 0x000001A61460B500>, <snowplow_tracker.self_describing_json.SelfDescribingJson object at 0x000001A617943DA0>]}


============================== 07:04:32.262948 | 62eebf81-657f-46f4-b07e-41d8fe484f16 ==============================
[0m07:04:32.262948 [info ] [MainThread]: Running with dbt=1.12.0
[0m07:04:32.264952 [debug] [MainThread]: running dbt with arguments {'static_parser': 'True', 'no_print': 'None', 'version_check': 'True', 'warn_error_options': 'WarnErrorOptionsV2(error=[], warn=[], silence=[])', 'target_path': 'None', 'maximum_seed_size_mib': '1', 'printer_width': '80', 'write_json': 'True', 'empty': 'False', 'log_cache_events': 'False', 'introspect': 'True', 'cache_selected_only': 'False', 'fail_fast': 'False', 'debug': 'False', 'log_format': 'default', 'profiles_dir': 'C:\\Users\\shahr\\.dbt', 'send_anonymous_usage_stats': 'True', 'quiet': 'False', 'warn_error': 'None', 'partial_parse': 'True', 'invocation_command': 'dbt build', 'hints_enabled': 'True', 'indirect_selection': 'eager', 'use_experimental_parser': 'False', 'use_colors': 'True', 'log_path': 'logs'}
[0m07:04:32.264952 [error] [MainThread]: [[31mERROR[0m]: Encountered an error:
Runtime Error
  No dbt_project.yml found at expected path C:\Users\shahr\OneDrive\Desktop\grant\src\dbt_transform\dbt_project.yml
  Verify that each entry within packages.yml (and their transitive dependencies) contains a file named dbt_project.yml
  
[0m07:04:32.266947 [debug] [MainThread]: Command `dbt build` failed at 07:04:32.266947 after 0.22 seconds
[0m07:04:32.267946 [debug] [MainThread]: Sending event: {'category': 'dbt', 'action': 'invocation', 'label': 'end', 'context': [<snowplow_tracker.self_describing_json.SelfDescribingJson object at 0x000001A617D1A3F0>, <snowplow_tracker.self_describing_json.SelfDescribingJson object at 0x000001A617CC0380>, <snowplow_tracker.self_describing_json.SelfDescribingJson object at 0x000001A617CC32F0>]}
[0m07:04:32.268949 [debug] [MainThread]: Flushing usage events
[0m07:04:32.449616 [debug] [MainThread]: An error was encountered while trying to flush usage events
[0m07:05:05.464548 [debug] [MainThread]: Sending event: {'category': 'dbt', 'action': 'invocation', 'label': 'start', 'context': [<snowplow_tracker.self_describing_json.SelfDescribingJson object at 0x000001F1E4061AC0>, <snowplow_tracker.self_describing_json.SelfDescribingJson object at 0x000001F1E1A16BA0>, <snowplow_tracker.self_describing_json.SelfDescribingJson object at 0x000001F1E1E6F680>]}


============================== 07:05:05.470606 | 61812577-0c58-44fc-bb97-fe1bae01ee09 ==============================
[0m07:05:05.470606 [info ] [MainThread]: Running with dbt=1.12.0
[0m07:05:05.471601 [debug] [MainThread]: running dbt with arguments {'version_check': 'True', 'no_print': 'None', 'maximum_seed_size_mib': '1', 'warn_error_options': 'WarnErrorOptionsV2(error=[], warn=[], silence=[])', 'target_path': 'None', 'static_parser': 'True', 'printer_width': '80', 'write_json': 'True', 'empty': 'False', 'log_cache_events': 'False', 'introspect': 'True', 'cache_selected_only': 'False', 'log_format': 'default', 'debug': 'False', 'fail_fast': 'False', 'profiles_dir': 'C:\\Users\\shahr\\.dbt', 'send_anonymous_usage_stats': 'True', 'quiet': 'False', 'warn_error': 'None', 'partial_parse': 'True', 'invocation_command': 'dbt build', 'hints_enabled': 'True', 'indirect_selection': 'eager', 'use_experimental_parser': 'False', 'use_colors': 'True', 'log_path': 'logs'}
[0m07:05:05.471601 [error] [MainThread]: [[31mERROR[0m]: Encountered an error:
Runtime Error
  No dbt_project.yml found at expected path C:\Users\shahr\OneDrive\Desktop\grant\src\dbt_transform\dbt_project.yml
  Verify that each entry within packages.yml (and their transitive dependencies) contains a file named dbt_project.yml
  
[0m07:05:05.472598 [debug] [MainThread]: Command `dbt build` failed at 07:05:05.472598 after 0.19 seconds
[0m07:05:05.473596 [debug] [MainThread]: Sending event: {'category': 'dbt', 'action': 'invocation', 'label': 'end', 'context': [<snowplow_tracker.self_describing_json.SelfDescribingJson object at 0x000001F1E02120C0>, <snowplow_tracker.self_describing_json.SelfDescribingJson object at 0x000001F1E420F080>, <snowplow_tracker.self_describing_json.SelfDescribingJson object at 0x000001F1E1B3A570>]}
[0m07:05:05.473596 [debug] [MainThread]: Flushing usage events
[0m07:05:05.654357 [debug] [MainThread]: An error was encountered while trying to flush usage events
[0m09:13:37.079998 [debug] [MainThread]: Sending event: {'category': 'dbt', 'action': 'invocation', 'label': 'start', 'context': [<snowplow_tracker.self_describing_json.SelfDescribingJson object at 0x00000209B3ABB2F0>, <snowplow_tracker.self_describing_json.SelfDescribingJson object at 0x00000209B1D49B20>, <snowplow_tracker.self_describing_json.SelfDescribingJson object at 0x00000209B1C54290>]}


============================== 09:13:37.087201 | c08401b8-82d9-405c-9f62-4727c98fccd7 ==============================
[0m09:13:37.087201 [info ] [MainThread]: Running with dbt=1.12.0
[0m09:13:37.088248 [debug] [MainThread]: running dbt with arguments {'version_check': 'True', 'no_print': 'None', 'maximum_seed_size_mib': '1', 'target_path': 'None', 'warn_error_options': 'WarnErrorOptionsV2(error=[], warn=[], silence=[])', 'static_parser': 'True', 'printer_width': '80', 'write_json': 'True', 'empty': 'None', 'log_cache_events': 'False', 'introspect': 'True', 'cache_selected_only': 'False', 'log_format': 'default', 'debug': 'False', 'fail_fast': 'False', 'partial_parse': 'True', 'send_anonymous_usage_stats': 'True', 'quiet': 'False', 'warn_error': 'None', 'profiles_dir': 'C:\\Users\\shahr\\.dbt', 'use_colors': 'True', 'hints_enabled': 'True', 'invocation_command': 'dbt test', 'use_experimental_parser': 'False', 'indirect_selection': 'eager', 'log_path': 'logs'}
[0m09:13:37.088248 [error] [MainThread]: [[31mERROR[0m]: Encountered an error:
Runtime Error
  No dbt_project.yml found at expected path C:\Users\shahr\OneDrive\Desktop\grant\src\dbt_transform\dbt_project.yml
  Verify that each entry within packages.yml (and their transitive dependencies) contains a file named dbt_project.yml
  
[0m09:13:37.089253 [debug] [MainThread]: Command `dbt test` failed at 09:13:37.089253 after 0.22 seconds
[0m09:13:37.089253 [debug] [MainThread]: Sending event: {'category': 'dbt', 'action': 'invocation', 'label': 'end', 'context': [<snowplow_tracker.self_describing_json.SelfDescribingJson object at 0x00000209B195A4B0>, <snowplow_tracker.self_describing_json.SelfDescribingJson object at 0x00000209B1D49B20>, <snowplow_tracker.self_describing_json.SelfDescribingJson object at 0x00000209B13DD6A0>]}
[0m09:13:37.090241 [debug] [MainThread]: Flushing usage events
[0m09:13:37.442735 [debug] [MainThread]: An error was encountered while trying to flush usage events
