{"timestamp":"2026-08-31T14:59:55.758862Z","level":"info","event":"::group::Pre Execute","logger":"task","filename":"task_runner.py","lineno":2412}
{"timestamp":"2026-08-31T14:59:55.781218Z","level":"info","event":"DAG bundles loaded: dags-folder","map_index":-1,"run_id":"scheduled__2026-08-31T07:00:00+00:00","task_id":"ingest_cdc","ti_id":"01a05855-888f-78e5-a0f5-62be7e6762a6","dag_id":"orchestrate","try_number":1,"logger":"airflow.dag_processing.bundles.manager.DagBundlesManager","filename":"manager.py","lineno":304}
{"timestamp":"2026-08-31T14:59:55.783588Z","level":"info","event":"Filling up the DagBag from /opt/airflow/dags/orchestrate.py","map_index":-1,"run_id":"scheduled__2026-08-31T07:00:00+00:00","task_id":"ingest_cdc","ti_id":"01a05855-888f-78e5-a0f5-62be7e6762a6","dag_id":"orchestrate","try_number":1,"logger":"airflow.dag_processing.dagbag.BundleDagBag","filename":"dagbag.py","lineno":460}
{"timestamp":"2026-08-31T14:59:56.628200Z","level":"warning","event":"urllib3 (2.7.0) or chardet (6.0.0.post1)/charset_normalizer (3.4.7) doesn't match a supported version!","category":"UserWarning","filename":"/home/airflow/.local/lib/python3.13/site-packages/snowflake/connector/vendored/requests/__init__.py","lineno":113,"map_index":-1,"run_id":"scheduled__2026-08-31T07:00:00+00:00","task_id":"ingest_cdc","ti_id":"01a05855-888f-78e5-a0f5-62be7e6762a6","dag_id":"orchestrate","try_number":1,"logger":"py.warnings"}
{"timestamp":"2026-08-31T14:59:56.629790Z","level":"info","event":"Worker startup parse complete","bundle_name":"dags-folder","bundle_version":null,"dag_file":"orchestrate.py","dag_id":"orchestrate","bundle_prepare_ms":2,"dag_file_parse_ms":846,"map_index":-1,"run_id":"scheduled__2026-08-31T07:00:00+00:00","task_id":"ingest_cdc","ti_id":"01a05855-888f-78e5-a0f5-62be7e6762a6","try_number":1,"logger":"task","filename":"task_runner.py","lineno":1073}
{"timestamp":"2026-08-31T14:59:56.648460Z","level":"info","event":"::endgroup::","map_index":-1,"run_id":"scheduled__2026-08-31T07:00:00+00:00","task_id":"ingest_cdc","ti_id":"01a05855-888f-78e5-a0f5-62be7e6762a6","dag_id":"orchestrate","try_number":1,"logger":"task","filename":"task_runner.py","lineno":2232}
{"timestamp":"2026-08-31T14:59:56.848744Z","level":"info","event":"Status: 200","logger":"task.stdout"}
{"timestamp":"2026-08-31T14:59:56.850555Z","level":"info","event":"Opportunities posted since 2026-08-30: 6","logger":"task.stdout"}
{"timestamp":"2026-08-31T14:59:56.852090Z","level":"info","event":"","logger":"task.stdout"}
{"timestamp":"2026-08-31T14:59:56.853923Z","level":"info","event":"================================================================================","logger":"task.stdout"}
{"timestamp":"2026-08-31T14:59:56.856295Z","level":"info","event":"OPPORTUNITY 1 of 6","logger":"task.stdout"}
{"timestamp":"2026-08-31T14:59:56.858166Z","level":"info","event":"================================================================================","logger":"task.stdout"}
{"timestamp":"2026-08-31T14:59:56.859970Z","level":"info","event":"{","logger":"task.stdout"}
{"timestamp":"2026-08-31T14:59:56.861785Z","level":"info","event":"  \"agency\": \"DOS-SAU\",","logger":"task.stdout"}
{"timestamp":"2026-08-31T14:59:56.863332Z","level":"info","event":"  \"agency_code\": \"DOS-SAU\",","logger":"task.stdout"}
{"timestamp":"2026-08-31T14:59:56.864746Z","level":"info","event":"  \"agency_name\": \"U.S. Mission to Saudi Arabia\",","logger":"task.stdout"}
{"timestamp":"2026-08-31T14:59:56.865919Z","level":"info","event":"  \"category\": \"discretionary\",","logger":"task.stdout"}
{"timestamp":"2026-08-31T14:59:56.866800Z","level":"info","event":"  \"category_explanation\": null,","logger":"task.stdout"}
{"timestamp":"2026-08-31T14:59:56.867697Z","level":"info","event":"  \"legacy_opportunity_id\": 363746,","logger":"task.stdout"}
{"timestamp":"2026-08-31T14:59:56.868462Z","level":"info","event":"  \"opportunity_assistance_listings\": [","logger":"task.stdout"}
{"timestamp":"2026-08-31T14:59:56.869829Z","level":"info","event":"    {","logger":"task.stdout"}
{"timestamp":"2026-08-31T14:59:56.870767Z","level":"info","event":"      \"assistance_listing_number\": \"19.040\",","logger":"task.stdout"}
{"timestamp":"2026-08-31T14:59:56.871637Z","level":"info","event":"      \"program_title\": \"Public Diplomacy Programs\"","logger":"task.stdout"}
{"timestamp":"2026-08-31T14:59:56.873029Z","level":"info","event":"    }","logger":"task.stdout"}
{"timestamp":"2026-08-31T14:59:56.874014Z","level":"info","event":"  ],","logger":"task.stdout"}
{"timestamp":"2026-08-31T14:59:56.874887Z","level":"info","event":"  \"opportunity_id\": \"bc37c884-aa28-48cc-9863-cf02d2c6046b\",","logger":"task.stdout"}
{"timestamp":"2026-08-31T14:59:56.875924Z","level":"info","event":"  \"opportunity_number\": \"DOS-SAU-2606-PD\",","logger":"task.stdout"}
{"timestamp":"2026-08-31T14:59:56.877061Z","level":"info","event":"  \"opportunity_status\": \"posted\",","logger":"task.stdout"}
{"timestamp":"2026-08-31T14:59:56.878173Z","level":"info","event":"  \"opportunity_title\": \"MENA Freedom 250 NFL Flag Football Launch and Championship\",","logger":"task.stdout"}
{"timestamp":"2026-08-31T14:59:56.879130Z","level":"info","event":"  \"purpose_statement\": null,","logger":"task.stdout"}
{"timestamp":"2026-08-31T14:59:56.880121Z","level":"info","event":"  \"summary\": {","logger":"task.stdout"}
{"timestamp":"2026-08-31T14:59:56.881136Z","level":"info","event":"    \"additional_info_url\": null,","logger":"task.stdout"}
{"timestamp":"2026-08-31T14:59:56.882077Z","level":"info","event":"    \"additional_info_url_description\": null,","logger":"task.stdout"}
{"timestamp":"2026-08-31T14:59:56.883127Z","level":"info","event":"    \"agency_contact_description\": \"Public Diplomacy Section\\r\\nU.S. Embassy, Riyadh\\r\\nPhone 00966118354000\",","logger":"task.stdout"}
{"timestamp":"2026-08-31T14:59:56.884248Z","level":"info","event":"    \"agency_email_address\": \"RiyadhGrants@state.gov\",","logger":"task.stdout"}
{"timestamp":"2026-08-31T14:59:56.885271Z","level":"info","event":"    \"agency_email_address_description\": \"For inquiries\",","logger":"task.stdout"}
{"timestamp":"2026-08-31T14:59:56.886762Z","level":"info","event":"    \"applicant_eligibility_description\": \"\\u2022\\tNot-for-profit organizations, including sports diplomacy implementers, cultural exchange organizations, and civil society/NGOs with demonstrated experience in international sports programming\\r\\n\\u2022\\tPublic and private educational institutions with athletics or exchange programming capacity\\r\\n\\u2022\\tPublic international organizations and governmental institutions with relevant sports programming experience\\r\\n\\u2022\\tFor-profit entities are not eligible to apply as prime recipients but may be engaged as in-kind partners under the Recipient's award.\",","logger":"task.stdout"}
{"timestamp":"2026-08-31T14:59:56.888008Z","level":"info","event":"    \"applicant_types\": [","logger":"task.stdout"}
{"timestamp":"2026-08-31T14:59:56.889212Z","level":"info","event":"      \"other\"","logger":"task.stdout"}
{"timestamp":"2026-08-31T14:59:56.890510Z","level":"info","event":"    ],","logger":"task.stdout"}
{"timestamp":"2026-08-31T14:59:56.891773Z","level":"info","event":"    \"archive_date\": \"2026-10-14\",","logger":"task.stdout"}
{"timestamp":"2026-08-31T14:59:56.893086Z","level":"info","event":"    \"award_ceiling\": 150000,","logger":"task.stdout"}
{"timestamp":"2026-08-31T14:59:56.894314Z","level":"info","event":"    \"award_floor\": 100000,","logger":"task.stdout"}
{"timestamp":"2026-08-31T14:59:56.895437Z","level":"info","event":"    \"close_date\": \"2026-09-14\",","logger":"task.stdout"}
{"timestamp":"2026-08-31T14:59:56.896811Z","level":"info","event":"    \"close_date_description\": \"\",","logger":"task.stdout"}
{"timestamp":"2026-08-31T14:59:56.897759Z","level":"info","event":"    \"created_at\": \"2026-08-31T13:08:16+00:00\",","logger":"task.stdout"}
{"timestamp":"2026-08-31T14:59:56.898882Z","level":"info","event":"    \"estimated_total_program_funding\": 150000,","logger":"task.stdout"}
{"timestamp":"2026-08-31T14:59:56.900681Z","level":"info","event":"    \"expected_number_of_awards\": 1,","logger":"task.stdout"}
{"timestamp":"2026-08-31T14:59:56.902210Z","level":"info","event":"    \"fiscal_year\": null,","logger":"task.stdout"}
{"timestamp":"2026-08-31T14:59:56.903365Z","level":"info","event":"    \"forecasted_award_date\": null,","logger":"task.stdout"}
{"timestamp":"2026-08-31T14:59:56.904403Z","level":"info","event":"    \"forecasted_close_date\": null,","logger":"task.stdout"}
{"timestamp":"2026-08-31T14:59:56.905488Z","level":"info","event":"    \"forecasted_close_date_description\": null,","logger":"task.stdout"}
{"timestamp":"2026-08-31T14:59:56.906563Z","level":"info","event":"    \"forecasted_post_date\": null,","logger":"task.stdout"}
{"timestamp":"2026-08-31T14:59:56.907640Z","level":"info","event":"    \"forecasted_project_start_date\": null,","logger":"task.stdout"}
{"timestamp":"2026-08-31T14:59:56.908636Z","level":"info","event":"    \"funding_categories\": [","logger":"task.stdout"}
{"timestamp":"2026-08-31T14:59:56.909650Z","level":"info","event":"      \"other\"","logger":"task.stdout"}
{"timestamp":"2026-08-31T14:59:56.910738Z","level":"info","event":"    ],","logger":"task.stdout"}
{"timestamp":"2026-08-31T14:59:56.912092Z","level":"info","event":"    \"funding_category_description\": \"Public Diplomacy\",","logger":"task.stdout"}
{"timestamp":"2026-08-31T14:59:56.913215Z","level":"info","event":"    \"funding_instruments\": [","logger":"task.stdout"}
{"timestamp":"2026-08-31T14:59:56.914798Z","level":"info","event":"      \"cooperative_agreement\"","logger":"task.stdout"}
{"timestamp":"2026-08-31T14:59:56.915736Z","level":"info","event":"    ],","logger":"task.stdout"}
{"timestamp":"2026-08-31T14:59:56.916794Z","level":"info","event":"    \"is_cost_sharing\": false,","logger":"task.stdout"}
{"timestamp":"2026-08-31T14:59:56.917947Z","level":"info","event":"    \"is_forecast\": false,","logger":"task.stdout"}
{"timestamp":"2026-08-31T14:59:56.919037Z","level":"info","event":"    \"post_date\": \"2026-08-31\",","logger":"task.stdout"}
{"timestamp":"2026-08-31T14:59:56.920105Z","level":"info","event":"    \"summary_description\": \"<p>Under the U.S. Department of State\\u2013NFL Sports Diplomacy Partnership, the U.S. Mission to Saudi Arabia announces an open competition to implement the \\\"MENA Freedom 250\\\" NFL Flag Football Launch and Championship, culminating in a March 2027 regional championship event in Riyadh. This 12-month program will establish a foundational development pipeline for MENA flag football athletes inspired by the sport's upcoming debut at the LA28 Summer Games, support participating countries in organizing national outreach events and youth programs, and leverage iconic American cultural exports to advance U.S. influence, economic interests, and sport-governance leadership.&nbsp;</p>\",","logger":"task.stdout"}
{"timestamp":"2026-08-31T14:59:56.921228Z","level":"info","event":"    \"updated_at\": \"2026-08-31T13:08:16+00:00\",","logger":"task.stdout"}
{"timestamp":"2026-08-31T14:59:56.922620Z","level":"info","event":"    \"version_number\": 1","logger":"task.stdout"}
{"timestamp":"2026-08-31T14:59:56.924492Z","level":"info","event":"  },","logger":"task.stdout"}
{"timestamp":"2026-08-31T14:59:56.925701Z","level":"info","event":"  \"tagline\": null,","logger":"task.stdout"}
{"timestamp":"2026-08-31T14:59:56.927039Z","level":"info","event":"  \"top_level_agency_code\": \"DOS\",","logger":"task.stdout"}
{"timestamp":"2026-08-31T14:59:56.928068Z","level":"info","event":"  \"top_level_agency_name\": \"Department of State\"","logger":"task.stdout"}
{"timestamp":"2026-08-31T14:59:56.929135Z","level":"info","event":"}","logger":"task.stdout"}
{"timestamp":"2026-08-31T14:59:56.930242Z","level":"info","event":"","logger":"task.stdout"}
{"timestamp":"2026-08-31T14:59:56.931146Z","level":"info","event":"================================================================================","logger":"task.stdout"}
{"timestamp":"2026-08-31T14:59:56.932267Z","level":"info","event":"OPPORTUNITY 2 of 6","logger":"task.stdout"}
{"timestamp":"2026-08-31T14:59:56.933308Z","level":"info","event":"================================================================================","logger":"task.stdout"}
{"timestamp":"2026-08-31T14:59:56.934354Z","level":"info","event":"{","logger":"task.stdout"}
{"timestamp":"2026-08-31T14:59:56.935410Z","level":"info","event":"  \"agency\": \"DOD-AFOSR\",","logger":"task.stdout"}
{"timestamp":"2026-08-31T14:59:56.936409Z","level":"info","event":"  \"agency_code\": \"DOD-AFOSR\",","logger":"task.stdout"}
{"timestamp":"2026-08-31T14:59:56.937754Z","level":"info","event":"  \"agency_name\": \"Air Force Office of Scientific Research\",","logger":"task.stdout"}
{"timestamp":"2026-08-31T14:59:56.938803Z","level":"info","event":"  \"category\": \"discretionary\",","logger":"task.stdout"}
{"timestamp":"2026-08-31T14:59:56.939751Z","level":"info","event":"  \"category_explanation\": null,","logger":"task.stdout"}
{"timestamp":"2026-08-31T14:59:56.941338Z","level":"info","event":"  \"legacy_opportunity_id\": 363745,","logger":"task.stdout"}
{"timestamp":"2026-08-31T14:59:56.942957Z","level":"info","event":"  \"opportunity_assistance_listings\": [","logger":"task.stdout"}
{"timestamp":"2026-08-31T14:59:56.944846Z","level":"info","event":"    {","logger":"task.stdout"}
{"timestamp":"2026-08-31T14:59:56.946461Z","level":"info","event":"      \"assistance_listing_number\": \"12.800\",","logger":"task.stdout"}
{"timestamp":"2026-08-31T14:59:56.948208Z","level":"info","event":"      \"program_title\": \"Air Force Defense Research Sciences Program\"","logger":"task.stdout"}
{"timestamp":"2026-08-31T14:59:56.952171Z","level":"info","event":"    }","logger":"task.stdout"}
{"timestamp":"2026-08-31T14:59:56.954145Z","level":"info","event":"  ],","logger":"task.stdout"}
{"timestamp":"2026-08-31T14:59:56.955973Z","level":"info","event":"  \"opportunity_id\": \"b7fddbe0-486a-4d82-bfa3-14fb0f0b0527\",","logger":"task.stdout"}
{"timestamp":"2026-08-31T14:59:56.958149Z","level":"info","event":"  \"opportunity_number\": \"FA955026S0002\",","logger":"task.stdout"}
{"timestamp":"2026-08-31T14:59:56.960000Z","level":"info","event":"  \"opportunity_status\": \"posted\",","logger":"task.stdout"}
{"timestamp":"2026-08-31T14:59:56.961773Z","level":"info","event":"  \"opportunity_title\": \"Air Force Basic Research Sciences Conference and Workshop Support\",","logger":"task.stdout"}
{"timestamp":"2026-08-31T14:59:56.963613Z","level":"info","event":"  \"purpose_statement\": null,","logger":"task.stdout"}
{"timestamp":"2026-08-31T14:59:56.965653Z","level":"info","event":"  \"summary\": {","logger":"task.stdout"}
{"timestamp":"2026-08-31T14:59:56.967500Z","level":"info","event":"    \"additional_info_url\": null,","logger":"task.stdout"}
{"timestamp":"2026-08-31T14:59:56.969241Z","level":"info","event":"    \"additional_info_url_description\": null,","logger":"task.stdout"}
{"timestamp":"2026-08-31T14:59:56.971212Z","level":"info","event":"    \"agency_contact_description\": \"Jennifer Brown\",","logger":"task.stdout"}
{"timestamp":"2026-08-31T14:59:56.972819Z","level":"info","event":"    \"agency_email_address\": \"afosr.baa@us.af.mil\",","logger":"task.stdout"}
{"timestamp":"2026-08-31T14:59:56.974214Z","level":"info","event":"    \"agency_email_address_description\": \"BAA Email\",","logger":"task.stdout"}
{"timestamp":"2026-08-31T14:59:56.975895Z","level":"info","event":"    \"applicant_eligibility_description\": \"Only some organizations are eligible to submit proposals for conference or workshop support. We can consider conference or workshop funding requests from U.S. institutions of higher education (IHE) or nonprofit organizations, including foreign public entities and foreign organizations operated primarily for scientific, educational, service, charitable, or similar purposes in the public interest.\",","logger":"task.stdout"}
{"timestamp":"2026-08-31T14:59:56.977699Z","level":"info","event":"    \"applicant_types\": [","logger":"task.stdout"}
{"timestamp":"2026-08-31T14:59:56.979696Z","level":"info","event":"      \"public_and_state_institutions_of_higher_education\",","logger":"task.stdout"}
{"timestamp":"2026-08-31T14:59:56.981260Z","level":"info","event":"      \"nonprofits_non_higher_education_with_501c3\",","logger":"task.stdout"}
{"timestamp":"2026-08-31T14:59:56.982781Z","level":"info","event":"      \"other\",","logger":"task.stdout"}
{"timestamp":"2026-08-31T14:59:56.984132Z","level":"info","event":"      \"private_institutions_of_higher_education\",","logger":"task.stdout"}
{"timestamp":"2026-08-31T14:59:56.985842Z","level":"info","event":"      \"nonprofits_non_higher_education_without_501c3\"","logger":"task.stdout"}
{"timestamp":"2026-08-31T14:59:56.986826Z","level":"info","event":"    ],","logger":"task.stdout"}
{"timestamp":"2026-08-31T14:59:56.987716Z","level":"info","event":"    \"archive_date\": \"2029-09-30\",","logger":"task.stdout"}
{"timestamp":"2026-08-31T14:59:56.988874Z","level":"info","event":"    \"award_ceiling\": 2000000,","logger":"task.stdout"}
{"timestamp":"2026-08-31T14:59:56.989971Z","level":"info","event":"    \"award_floor\": 1,","logger":"task.stdout"}
{"timestamp":"2026-08-31T14:59:56.991507Z","level":"info","event":"    \"close_date\": \"2029-08-31\",","logger":"task.stdout"}
{"timestamp":"2026-08-31T14:59:56.992990Z","level":"info","event":"    \"close_date_description\": \"\",","logger":"task.stdout"}
{"timestamp":"2026-08-31T14:59:56.994512Z","level":"info","event":"    \"created_at\": \"2026-08-31T13:09:11+00:00\",","logger":"task.stdout"}
{"timestamp":"2026-08-31T14:59:56.995961Z","level":"info","event":"    \"estimated_total_program_funding\": null,","logger":"task.stdout"}
{"timestamp":"2026-08-31T14:59:56.997385Z","level":"info","event":"    \"expected_number_of_awards\": 500,","logger":"task.stdout"}
{"timestamp":"2026-08-31T14:59:56.998579Z","level":"info","event":"    \"fiscal_year\": null,","logger":"task.stdout"}
{"timestamp":"2026-08-31T14:59:56.999678Z","level":"info","event":"    \"forecasted_award_date\": null,","logger":"task.stdout"}
{"timestamp":"2026-08-31T14:59:57.000682Z","level":"info","event":"    \"forecasted_close_date\": null,","logger":"task.stdout"}
{"timestamp":"2026-08-31T14:59:57.001554Z","level":"info","event":"    \"forecasted_close_date_description\": null,","logger":"task.stdout"}
{"timestamp":"2026-08-31T14:59:57.002612Z","level":"info","event":"    \"forecasted_post_date\": null,","logger":"task.stdout"}
{"timestamp":"2026-08-31T14:59:57.003742Z","level":"info","event":"    \"forecasted_project_start_date\": null,","logger":"task.stdout"}
{"timestamp":"2026-08-31T14:59:57.004798Z","level":"info","event":"    \"funding_categories\": [","logger":"task.stdout"}
{"timestamp":"2026-08-31T14:59:57.005656Z","level":"info","event":"      \"science_technology_and_other_research_and_development\"","logger":"task.stdout"}
{"timestamp":"2026-08-31T14:59:57.006627Z","level":"info","event":"    ],","logger":"task.stdout"}
{"timestamp":"2026-08-31T14:59:57.007538Z","level":"info","event":"    \"funding_category_description\": null,","logger":"task.stdout"}
{"timestamp":"2026-08-31T14:59:57.008403Z","level":"info","event":"    \"funding_instruments\": [","logger":"task.stdout"}
{"timestamp":"2026-08-31T14:59:57.009327Z","level":"info","event":"      \"cooperative_agreement\",","logger":"task.stdout"}
{"timestamp":"2026-08-31T14:59:57.010293Z","level":"info","event":"      \"grant\"","logger":"task.stdout"}
{"timestamp":"2026-08-31T14:59:57.011163Z","level":"info","event":"    ],","logger":"task.stdout"}
{"timestamp":"2026-08-31T14:59:57.011995Z","level":"info","event":"    \"is_cost_sharing\": false,","logger":"task.stdout"}
{"timestamp":"2026-08-31T14:59:57.012769Z","level":"info","event":"    \"is_forecast\": false,","logger":"task.stdout"}
{"timestamp":"2026-08-31T14:59:57.013531Z","level":"info","event":"    \"post_date\": \"2026-08-31\",","logger":"task.stdout"}
{"timestamp":"2026-08-31T14:59:57.014339Z","level":"info","event":"    \"summary_description\": \"<p>The Air Force Office of Scientific Research manages the basic research investment for the Department of the Air Force. Conferences and workshops constitute key forums for research and technology interchange. We provide partial support for conferences and workshops as defined in the DoW Joint Travel Regulations in special areas of science that bring experts together to discuss recent research or educational findings, or to expose other researchers or advanced graduate students to new research and educational techniques in our areas of research interest. Our research interests are described in the most recent version of our general Broad Agency Announcement titled, \\u201cResearch Interests of the Air Force Office of Scientific Research\\u201d posted on Grants.gov.</p><p><br></p><p>We can only consider funding requests from U.S. institutions of higher education (IHE) or nonprofit organizations as described in 2 CFR 200.1, including foreign public entities and foreign organizations operated primarily for scientific, educational, service, charitable, or similar purposes in the public interest. We do not award grants to organizations with a for-profit organization type.</p><p><br></p><p>Our support for a workshop or conference is not an endorsement of any organization.</p>\",","logger":"task.stdout"}
{"timestamp":"2026-08-31T14:59:57.015238Z","level":"info","event":"    \"updated_at\": \"2026-08-31T13:32:36+00:00\",","logger":"task.stdout"}
{"timestamp":"2026-08-31T14:59:57.016048Z","level":"info","event":"    \"version_number\": 2","logger":"task.stdout"}
{"timestamp":"2026-08-31T14:59:57.016912Z","level":"info","event":"  },","logger":"task.stdout"}
{"timestamp":"2026-08-31T14:59:57.017793Z","level":"info","event":"  \"tagline\": null,","logger":"task.stdout"}
{"timestamp":"2026-08-31T14:59:57.018745Z","level":"info","event":"  \"top_level_agency_code\": \"DOD\",","logger":"task.stdout"}
{"timestamp":"2026-08-31T14:59:57.019812Z","level":"info","event":"  \"top_level_agency_name\": \"Department of Defense\"","logger":"task.stdout"}
{"timestamp":"2026-08-31T14:59:57.021058Z","level":"info","event":"}","logger":"task.stdout"}
{"timestamp":"2026-08-31T14:59:57.022240Z","level":"info","event":"","logger":"task.stdout"}
{"timestamp":"2026-08-31T14:59:57.023387Z","level":"info","event":"================================================================================","logger":"task.stdout"}
{"timestamp":"2026-08-31T14:59:57.024494Z","level":"info","event":"OPPORTUNITY 3 of 6","logger":"task.stdout"}
{"timestamp":"2026-08-31T14:59:57.025547Z","level":"info","event":"================================================================================","logger":"task.stdout"}
{"timestamp":"2026-08-31T14:59:57.026972Z","level":"info","event":"{","logger":"task.stdout"}
{"timestamp":"2026-08-31T14:59:57.028002Z","level":"info","event":"  \"agency\": \"HHS-NIH11\",","logger":"task.stdout"}
{"timestamp":"2026-08-31T14:59:57.028804Z","level":"info","event":"  \"agency_code\": \"HHS-NIH11\",","logger":"task.stdout"}
{"timestamp":"2026-08-31T14:59:57.029592Z","level":"info","event":"  \"agency_name\": \"National Institutes of Health\",","logger":"task.stdout"}
{"timestamp":"2026-08-31T14:59:57.030432Z","level":"info","event":"  \"category\": \"discretionary\",","logger":"task.stdout"}
{"timestamp":"2026-08-31T14:59:57.031273Z","level":"info","event":"  \"category_explanation\": null,","logger":"task.stdout"}
{"timestamp":"2026-08-31T14:59:57.032117Z","level":"info","event":"  \"legacy_opportunity_id\": 360606,","logger":"task.stdout"}
{"timestamp":"2026-08-31T14:59:57.032827Z","level":"info","event":"  \"opportunity_assistance_listings\": [","logger":"task.stdout"}
{"timestamp":"2026-08-31T14:59:57.033524Z","level":"info","event":"    {","logger":"task.stdout"}
{"timestamp":"2026-08-31T14:59:57.034192Z","level":"info","event":"      \"assistance_listing_number\": \"93.395\",","logger":"task.stdout"}
{"timestamp":"2026-08-31T14:59:57.035060Z","level":"info","event":"      \"program_title\": \"Cancer Treatment Research\"","logger":"task.stdout"}
{"timestamp":"2026-08-31T14:59:57.035932Z","level":"info","event":"    },","logger":"task.stdout"}
{"timestamp":"2026-08-31T14:59:57.036868Z","level":"info","event":"    {","logger":"task.stdout"}
{"timestamp":"2026-08-31T14:59:57.037847Z","level":"info","event":"      \"assistance_listing_number\": \"93.394\",","logger":"task.stdout"}
{"timestamp":"2026-08-31T14:59:56.857670Z","level":"info","event":"Request URL: 'https://grantproject.dfs.core.windows.net/bronze/grants_gov/ingest_date%3D2026-08-31/opportunities.json?resource=REDACTED'\nRequest method: 'PUT'\nRequest headers:\n    'x-ms-version': 'REDACTED'\n    'Accept': 'application/json'\n    'User-Agent': 'azsdk-python-storage-dfs/12.25.0 Python/3.13.14 (Linux-6.18.33.2-microsoft-standard-WSL2-x86_64-with-glibc2.36)'\n    'x-ms-date': 'REDACTED'\n    'x-ms-client-request-id': 'a15da94a-a54c-11f1-9f20-ce45cfbe13d6'\n    'Authorization': 'REDACTED'\nNo body was attached to the request","logger":"azure.core.pipeline.policies.http_logging_policy","map_index":-1,"run_id":"scheduled__2026-08-31T07:00:00+00:00","task_id":"ingest_cdc","ti_id":"01a05855-888f-78e5-a0f5-62be7e6762a6","dag_id":"orchestrate","try_number":1,"filename":"_universal.py","lineno":535}
{"timestamp":"2026-08-31T14:59:57.026982Z","level":"info","event":"Response status: 201\nResponse headers:\n    'Last-Modified': 'Mon, 31 Aug 2026 14:59:57 GMT'\n    'ETag': '\"0x8DF077085B25FC4\"'\n    'Server': 'Windows-Azure-HDFS/1.0 Microsoft-HTTPAPI/2.0'\n    'x-ms-request-server-encrypted': 'REDACTED'\n    'x-ms-request-id': 'bdf5ff3e-401f-00d2-7c59-398e62000000'\n    'x-ms-version': 'REDACTED'\n    'x-ms-client-request-id': 'a15da94a-a54c-11f1-9f20-ce45cfbe13d6'\n    'Date': 'Mon, 31 Aug 2026 14:59:56 GMT'\n    'Content-Length': '0'","logger":"azure.core.pipeline.policies.http_logging_policy","map_index":-1,"run_id":"scheduled__2026-08-31T07:00:00+00:00","task_id":"ingest_cdc","ti_id":"01a05855-888f-78e5-a0f5-62be7e6762a6","dag_id":"orchestrate","try_number":1,"filename":"_universal.py","lineno":581}
{"timestamp":"2026-08-31T14:59:57.028314Z","level":"info","event":"Request URL: 'https://grantproject.dfs.core.windows.net/bronze/grants_gov/ingest_date%3D2026-08-31/opportunities.json?action=REDACTED&position=REDACTED'\nRequest method: 'PATCH'\nRequest headers:\n    'Content-Length': '28314'\n    'x-ms-version': 'REDACTED'\n    'Content-Type': 'application/json'\n    'Accept': 'application/json'\n    'User-Agent': 'azsdk-python-storage-dfs/12.25.0 Python/3.13.14 (Linux-6.18.33.2-microsoft-standard-WSL2-x86_64-with-glibc2.36)'\n    'x-ms-date': 'REDACTED'\n    'x-ms-client-request-id': 'a177db6c-a54c-11f1-9f20-ce45cfbe13d6'\n    'Authorization': 'REDACTED'\nA body is sent with the request","logger":"azure.core.pipeline.policies.http_logging_policy","map_index":-1,"run_id":"scheduled__2026-08-31T07:00:00+00:00","task_id":"ingest_cdc","ti_id":"01a05855-888f-78e5-a0f5-62be7e6762a6","dag_id":"orchestrate","try_number":1,"filename":"_universal.py","lineno":532}
{"timestamp":"2026-08-31T14:59:57.041735Z","level":"info","event":"      \"program_title\": \"Cancer Detection and Diagnosis Research\"","logger":"task.stdout"}
{"timestamp":"2026-08-31T14:59:57.042431Z","level":"info","event":"    }","logger":"task.stdout"}
{"timestamp":"2026-08-31T14:59:57.043286Z","level":"info","event":"  ],","logger":"task.stdout"}
{"timestamp":"2026-08-31T14:59:57.044005Z","level":"info","event":"  \"opportunity_id\": \"de7f0a72-0ef8-4c9c-894b-1fc92c9d1097\",","logger":"task.stdout"}
{"timestamp":"2026-08-31T14:59:57.044840Z","level":"info","event":"  \"opportunity_number\": \"RFA-CA-27-005\",","logger":"task.stdout"}
{"timestamp":"2026-08-31T14:59:57.045818Z","level":"info","event":"  \"opportunity_status\": \"posted\",","logger":"task.stdout"}
{"timestamp":"2026-08-31T14:59:57.046787Z","level":"info","event":"  \"opportunity_title\": \"Glioblastoma Therapeutics Network (GTN) (U19 Clinical Trial Required)\",","logger":"task.stdout"}
{"timestamp":"2026-08-31T14:59:57.047743Z","level":"info","event":"  \"purpose_statement\": null,","logger":"task.stdout"}
{"timestamp":"2026-08-31T14:59:57.048731Z","level":"info","event":"  \"summary\": {","logger":"task.stdout"}
{"timestamp":"2026-08-31T14:59:57.049750Z","level":"info","event":"    \"additional_info_url\": null,","logger":"task.stdout"}
{"timestamp":"2026-08-31T14:59:57.050864Z","level":"info","event":"    \"additional_info_url_description\": null,","logger":"task.stdout"}
{"timestamp":"2026-08-31T14:59:57.051952Z","level":"info","event":"    \"agency_contact_description\": \"NCI GTN Program National Cancer Institute (NCI)\\nGTN-contacts@nih.gov\",","logger":"task.stdout"}
{"timestamp":"2026-08-31T14:59:57.053176Z","level":"info","event":"    \"agency_email_address\": \"GTN-contacts@nih.gov\",","logger":"task.stdout"}
{"timestamp":"2026-08-31T14:59:57.054184Z","level":"info","event":"    \"agency_email_address_description\": \"National Cancer Institute (NCI)\",","logger":"task.stdout"}
{"timestamp":"2026-08-31T14:59:57.055567Z","level":"info","event":"    \"applicant_eligibility_description\": \"Refer to Section III. Eligibility Information in the NOFO for additional information on eligibility.Foreign Organizations/International Collaborations:Non-domestic (non-U.S.) Entities (Foreign Organization) are not eligible to apply.Non-domestic (non-U.S.) components of U.S. Organizations are not eligible to apply.Foreign components, as defined in the NIH Grants Policy Statement, are not allowed.\",","logger":"task.stdout"}
{"timestamp":"2026-08-31T14:59:57.056943Z","level":"info","event":"    \"applicant_types\": [","logger":"task.stdout"}
{"timestamp":"2026-08-31T14:59:57.058285Z","level":"info","event":"      \"other_native_american_tribal_organizations\",","logger":"task.stdout"}
{"timestamp":"2026-08-31T14:59:57.059437Z","level":"info","event":"      \"public_and_indian_housing_authorities\",","logger":"task.stdout"}
{"timestamp":"2026-08-31T14:59:57.060542Z","level":"info","event":"      \"private_institutions_of_higher_education\",","logger":"task.stdout"}
{"timestamp":"2026-08-31T14:59:57.061639Z","level":"info","event":"      \"for_profit_organizations_other_than_small_businesses\",","logger":"task.stdout"}
{"timestamp":"2026-08-31T14:59:57.062761Z","level":"info","event":"      \"other\",","logger":"task.stdout"}
{"timestamp":"2026-08-31T14:59:57.063816Z","level":"info","event":"      \"public_and_state_institutions_of_higher_education\",","logger":"task.stdout"}
{"timestamp":"2026-08-31T14:59:57.064903Z","level":"info","event":"      \"state_governments\",","logger":"task.stdout"}
{"timestamp":"2026-08-31T14:59:57.065969Z","level":"info","event":"      \"nonprofits_non_higher_education_with_501c3\",","logger":"task.stdout"}
{"timestamp":"2026-08-31T14:59:57.067074Z","level":"info","event":"      \"city_or_township_governments\",","logger":"task.stdout"}
{"timestamp":"2026-08-31T14:59:57.068280Z","level":"info","event":"      \"special_district_governments\",","logger":"task.stdout"}
{"timestamp":"2026-08-31T14:59:57.069518Z","level":"info","event":"      \"small_businesses\",","logger":"task.stdout"}
{"timestamp":"2026-08-31T14:59:57.070702Z","level":"info","event":"      \"federally_recognized_native_american_tribal_governments\",","logger":"task.stdout"}
{"timestamp":"2026-08-31T14:59:57.072619Z","level":"info","event":"      \"independent_school_districts\",","logger":"task.stdout"}
{"timestamp":"2026-08-31T14:59:57.074319Z","level":"info","event":"      \"nonprofits_non_higher_education_without_501c3\",","logger":"task.stdout"}
{"timestamp":"2026-08-31T14:59:57.075803Z","level":"info","event":"      \"county_governments\"","logger":"task.stdout"}
{"timestamp":"2026-08-31T14:59:57.077233Z","level":"info","event":"    ],","logger":"task.stdout"}
{"timestamp":"2026-08-31T14:59:57.078519Z","level":"info","event":"    \"archive_date\": \"2026-11-30\",","logger":"task.stdout"}
{"timestamp":"2026-08-31T14:59:57.079898Z","level":"info","event":"    \"award_ceiling\": 700000,","logger":"task.stdout"}
{"timestamp":"2026-08-31T14:59:57.081320Z","level":"info","event":"    \"award_floor\": null,","logger":"task.stdout"}
{"timestamp":"2026-08-31T14:59:57.082775Z","level":"info","event":"    \"close_date\": \"2026-10-01\",","logger":"task.stdout"}
{"timestamp":"2026-08-31T14:59:57.084102Z","level":"info","event":"    \"close_date_description\": null,","logger":"task.stdout"}
{"timestamp":"2026-08-31T14:59:57.085286Z","level":"info","event":"    \"created_at\": \"2026-08-31T13:35:48+00:00\",","logger":"task.stdout"}
{"timestamp":"2026-08-31T14:59:57.086462Z","level":"info","event":"    \"estimated_total_program_funding\": 4400000,","logger":"task.stdout"}
{"timestamp":"2026-08-31T14:59:57.087817Z","level":"info","event":"    \"expected_number_of_awards\": 4,","logger":"task.stdout"}
{"timestamp":"2026-08-31T14:59:57.089073Z","level":"info","event":"    \"fiscal_year\": null,","logger":"task.stdout"}
{"timestamp":"2026-08-31T14:59:57.090284Z","level":"info","event":"    \"forecasted_award_date\": null,","logger":"task.stdout"}
{"timestamp":"2026-08-31T14:59:57.091392Z","level":"info","event":"    \"forecasted_close_date\": null,","logger":"task.stdout"}
{"timestamp":"2026-08-31T14:59:57.092677Z","level":"info","event":"    \"forecasted_close_date_description\": null,","logger":"task.stdout"}
{"timestamp":"2026-08-31T14:59:57.093911Z","level":"info","event":"    \"forecasted_post_date\": null,","logger":"task.stdout"}
{"timestamp":"2026-08-31T14:59:57.095055Z","level":"info","event":"    \"forecasted_project_start_date\": null,","logger":"task.stdout"}
{"timestamp":"2026-08-31T14:59:57.096222Z","level":"info","event":"    \"funding_categories\": [","logger":"task.stdout"}
{"timestamp":"2026-08-31T14:59:57.097438Z","level":"info","event":"      \"health\"","logger":"task.stdout"}
{"timestamp":"2026-08-31T14:59:57.098645Z","level":"info","event":"    ],","logger":"task.stdout"}
{"timestamp":"2026-08-31T14:59:57.099987Z","level":"info","event":"    \"funding_category_description\": null,","logger":"task.stdout"}
{"timestamp":"2026-08-31T14:59:57.101247Z","level":"info","event":"    \"funding_instruments\": [","logger":"task.stdout"}
{"timestamp":"2026-08-31T14:59:57.102735Z","level":"info","event":"      \"cooperative_agreement\"","logger":"task.stdout"}
{"timestamp":"2026-08-31T14:59:57.104114Z","level":"info","event":"    ],","logger":"task.stdout"}
{"timestamp":"2026-08-31T14:59:57.105474Z","level":"info","event":"    \"is_cost_sharing\": false,","logger":"task.stdout"}
{"timestamp":"2026-08-31T14:59:57.106849Z","level":"info","event":"    \"is_forecast\": false,","logger":"task.stdout"}
{"timestamp":"2026-08-31T14:59:57.108098Z","level":"info","event":"    \"post_date\": \"2026-08-31\",","logger":"task.stdout"}
{"timestamp":"2026-08-31T14:59:57.109343Z","level":"info","event":"    \"summary_description\": \"Through this Notice of Funding Opportunity (NOFO), the National Cancer Institute (NCI) solicits applications for research on novel therapies for adult glioblastoma (GBM). The goal is to improve the treatment of adult GBM by developing novel effective agents that can cross the blood brain barrier (BBB) and testing them clinically. Successful early-stage trials of new drugs from this NOFO would transition seamlessly to later stage trials using well-established NCI clinical trial mechanisms.To implement this concept, a highly collaborative GBM Therapeutics Network (GTN) of cross-cutting teams will be established, each team capable of driving therapeutic agent(s) from pre-clinical development, through investigational new drugs (IND) studies, into pilot clinical studies in humans. Appropriate therapeutic agents include: (1) novel agents or (2) agents or combinations approved for other indications and repurposed for treatment of GBM following appropriate preclinical studies. The scope of the NOFO, from late pre-clinical through early (Phase 0/1) clinical studies, uniquely spans a gap in the GBM drug development process.\",","logger":"task.stdout"}
{"timestamp":"2026-08-31T14:59:57.110604Z","level":"info","event":"    \"updated_at\": \"2026-08-31T13:35:48+00:00\",","logger":"task.stdout"}
{"timestamp":"2026-08-31T14:59:57.111932Z","level":"info","event":"    \"version_number\": 1","logger":"task.stdout"}
{"timestamp":"2026-08-31T14:59:57.113213Z","level":"info","event":"  },","logger":"task.stdout"}
{"timestamp":"2026-08-31T14:59:57.114454Z","level":"info","event":"  \"tagline\": null,","logger":"task.stdout"}
{"timestamp":"2026-08-31T14:59:57.115712Z","level":"info","event":"  \"top_level_agency_code\": \"HHS\",","logger":"task.stdout"}
{"timestamp":"2026-08-31T14:59:57.117099Z","level":"info","event":"  \"top_level_agency_name\": \"Department of Health and Human Services\"","logger":"task.stdout"}
{"timestamp":"2026-08-31T14:59:57.118502Z","level":"info","event":"}","logger":"task.stdout"}
{"timestamp":"2026-08-31T14:59:57.120324Z","level":"info","event":"","logger":"task.stdout"}
{"timestamp":"2026-08-31T14:59:57.122051Z","level":"info","event":"================================================================================","logger":"task.stdout"}
{"timestamp":"2026-08-31T14:59:57.123863Z","level":"info","event":"OPPORTUNITY 4 of 6","logger":"task.stdout"}
{"timestamp":"2026-08-31T14:59:57.125504Z","level":"info","event":"================================================================================","logger":"task.stdout"}
{"timestamp":"2026-08-31T14:59:57.126867Z","level":"info","event":"{","logger":"task.stdout"}
{"timestamp":"2026-08-31T14:59:57.128187Z","level":"info","event":"  \"agency\": \"NASA-HQ\",","logger":"task.stdout"}
{"timestamp":"2026-08-31T14:59:57.129524Z","level":"info","event":"  \"agency_code\": \"NASA-HQ\",","logger":"task.stdout"}
{"timestamp":"2026-08-31T14:59:57.131079Z","level":"info","event":"  \"agency_name\": \"NASA Headquarters\",","logger":"task.stdout"}
{"timestamp":"2026-08-31T14:59:57.132456Z","level":"info","event":"  \"category\": \"discretionary\",","logger":"task.stdout"}
{"timestamp":"2026-08-31T14:59:57.134006Z","level":"info","event":"  \"category_explanation\": null,","logger":"task.stdout"}
{"timestamp":"2026-08-31T14:59:57.135620Z","level":"info","event":"  \"legacy_opportunity_id\": 363747,","logger":"task.stdout"}
{"timestamp":"2026-08-31T14:59:57.137481Z","level":"info","event":"  \"opportunity_assistance_listings\": [","logger":"task.stdout"}
{"timestamp":"2026-08-31T14:59:57.139300Z","level":"info","event":"    {","logger":"task.stdout"}
{"timestamp":"2026-08-31T14:59:57.140965Z","level":"info","event":"      \"assistance_listing_number\": \"43.001\",","logger":"task.stdout"}
{"timestamp":"2026-08-31T14:59:57.143087Z","level":"info","event":"      \"program_title\": \"Science\"","logger":"task.stdout"}
{"timestamp":"2026-08-31T14:59:57.144725Z","level":"info","event":"    }","logger":"task.stdout"}
{"timestamp":"2026-08-31T14:59:57.146074Z","level":"info","event":"  ],","logger":"task.stdout"}
{"timestamp":"2026-08-31T14:59:57.147301Z","level":"info","event":"  \"opportunity_id\": \"fb11f302-7bf9-4c01-8ec7-43032bee386a\",","logger":"task.stdout"}
{"timestamp":"2026-08-31T14:59:57.148667Z","level":"info","event":"  \"opportunity_number\": \"NNH25ZDA001N-TCAN\",","logger":"task.stdout"}
{"timestamp":"2026-08-31T14:59:57.150029Z","level":"info","event":"  \"opportunity_status\": \"posted\",","logger":"task.stdout"}
{"timestamp":"2026-08-31T14:59:57.151471Z","level":"info","event":"  \"opportunity_title\": \"D.4 Theoretical and Computational Astrophysics Networks\",","logger":"task.stdout"}
{"timestamp":"2026-08-31T14:59:57.152914Z","level":"info","event":"  \"purpose_statement\": null,","logger":"task.stdout"}
{"timestamp":"2026-08-31T14:59:57.154275Z","level":"info","event":"  \"summary\": {","logger":"task.stdout"}
{"timestamp":"2026-08-31T14:59:57.156016Z","level":"info","event":"    \"additional_info_url\": \"https://solicitation.nasaprs.com/NNH25ZDA001N-TCAN\",","logger":"task.stdout"}
{"timestamp":"2026-08-31T14:59:57.157540Z","level":"info","event":"    \"additional_info_url_description\": \"Click on the following link to see the full text of the announcement for this funding opportunity.\",","logger":"task.stdout"}
{"timestamp":"2026-08-31T14:59:57.159090Z","level":"info","event":"    \"agency_contact_description\": \"Sanaz Vahidinia\\r\\nAstrophysics Division\\r\\nScience Mission Directorate\\r\\nNASA Headquarters\\r\\nWashington, DC 20546-0001\\r\\nTelephone: (202) 510-1982\\r\\nEmail: Sanaz.Vahidinia@nasa.gov\",","logger":"task.stdout"}
{"timestamp":"2026-08-31T14:59:57.160719Z","level":"info","event":"    \"agency_email_address\": \"Sanaz.Vahidinia@nasa.gov\",","logger":"task.stdout"}
{"timestamp":"2026-08-31T14:59:57.162187Z","level":"info","event":"    \"agency_email_address_description\": \"Direct questions about this funding announcement to:\",","logger":"task.stdout"}
{"timestamp":"2026-08-31T14:59:57.163995Z","level":"info","event":"    \"applicant_eligibility_description\": \"Proposers must be affiliated with an institution at nspires.nasaprs.com/ and, in general, NASA provides funding only to U.S. institutions. Organizations outside the U.S. that propose on the basis of a policy of no-exchange-of-funds; consult the NASA Grant and Cooperative Agreement Manual (GCAM) (https://www.nasa.gov/grants-policy-and-compliance-team/#Regulations) for specific details. Some NRAs may be issued jointly with a non-U.S. organization, e.g., those concerning guest observing programs for jointly sponsored space science programs, that will contain additional special guidelines for non-U.S. participants. Also reference the GCAM for special instructions for proposals from non-U.S. organizations that involve U.S. personnel for whom NASA support is requested.\",","logger":"task.stdout"}
{"timestamp":"2026-08-31T14:59:57.165806Z","level":"info","event":"    \"applicant_types\": [","logger":"task.stdout"}
{"timestamp":"2026-08-31T14:59:57.167275Z","level":"info","event":"      \"other\"","logger":"task.stdout"}
{"timestamp":"2026-08-31T14:59:57.168651Z","level":"info","event":"    ],","logger":"task.stdout"}
{"timestamp":"2026-08-31T14:59:57.169989Z","level":"info","event":"    \"archive_date\": \"2027-01-02\",","logger":"task.stdout"}
{"timestamp":"2026-08-31T14:59:57.171767Z","level":"info","event":"    \"award_ceiling\": null,","logger":"task.stdout"}
{"timestamp":"2026-08-31T14:59:57.173417Z","level":"info","event":"    \"award_floor\": null,","logger":"task.stdout"}
{"timestamp":"2026-08-31T14:59:57.174830Z","level":"info","event":"    \"close_date\": \"2026-12-03\",","logger":"task.stdout"}
{"timestamp":"2026-08-31T14:59:57.176064Z","level":"info","event":"    \"close_date_description\": \"\",","logger":"task.stdout"}
{"timestamp":"2026-08-31T14:59:57.177336Z","level":"info","event":"    \"created_at\": \"2026-08-31T13:44:28+00:00\",","logger":"task.stdout"}
{"timestamp":"2026-08-31T14:59:57.178645Z","level":"info","event":"    \"estimated_total_program_funding\": null,","logger":"task.stdout"}
{"timestamp":"2026-08-31T14:59:57.180098Z","level":"info","event":"    \"expected_number_of_awards\": null,","logger":"task.stdout"}
{"timestamp":"2026-08-31T14:59:57.181757Z","level":"info","event":"    \"fiscal_year\": null,","logger":"task.stdout"}
{"timestamp":"2026-08-31T14:59:57.183384Z","level":"info","event":"    \"forecasted_award_date\": null,","logger":"task.stdout"}
{"timestamp":"2026-08-31T14:59:57.184760Z","level":"info","event":"    \"forecasted_close_date\": null,","logger":"task.stdout"}
{"timestamp":"2026-08-31T14:59:57.186191Z","level":"info","event":"    \"forecasted_close_date_description\": null,","logger":"task.stdout"}
{"timestamp":"2026-08-31T14:59:57.187525Z","level":"info","event":"    \"forecasted_post_date\": null,","logger":"task.stdout"}
{"timestamp":"2026-08-31T14:59:57.189078Z","level":"info","event":"    \"forecasted_project_start_date\": null,","logger":"task.stdout"}
{"timestamp":"2026-08-31T14:59:57.190431Z","level":"info","event":"    \"funding_categories\": [","logger":"task.stdout"}
{"timestamp":"2026-08-31T14:59:57.191944Z","level":"info","event":"      \"science_technology_and_other_research_and_development\"","logger":"task.stdout"}
{"timestamp":"2026-08-31T14:59:57.193758Z","level":"info","event":"    ],","logger":"task.stdout"}
{"timestamp":"2026-08-31T14:59:57.195204Z","level":"info","event":"    \"funding_category_description\": null,","logger":"task.stdout"}
{"timestamp":"2026-08-31T14:59:57.198493Z","level":"info","event":"    \"funding_instruments\": [","logger":"task.stdout"}
{"timestamp":"2026-08-31T14:59:57.200312Z","level":"info","event":"      \"cooperative_agreement\",","logger":"task.stdout"}
{"timestamp":"2026-08-31T14:59:57.202231Z","level":"info","event":"      \"grant\"","logger":"task.stdout"}
{"timestamp":"2026-08-31T14:59:57.203846Z","level":"info","event":"    ],","logger":"task.stdout"}
{"timestamp":"2026-08-31T14:59:57.205611Z","level":"info","event":"    \"is_cost_sharing\": false,","logger":"task.stdout"}
{"timestamp":"2026-08-31T14:59:57.207226Z","level":"info","event":"    \"is_forecast\": false,","logger":"task.stdout"}
{"timestamp":"2026-08-31T14:59:57.208831Z","level":"info","event":"    \"post_date\": \"2026-08-31\",","logger":"task.stdout"}
{"timestamp":"2026-08-31T14:59:57.076002Z","level":"info","event":"Response status: 202\nResponse headers:\n    'Server': 'Windows-Azure-HDFS/1.0 Microsoft-HTTPAPI/2.0'\n    'x-ms-request-server-encrypted': 'REDACTED'\n    'x-ms-request-id': 'bdf5ff46-401f-00d2-0459-398e62000000'\n    'x-ms-version': 'REDACTED'\n    'x-ms-client-request-id': 'a177db6c-a54c-11f1-9f20-ce45cfbe13d6'\n    'Date': 'Mon, 31 Aug 2026 14:59:56 GMT'\n    'Content-Length': '0'","logger":"azure.core.pipeline.policies.http_logging_policy","map_index":-1,"run_id":"scheduled__2026-08-31T07:00:00+00:00","task_id":"ingest_cdc","ti_id":"01a05855-888f-78e5-a0f5-62be7e6762a6","dag_id":"orchestrate","try_number":1,"filename":"_universal.py","lineno":581}
{"timestamp":"2026-08-31T14:59:57.077566Z","level":"info","event":"Request URL: 'https://grantproject.dfs.core.windows.net/bronze/grants_gov/ingest_date%3D2026-08-31/opportunities.json?action=REDACTED&position=REDACTED&close=REDACTED'\nRequest method: 'PATCH'\nRequest headers:\n    'If-Match': '\"0x8DF077085B25FC4\"'\n    'x-ms-version': 'REDACTED'\n    'Accept': 'application/json'\n    'User-Agent': 'azsdk-python-storage-dfs/12.25.0 Python/3.13.14 (Linux-6.18.33.2-microsoft-standard-WSL2-x86_64-with-glibc2.36)'\n    'x-ms-date': 'REDACTED'\n    'x-ms-client-request-id': 'a17f5a4a-a54c-11f1-9f20-ce45cfbe13d6'\n    'Authorization': 'REDACTED'\nNo body was attached to the request","logger":"azure.core.pipeline.policies.http_logging_policy","map_index":-1,"run_id":"scheduled__2026-08-31T07:00:00+00:00","task_id":"ingest_cdc","ti_id":"01a05855-888f-78e5-a0f5-62be7e6762a6","dag_id":"orchestrate","try_number":1,"filename":"_universal.py","lineno":535}
{"timestamp":"2026-08-31T14:59:57.137461Z","level":"info","event":"Response status: 200\nResponse headers:\n    'Last-Modified': 'Mon, 31 Aug 2026 14:59:57 GMT'\n    'ETag': '\"0x8DF077085C37828\"'\n    'Server': 'Windows-Azure-HDFS/1.0 Microsoft-HTTPAPI/2.0'\n    'x-ms-request-server-encrypted': 'REDACTED'\n    'x-ms-request-id': 'bdf5ff4c-401f-00d2-0a59-398e62000000'\n    'x-ms-version': 'REDACTED'\n    'x-ms-client-request-id': 'a17f5a4a-a54c-11f1-9f20-ce45cfbe13d6'\n    'Date': 'Mon, 31 Aug 2026 14:59:56 GMT'\n    'Content-Length': '0'","logger":"azure.core.pipeline.policies.http_logging_policy","map_index":-1,"run_id":"scheduled__2026-08-31T07:00:00+00:00","task_id":"ingest_cdc","ti_id":"01a05855-888f-78e5-a0f5-62be7e6762a6","dag_id":"orchestrate","try_number":1,"filename":"_universal.py","lineno":581}
{"timestamp":"2026-08-31T14:59:57.140645Z","level":"info","event":"Done. Returned value was: 6","map_index":-1,"run_id":"scheduled__2026-08-31T07:00:00+00:00","task_id":"ingest_cdc","ti_id":"01a05855-888f-78e5-a0f5-62be7e6762a6","dag_id":"orchestrate","try_number":1,"logger":"airflow.task.operators.airflow.providers.standard.decorators.python._PythonDecoratedOperator","filename":"python.py","lineno":233}
{"timestamp":"2026-08-31T14:59:57.140973Z","level":"info","event":"::group::Post Execute","map_index":-1,"run_id":"scheduled__2026-08-31T07:00:00+00:00","task_id":"ingest_cdc","ti_id":"01a05855-888f-78e5-a0f5-62be7e6762a6","dag_id":"orchestrate","try_number":1,"logger":"task","filename":"task_runner.py","lineno":1580}
{"timestamp":"2026-08-31T14:59:57.141349Z","level":"info","event":"Pushing xcom","ti":"RuntimeTaskInstance(id=UUID('01a05855-888f-78e5-a0f5-62be7e6762a6'), task_id='ingest_cdc', dag_id='orchestrate', run_id='scheduled__2026-08-31T07:00:00+00:00', try_number=1, dag_version_id=UUID('01a05855-86d5-7bb9-8801-fa0a38a8d595'), map_index=-1, hostname='89db77d81350', context_carrier={'traceparent': '00-281abe4abbe4e569f1256c3c8fac4da2-b4c02ff7ef054409-00'}, queue='default', task=<Task(_PythonDecoratedOperator): ingest_cdc>, bundle_instance=LocalDagBundle(name=dags-folder), max_tries=0, start_date=datetime.datetime(2026, 8, 31, 14, 59, 55, 766040, tzinfo=datetime.timezone.utc), end_date=None, state=<TaskInstanceState.RUNNING: 'running'>, is_mapped=False, rendered_map_index=None, sentry_integration='sentry_sdk.integrations.celery.CeleryIntegration')","map_index":-1,"run_id":"scheduled__2026-08-31T07:00:00+00:00","task_id":"ingest_cdc","ti_id":"01a05855-888f-78e5-a0f5-62be7e6762a6","dag_id":"orchestrate","try_number":1,"logger":"task","filename":"task_runner.py","lineno":2280}
{"timestamp":"2026-08-31T14:59:57.243373Z","level":"info","event":"    \"summary_description\": \"<p><span style=\\\"color: red;\\\">PLEASE NOTE: this program has MANDATORY Notices of Intent, which are due via NSPIRES by </span><strong style=\\\"color: red;\\\"><u>October 15, 2026</u></strong><span style=\\\"color: red;\\\">. See the full posting on NSPIRES for details.</span></p> \\n<p><br></p> \\n<p><br></p> \\n<p><strong>NOTICE: Amended August 31, 2026. This amendment releases the final text for this program element, which was previously TBD. Mandatory NOIs are due October 15, 2026, and proposals are due December 3, 2026. There are several major changes since the prior (2022) opportunity, so proposers please read carefully. This program will evaluate proposals using an enhanced dual-anonymous peer review, see Section 5 and the associated \\\"Guidelines for Proposers to ROSES DAPR Programs\\\" document under \\\"Other Documents\\\" on the right side of this NSPIRES page. </strong></p> \\n<p><br></p> \\n<p><br></p> \\n<p><span style=\\\"color: black;\\\">This synopsis is a generic summary that is posted for each of the many individual \\\"program elements\\\" in NASA\\u2019s Research Opportunities in Space and Earth Sciences (ROSES) \\u2013 2025 solicitation. For specific information on this particular program element download and read the PDF of the text of this program element by going to Tables&nbsp;</span><a href=\\\"https://solicitation.nasaprs.com/ROSES2025table2\\\" target=\\\"_blank\\\">2</a><span style=\\\"color: black;\\\">&nbsp;or&nbsp;</span><a href=\\\"https://solicitation.nasaprs.com/ROSES2025table3\\\" target=\\\"_blank\\\">3</a><span style=\\\"color: black;\\\">&nbsp;of ROSES at&nbsp;</span><a href=\\\"https://solicitation.nasaprs.com/ROSES2025table2\\\" target=\\\"_blank\\\">https://solicitation.nasaprs.com/ROSES2025table2</a></p> \\n<p><span style=\\\"color: black;\\\">and&nbsp;</span><a href=\\\"https://solicitation.nasaprs.com/ROSES2025table3\\\" target=\\\"_blank\\\">https://solicitation.nasaprs.com/ROSES2025table3</a><span style=\\\"color: black;\\\">, respectively, click the title of the program element of interest, a hypertext link will take you to a page for that particular program element. On that page, on the right side under \\\"Announcement Documents\\\" the link on the bottom will be to the PDF of the text of the call for proposals. For example, if one were interested in&nbsp;the Solar System Science program (NNH25ZDA001N-SCUBED) one would follow&nbsp;</span><a href=\\\"https://nspires.nasaprs.com/external/solicitations/summary.do?solId=%7bC92A28D2-9E30-4149-24B7-8A40ED4F564B%7d&amp;path=&amp;method=init\\\" target=\\\"_blank\\\">the link to the NSPIRES page for that program element</a><span style=\\\"color: black;\\\">&nbsp;and then to read the text of the call one would click on&nbsp;\\u201cC.2 Solar System Science (.pdf)\\u201d</span><span style=\\\"color: purple;\\\">&nbsp;</span><span style=\\\"color: black;\\\">to download the text of the call. If one wanted to set it into the context of the goals, objectives and know the default rules for all elements within Appendix C, the planetary science division, one might download and read&nbsp;\\u201c</span><a href=\\\"https://nspires.nasaprs.com/external/viewrepositorydocument?cmdocumentid=1036500&amp;solicitationId=%7bC92A28D2-9E30-4149-24B7-8A40ED4F564B%7d&amp;viewSolicitationDocument=1\\\" target=\\\"_blank\\\">C.1 Planetary Science Research Program Overview (.pdf)</a><span style=\\\"color: black;\\\">\\u201d from that same page.</span>&nbsp;<span style=\\\"color: black;\\\">While the letters and numbers are different for each element within ROSES (A.10, B.3, etc.) the basic configuration is always the same, e.g., the letter indicates the Science Division (A is Earth Science, B is Heliophysics etc.) and whatever the letter, #1 is always the division overview.&nbsp;In 2025, </span>most program elements will be set up for application via Grants.gov only if requested at least 30 days in advance of the due date. For more on Grants.gov submissions see Section IV(b)v of the ROSES Summary of Solicitation, that may be found at <a href=\\\"https://solicitation.nasaprs.com/ROSES2025\\\" target=\\\"_blank\\\">https://solicitation.nasaprs.com/ROSES2025</a>.</p> \\n<p><span style=\\\"color: black;\\\">&nbsp;</span></p> \\n<p><span style=\\\"color: black;\\\">The National Aeronautics and Space Administration (NASA) Science Mission Directorate (SMD) released its annual omnibus Research Announcement (NRA), Research Opportunities in Space and Earth Sciences (ROSES) \\u2013 2025 (OMB Approval Number 2700-0092, CFDA Number 43.001) on February 21, 2025. In this case \\\"omnibus\\\" means that this NRA has many individual program elements, each with its own due dates and topics. All together these cover the wide range of basic and applied supporting research and technology supported by SMD. </span>Awards will be made as grants, cooperative agreements, or contracts depending on the nature of the work proposed. However, most extramural research awards deriving from ROSES will be grants, and many program elements of ROSES specifically exclude contracts, because contracts would not be appropriate for the nature of the work solicited. Funded Co-Is at government labs will receive inter- or intra-agency transfers<span style=\\\"color: black;\\\">. The typical period of performance for an award is three years, but some programs may allow up to five years and others specify shorter periods. In most cases, organizations of every type, Government and private, for profit and not-for-profit, domestic and foreign (with some caveats), may submit proposals without restriction on teaming arrangements. Tables listing the program elements and due dates (Tables&nbsp;</span><a href=\\\"https://solicitation.nasaprs.com/ROSES2025table2\\\" target=\\\"_blank\\\">2</a><span style=\\\"color: black;\\\">&nbsp;and&nbsp;</span><a href=\\\"https://solicitation.nasaprs.com/ROSES2025table3\\\" target=\\\"_blank\\\">3</a><span style=\\\"color: black;\\\">), a table that provides a very top level summary of proposal contents (</span><a href=\\\"https://nspires.nasaprs.com/external/viewrepositorydocument?cmdocumentid=1041499&amp;solicitationId=%7b2A1D139B-B9C7-CE8C-2E81-223FD08460F9%7d&amp;viewSolicitationDocument=1\\\" target=\\\"_blank\\\">Table 1</a><span style=\\\"color: black;\\\">), and the full text of the ROSES-2025 \\\"Summary of Solicitation\\\", may all be found NSPIRES at&nbsp;</span><a href=\\\"https://solicitation.nasaprs.com/ROSES2025\\\" target=\\\"_blank\\\">https://solicitation.nasaprs.com/ROSES2025</a><span style=\\\"color: black;\\\">.</span></p> \\n<p><span style=\\\"color: black;\\\">&nbsp;</span></p> \\n<p><span style=\\\"color: black;\\\">Frequently asked questions for ROSES are posted at&nbsp;</span><a href=\\\"http://science.nasa.gov/researchers/sara/faqs/\\\" target=\\\"_blank\\\">http://science.nasa.gov/researchers/sara/faqs</a><span style=\\\"color: black;\\\">. Questions concerning specific program elements should be directed to the point(s) of contact for that particular element, who may be found either at the end of the individual program element in the summary table of key information or on the web list of topics and points of contact at:&nbsp;</span><a href=\\\"http://science.nasa.gov/researchers/sara/program-officers-list/\\\" target=\\\"_blank\\\">http://science.nasa.gov/researchers/sara/program-officers-list</a><span style=\\\"color: black;\\\">. </span>General questions concerning ROSES-2025 may be directed to the office of the SMD Deputy Associate Administrator for Research at <a target=\\\"_blank\\\" style=\\\"color: rgb(0, 0, 239);\\\">sara@nasa.gov</a>.</p> \\n<p><span style=\\\"color: black;\\\">&nbsp;</span></p> \\n<p><span style=\\\"color: black;\\\">Not all program elements are known at the time of the release of ROSES. To be informed of new program elements or amendments to this NRA, proposers may subscribe to: (1) The SMD mailing lists (by logging in at&nbsp;</span><a href=\\\"https://urldefense.proofpoint.com/v2/url?u=http-3A__nspires.nasaprs.com_&amp;d=DwMGaQ&amp;c=ApwzowJNAKKw3xye91w7BE1XMRKi2LN9kiMk5Csz9Zk&amp;r=2ixpkCCnNce056JoBL-BGFZPDe7JBWz4wpylXLQCS6s&amp;m=50Vi0oUMclJgXKW1hUTR82Av51i56o31RG3n3UC9Cqg&amp;s=U9bsGUTHAvBTDjSAoG5nnw63Lc9engudohcIe4r-h8U&amp;e=\\\" target=\\\"_blank\\\">http://nspires.nasaprs.com</a><span style=\\\"color: black;\\\"> and checking the appropriate boxes under \\\"Account Management\\\" and \\\"Email Subscriptions\\\"), (2) The ROSES-2025 blog feed for amendments, clarifications, and corrections to at&nbsp;</span><a href=\\\"https://science.nasa.gov/researchers/solicitations/roses-2025/\\\" target=\\\"_blank\\\">https://science.nasa.gov/researchers/solicitations/roses-2025/</a>,<span style=\\\"color: black;\\\"> and (3) The ROSES-2025 due date Google calendars (one for each science division). Instructions are at&nbsp;</span><a href=\\\"https://science.nasa.gov/researchers/sara/library-and-useful-links\\\" target=\\\"_blank\\\">https://science.nasa.gov/researchers/sara/library-and-useful-links</a><span style=\\\"color: black;\\\">&nbsp;(link from the words due date calendar).&nbsp;</span></p>\",","logger":"task.stdout"}
{"timestamp":"2026-08-31T14:59:57.245367Z","level":"info","event":"    \"updated_at\": \"2026-08-31T13:44:42+00:00\",","logger":"task.stdout"}
{"timestamp":"2026-08-31T14:59:57.247106Z","level":"info","event":"    \"version_number\": 1","logger":"task.stdout"}
{"timestamp":"2026-08-31T14:59:57.248785Z","level":"info","event":"  },","logger":"task.stdout"}
{"timestamp":"2026-08-31T14:59:57.250640Z","level":"info","event":"  \"tagline\": null,","logger":"task.stdout"}
{"timestamp":"2026-08-31T14:59:57.252472Z","level":"info","event":"  \"top_level_agency_code\": \"NASA\",","logger":"task.stdout"}
{"timestamp":"2026-08-31T14:59:57.253987Z","level":"info","event":"  \"top_level_agency_name\": \"National Aeronautics and Space Administration\"","logger":"task.stdout"}
{"timestamp":"2026-08-31T14:59:57.255518Z","level":"info","event":"}","logger":"task.stdout"}
{"timestamp":"2026-08-31T14:59:57.257481Z","level":"info","event":"","logger":"task.stdout"}
{"timestamp":"2026-08-31T14:59:57.258992Z","level":"info","event":"================================================================================","logger":"task.stdout"}
{"timestamp":"2026-08-31T14:59:57.260857Z","level":"info","event":"OPPORTUNITY 5 of 6","logger":"task.stdout"}
{"timestamp":"2026-08-31T14:59:57.262233Z","level":"info","event":"================================================================================","logger":"task.stdout"}
{"timestamp":"2026-08-31T14:59:57.263879Z","level":"info","event":"{","logger":"task.stdout"}
{"timestamp":"2026-08-31T14:59:57.265337Z","level":"info","event":"  \"agency\": \"DOS-SAU\",","logger":"task.stdout"}
{"timestamp":"2026-08-31T14:59:57.267001Z","level":"info","event":"  \"agency_code\": \"DOS-SAU\",","logger":"task.stdout"}
{"timestamp":"2026-08-31T14:59:57.268520Z","level":"info","event":"  \"agency_name\": \"U.S. Mission to Saudi Arabia\",","logger":"task.stdout"}
{"timestamp":"2026-08-31T14:59:57.270014Z","level":"info","event":"  \"category\": \"discretionary\",","logger":"task.stdout"}
{"timestamp":"2026-08-31T14:59:57.271508Z","level":"info","event":"  \"category_explanation\": null,","logger":"task.stdout"}
{"timestamp":"2026-08-31T14:59:57.273021Z","level":"info","event":"  \"legacy_opportunity_id\": 363744,","logger":"task.stdout"}
{"timestamp":"2026-08-31T14:59:57.274633Z","level":"info","event":"  \"opportunity_assistance_listings\": [","logger":"task.stdout"}
{"timestamp":"2026-08-31T14:59:57.276029Z","level":"info","event":"    {","logger":"task.stdout"}
{"timestamp":"2026-08-31T14:59:57.277687Z","level":"info","event":"      \"assistance_listing_number\": \"19.040\",","logger":"task.stdout"}
{"timestamp":"2026-08-31T14:59:57.279075Z","level":"info","event":"      \"program_title\": \"Public Diplomacy Programs\"","logger":"task.stdout"}
{"timestamp":"2026-08-31T14:59:57.280304Z","level":"info","event":"    }","logger":"task.stdout"}
{"timestamp":"2026-08-31T14:59:57.281734Z","level":"info","event":"  ],","logger":"task.stdout"}
{"timestamp":"2026-08-31T14:59:57.283170Z","level":"info","event":"  \"opportunity_id\": \"53cfdc5b-580d-4d79-92a7-75a3cf7a9a39\",","logger":"task.stdout"}
{"timestamp":"2026-08-31T14:59:57.284651Z","level":"info","event":"  \"opportunity_number\": \"DOS-SAU-2605-PD\",","logger":"task.stdout"}
{"timestamp":"2026-08-31T14:59:57.286041Z","level":"info","event":"  \"opportunity_status\": \"posted\",","logger":"task.stdout"}
{"timestamp":"2026-08-31T14:59:57.287568Z","level":"info","event":"  \"opportunity_title\": \"U.S-Saudi AI Research Commercialization Accelerator Program (ReCAP)\",","logger":"task.stdout"}
{"timestamp":"2026-08-31T14:59:57.288990Z","level":"info","event":"  \"purpose_statement\": null,","logger":"task.stdout"}
{"timestamp":"2026-08-31T14:59:57.290993Z","level":"info","event":"  \"summary\": {","logger":"task.stdout"}
{"timestamp":"2026-08-31T14:59:57.292598Z","level":"info","event":"    \"additional_info_url\": null,","logger":"task.stdout"}
{"timestamp":"2026-08-31T14:59:57.294393Z","level":"info","event":"    \"additional_info_url_description\": null,","logger":"task.stdout"}
{"timestamp":"2026-08-31T14:59:57.296512Z","level":"info","event":"    \"agency_contact_description\": \"Public Diplomacy Section\\r\\nU.S. Embassy, Riyadh\\r\\nPhone 00966118354000\",","logger":"task.stdout"}
{"timestamp":"2026-08-31T14:59:57.297734Z","level":"info","event":"    \"agency_email_address\": \"RiyadhGrants@state.gov\",","logger":"task.stdout"}
{"timestamp":"2026-08-31T14:59:57.299629Z","level":"info","event":"    \"agency_email_address_description\": \"For Inquiries\",","logger":"task.stdout"}
{"timestamp":"2026-08-31T14:59:57.301324Z","level":"info","event":"    \"applicant_eligibility_description\": \"\\u25cf\\tNot-for-profit organizations, including civil society/non-governmental organizations \\u25cf\\tPublic and private educational institutions\\u25cf\\tPublic International Organizations and Governmental institutions\",","logger":"task.stdout"}
{"timestamp":"2026-08-31T14:59:57.302817Z","level":"info","event":"    \"applicant_types\": [","logger":"task.stdout"}
{"timestamp":"2026-08-31T14:59:57.303991Z","level":"info","event":"      \"other\"","logger":"task.stdout"}
{"timestamp":"2026-08-31T14:59:57.305196Z","level":"info","event":"    ],","logger":"task.stdout"}
{"timestamp":"2026-08-31T14:59:57.306504Z","level":"info","event":"    \"archive_date\": \"2026-10-14\",","logger":"task.stdout"}
{"timestamp":"2026-08-31T14:59:57.307832Z","level":"info","event":"    \"award_ceiling\": 900000,","logger":"task.stdout"}
{"timestamp":"2026-08-31T14:59:57.309174Z","level":"info","event":"    \"award_floor\": 600000,","logger":"task.stdout"}
{"timestamp":"2026-08-31T14:59:57.310415Z","level":"info","event":"    \"close_date\": \"2026-09-14\",","logger":"task.stdout"}
{"timestamp":"2026-08-31T14:59:57.312206Z","level":"info","event":"    \"close_date_description\": \"\",","logger":"task.stdout"}
{"timestamp":"2026-08-31T14:59:57.313940Z","level":"info","event":"    \"created_at\": \"2026-08-31T12:47:27+00:00\",","logger":"task.stdout"}
{"timestamp":"2026-08-31T14:59:57.315464Z","level":"info","event":"    \"estimated_total_program_funding\": null,","logger":"task.stdout"}
{"timestamp":"2026-08-31T14:59:57.317239Z","level":"info","event":"    \"expected_number_of_awards\": 1,","logger":"task.stdout"}
{"timestamp":"2026-08-31T14:59:57.318773Z","level":"info","event":"    \"fiscal_year\": null,","logger":"task.stdout"}
{"timestamp":"2026-08-31T14:59:57.320077Z","level":"info","event":"    \"forecasted_award_date\": null,","logger":"task.stdout"}
{"timestamp":"2026-08-31T14:59:57.321371Z","level":"info","event":"    \"forecasted_close_date\": null,","logger":"task.stdout"}
{"timestamp":"2026-08-31T14:59:57.322992Z","level":"info","event":"    \"forecasted_close_date_description\": null,","logger":"task.stdout"}
{"timestamp":"2026-08-31T14:59:57.324877Z","level":"info","event":"    \"forecasted_post_date\": null,","logger":"task.stdout"}
{"timestamp":"2026-08-31T14:59:57.326608Z","level":"info","event":"    \"forecasted_project_start_date\": null,","logger":"task.stdout"}
{"timestamp":"2026-08-31T14:59:57.328367Z","level":"info","event":"    \"funding_categories\": [","logger":"task.stdout"}
{"timestamp":"2026-08-31T14:59:57.329931Z","level":"info","event":"      \"other\"","logger":"task.stdout"}
{"timestamp":"2026-08-31T14:59:57.331362Z","level":"info","event":"    ],","logger":"task.stdout"}
{"timestamp":"2026-08-31T14:59:57.332552Z","level":"info","event":"    \"funding_category_description\": \"Public Diplomacy\",","logger":"task.stdout"}
{"timestamp":"2026-08-31T14:59:57.333746Z","level":"info","event":"    \"funding_instruments\": [","logger":"task.stdout"}
{"timestamp":"2026-08-31T14:59:57.334926Z","level":"info","event":"      \"cooperative_agreement\"","logger":"task.stdout"}
{"timestamp":"2026-08-31T14:59:57.336544Z","level":"info","event":"    ],","logger":"task.stdout"}
{"timestamp":"2026-08-31T14:59:57.338245Z","level":"info","event":"    \"is_cost_sharing\": false,","logger":"task.stdout"}
{"timestamp":"2026-08-31T14:59:57.340199Z","level":"info","event":"    \"is_forecast\": false,","logger":"task.stdout"}
{"timestamp":"2026-08-31T14:59:57.342070Z","level":"info","event":"    \"post_date\": \"2026-08-31\",","logger":"task.stdout"}
{"timestamp":"2026-08-31T14:59:57.343572Z","level":"info","event":"    \"summary_description\": \"<p><span style=\\\"color: black;\\\">The U.S. Embassy Riyadh Public Diplomacy Section announces an open competition for organizations to design and implement the U.S.\\u2013Saudi AI Research Commercialization Accelerator (ReCAP), a 12-month initiative connecting Saudi Arabia's expanding artificial intelligence innovation ecosystem with the United States' world-leading technology, investment, and commercialization ecosystem. The program will source and evaluate 20\\u201330 Saudi-developed AI technologies, advance approximately 10 of the most promising through applied, U.S.-led commercialization programming and Innovation Labs, connect participants to the American AI ecosystem through an intensive U.S. study tour, and culminate in a high-level U.S.\\u2013Saudi AI Research Commercialization Summit. The program advances U.S. foreign policy priorities by positioning the United States as Saudi Arabia's preferred partner for AI innovation and commercialization, strengthening durable relationships between Saudi innovators and American technology, investment, and commercialization networks.</span></p>\",","logger":"task.stdout"}
{"timestamp":"2026-08-31T14:59:57.345340Z","level":"info","event":"    \"updated_at\": \"2026-08-31T12:48:18+00:00\",","logger":"task.stdout"}
{"timestamp":"2026-08-31T14:59:57.347427Z","level":"info","event":"    \"version_number\": 1","logger":"task.stdout"}
{"timestamp":"2026-08-31T14:59:57.349634Z","level":"info","event":"  },","logger":"task.stdout"}
{"timestamp":"2026-08-31T14:59:57.351250Z","level":"info","event":"  \"tagline\": null,","logger":"task.stdout"}
{"timestamp":"2026-08-31T14:59:57.352706Z","level":"info","event":"  \"top_level_agency_code\": \"DOS\",","logger":"task.stdout"}
{"timestamp":"2026-08-31T14:59:57.353875Z","level":"info","event":"  \"top_level_agency_name\": \"Department of State\"","logger":"task.stdout"}
{"timestamp":"2026-08-31T14:59:57.355258Z","level":"info","event":"}","logger":"task.stdout"}
{"timestamp":"2026-08-31T14:59:57.356896Z","level":"info","event":"","logger":"task.stdout"}
{"timestamp":"2026-08-31T14:59:57.357949Z","level":"info","event":"================================================================================","logger":"task.stdout"}
{"timestamp":"2026-08-31T14:59:57.359141Z","level":"info","event":"OPPORTUNITY 6 of 6","logger":"task.stdout"}
{"timestamp":"2026-08-31T14:59:57.360289Z","level":"info","event":"================================================================================","logger":"task.stdout"}
{"timestamp":"2026-08-31T14:59:57.361466Z","level":"info","event":"{","logger":"task.stdout"}
{"timestamp":"2026-08-31T14:59:57.362612Z","level":"info","event":"  \"agency\": \"DOS-IRQ\",","logger":"task.stdout"}
{"timestamp":"2026-08-31T14:59:57.363768Z","level":"info","event":"  \"agency_code\": \"DOS-IRQ\",","logger":"task.stdout"}
{"timestamp":"2026-08-31T14:59:57.364837Z","level":"info","event":"  \"agency_name\": \"U.S. Mission to Iraq\",","logger":"task.stdout"}
{"timestamp":"2026-08-31T14:59:57.365947Z","level":"info","event":"  \"category\": \"discretionary\",","logger":"task.stdout"}
{"timestamp":"2026-08-31T14:59:57.367258Z","level":"info","event":"  \"category_explanation\": null,","logger":"task.stdout"}
{"timestamp":"2026-08-31T14:59:57.368463Z","level":"info","event":"  \"legacy_opportunity_id\": 363743,","logger":"task.stdout"}
{"timestamp":"2026-08-31T14:59:57.369839Z","level":"info","event":"  \"opportunity_assistance_listings\": [","logger":"task.stdout"}
{"timestamp":"2026-08-31T14:59:57.370960Z","level":"info","event":"    {","logger":"task.stdout"}
{"timestamp":"2026-08-31T14:59:57.371903Z","level":"info","event":"      \"assistance_listing_number\": \"19.021\",","logger":"task.stdout"}
{"timestamp":"2026-08-31T14:59:57.372866Z","level":"info","event":"      \"program_title\": \"Investing in People in The Middle East and North Africa\"","logger":"task.stdout"}
{"timestamp":"2026-08-31T14:59:57.373871Z","level":"info","event":"    }","logger":"task.stdout"}
{"timestamp":"2026-08-31T14:59:57.374892Z","level":"info","event":"  ],","logger":"task.stdout"}
{"timestamp":"2026-08-31T14:59:57.375915Z","level":"info","event":"  \"opportunity_id\": \"84e606da-6c16-4377-a6cc-63d02a2b179a\",","logger":"task.stdout"}
{"timestamp":"2026-08-31T14:59:57.376922Z","level":"info","event":"  \"opportunity_number\": \"OFOP0003436\",","logger":"task.stdout"}
{"timestamp":"2026-08-31T14:59:57.377993Z","level":"info","event":"  \"opportunity_status\": \"posted\",","logger":"task.stdout"}
{"timestamp":"2026-08-31T14:59:57.379076Z","level":"info","event":"  \"opportunity_title\": \"English Access Microscholarship Program for Central and Southern Iraq\",","logger":"task.stdout"}
{"timestamp":"2026-08-31T14:59:57.380126Z","level":"info","event":"  \"purpose_statement\": null,","logger":"task.stdout"}
{"timestamp":"2026-08-31T14:59:57.381117Z","level":"info","event":"  \"summary\": {","logger":"task.stdout"}
{"timestamp":"2026-08-31T14:59:57.399772Z","level":"info","event":"    \"additional_info_url\": \"https://mygrants.servicenowservices.com/mygrants?id=mygrants_form&table=x_g_usd4_o_grant_funding_opportunity&sys_id=9063a232931a4f10d114b7986cba10f1&view=Default\",","logger":"task.stdout"}
{"timestamp":"2026-08-31T14:59:57.401049Z","level":"info","event":"    \"additional_info_url_description\": \"Link to Opportunity in MyGrants\",","logger":"task.stdout"}
{"timestamp":"2026-08-31T14:59:57.402248Z","level":"info","event":"    \"agency_contact_description\": \"baghdadpdgrants@state.gov\",","logger":"task.stdout"}
{"timestamp":"2026-08-31T14:59:57.403541Z","level":"info","event":"    \"agency_email_address\": null,","logger":"task.stdout"}
{"timestamp":"2026-08-31T14:59:57.404839Z","level":"info","event":"    \"agency_email_address_description\": null,","logger":"task.stdout"}
{"timestamp":"2026-08-31T14:59:57.405944Z","level":"info","event":"    \"applicant_eligibility_description\": \"\\u25cf\\tUS and foreign not-for-profit organizations, including think tanks and civil society/non-governmental organizations \\n\\u25cf\\tPublic and private educational institutions\\n\\u25cf\\tPublic International Organizations and Governmental institutions.\\n\\u25cf\\tHave demonstrated experience developing and administering similar programs. \\n\\u25cf\\tHave the capacity to operate in Iraq and/or have active partnerships with organization(s) operating in Iraq.\",","logger":"task.stdout"}
{"timestamp":"2026-08-31T14:59:57.407032Z","level":"info","event":"    \"applicant_types\": [","logger":"task.stdout"}
{"timestamp":"2026-08-31T14:59:57.408059Z","level":"info","event":"      \"other\"","logger":"task.stdout"}
{"timestamp":"2026-08-31T14:59:57.409121Z","level":"info","event":"    ],","logger":"task.stdout"}
{"timestamp":"2026-08-31T14:59:57.410153Z","level":"info","event":"    \"archive_date\": null,","logger":"task.stdout"}
{"timestamp":"2026-08-31T14:59:57.411247Z","level":"info","event":"    \"award_ceiling\": 500000,","logger":"task.stdout"}
{"timestamp":"2026-08-31T14:59:57.412354Z","level":"info","event":"    \"award_floor\": 450000,","logger":"task.stdout"}
{"timestamp":"2026-08-31T14:59:57.413468Z","level":"info","event":"    \"close_date\": \"2026-09-03\",","logger":"task.stdout"}
{"timestamp":"2026-08-31T14:59:57.414599Z","level":"info","event":"    \"close_date_description\": \"\",","logger":"task.stdout"}
{"timestamp":"2026-08-31T14:59:57.415631Z","level":"info","event":"    \"created_at\": \"2026-08-30T12:16:53+00:00\",","logger":"task.stdout"}
{"timestamp":"2026-08-31T14:59:57.416707Z","level":"info","event":"    \"estimated_total_program_funding\": 500000,","logger":"task.stdout"}
{"timestamp":"2026-08-31T14:59:57.417828Z","level":"info","event":"    \"expected_number_of_awards\": 1,","logger":"task.stdout"}
{"timestamp":"2026-08-31T14:59:57.418867Z","level":"info","event":"    \"fiscal_year\": null,","logger":"task.stdout"}
{"timestamp":"2026-08-31T14:59:57.419992Z","level":"info","event":"    \"forecasted_award_date\": null,","logger":"task.stdout"}
{"timestamp":"2026-08-31T14:59:57.421110Z","level":"info","event":"    \"forecasted_close_date\": null,","logger":"task.stdout"}
{"timestamp":"2026-08-31T14:59:57.422104Z","level":"info","event":"    \"forecasted_close_date_description\": null,","logger":"task.stdout"}
{"timestamp":"2026-08-31T14:59:57.423235Z","level":"info","event":"    \"forecasted_post_date\": null,","logger":"task.stdout"}
{"timestamp":"2026-08-31T14:59:57.424312Z","level":"info","event":"    \"forecasted_project_start_date\": null,","logger":"task.stdout"}
{"timestamp":"2026-08-31T14:59:57.425379Z","level":"info","event":"    \"funding_categories\": [","logger":"task.stdout"}
{"timestamp":"2026-08-31T14:59:57.426449Z","level":"info","event":"      \"education\"","logger":"task.stdout"}
{"timestamp":"2026-08-31T14:59:57.427570Z","level":"info","event":"    ],","logger":"task.stdout"}
{"timestamp":"2026-08-31T14:59:57.428689Z","level":"info","event":"    \"funding_category_description\": null,","logger":"task.stdout"}
{"timestamp":"2026-08-31T14:59:57.429833Z","level":"info","event":"    \"funding_instruments\": [","logger":"task.stdout"}
{"timestamp":"2026-08-31T14:59:57.430973Z","level":"info","event":"      \"grant\"","logger":"task.stdout"}
{"timestamp":"2026-08-31T14:59:57.432282Z","level":"info","event":"    ],","logger":"task.stdout"}
{"timestamp":"2026-08-31T14:59:57.433723Z","level":"info","event":"    \"is_cost_sharing\": false,","logger":"task.stdout"}
{"timestamp":"2026-08-31T14:59:57.435320Z","level":"info","event":"    \"is_forecast\": false,","logger":"task.stdout"}
{"timestamp":"2026-08-31T14:59:57.437316Z","level":"info","event":"    \"post_date\": \"2026-08-30\",","logger":"task.stdout"}
{"timestamp":"2026-08-31T14:59:57.439016Z","level":"info","event":"    \"summary_description\": \"The U.S. Embassy Baghdad Public Diplomacy Section (PDS) announces an open competition to implement English Access Microscholarship Program for Central and Southern Iraq. The Public Diplomacy Section seeks to provide Iraqi youth with educational opportunities through English-language instruction in accordance with Mission Iraq goals. English language skills are an important tool for Iraqi youth seeking access to higher education, employment, exchange programs, and broader engagement with the global community.\",","logger":"task.stdout"}
{"timestamp":"2026-08-31T14:59:57.440845Z","level":"info","event":"    \"updated_at\": \"2026-08-30T12:16:53+00:00\",","logger":"task.stdout"}
{"timestamp":"2026-08-31T14:59:57.442436Z","level":"info","event":"    \"version_number\": 1","logger":"task.stdout"}
{"timestamp":"2026-08-31T14:59:57.443712Z","level":"info","event":"  },","logger":"task.stdout"}
{"timestamp":"2026-08-31T14:59:57.444962Z","level":"info","event":"  \"tagline\": null,","logger":"task.stdout"}
{"timestamp":"2026-08-31T14:59:57.446387Z","level":"info","event":"  \"top_level_agency_code\": \"DOS\",","logger":"task.stdout"}
{"timestamp":"2026-08-31T14:59:57.447752Z","level":"info","event":"  \"top_level_agency_name\": \"Department of State\"","logger":"task.stdout"}
{"timestamp":"2026-08-31T14:59:57.449135Z","level":"info","event":"}","logger":"task.stdout"}
{"timestamp":"2026-08-31T14:59:57.450448Z","level":"info","event":"","logger":"task.stdout"}
{"timestamp":"2026-08-31T14:59:57.451723Z","level":"info","event":"","logger":"task.stdout"}
{"timestamp":"2026-08-31T14:59:57.453065Z","level":"info","event":"✅ Saved 6 records to: bronze/grants_gov/ingest_date=2026-08-31/opportunities.json","logger":"task.stdout"}
{"timestamp":"2026-08-31T14:59:57.400185Z","level":"info","event":"::endgroup::","map_index":-1,"run_id":"scheduled__2026-08-31T07:00:00+00:00","task_id":"ingest_cdc","ti_id":"01a05855-888f-78e5-a0f5-62be7e6762a6","dag_id":"orchestrate","try_number":1,"logger":"task","filename":"task_runner.py","lineno":2379}
