[0m18:01:42.142380 [debug] [MainThread]: Sending event: {'category': 'dbt', 'action': 'invocation', 'label': 'start', 'context': [<snowplow_tracker.self_describing_json.SelfDescribingJson object at 0x000002E9FF2A38C0>, <snowplow_tracker.self_describing_json.SelfDescribingJson object at 0x000002E9FC7BA240>, <snowplow_tracker.self_describing_json.SelfDescribingJson object at 0x000002E9FDB49970>]}


============================== 18:01:42.148121 | d49e775d-ac43-4417-97ca-c286c8ea796b ==============================
[0m18:01:42.148121 [info ] [MainThread]: Running with dbt=1.12.0
[0m18:01:42.149119 [debug] [MainThread]: running dbt with arguments {'static_parser': 'True', 'no_print': 'None', 'maximum_seed_size_mib': '1', 'target_path': 'None', 'warn_error_options': 'WarnErrorOptionsV2(error=[], warn=[], silence=[])', 'version_check': 'True', 'printer_width': '80', 'write_json': 'True', 'introspect': 'True', 'log_cache_events': 'False', 'empty': 'False', 'cache_selected_only': 'False', 'fail_fast': 'False', 'debug': 'False', 'log_format': 'default', 'profiles_dir': 'C:\\Users\\shahr\\.dbt', 'send_anonymous_usage_stats': 'True', 'quiet': 'False', 'warn_error': 'None', 'partial_parse': 'True', 'invocation_command': 'dbt run', 'hints_enabled': 'True', 'indirect_selection': 'eager', 'use_experimental_parser': 'False', 'use_colors': 'True', 'log_path': 'logs'}
[0m18:01:42.150112 [error] [MainThread]: [[31mERROR[0m]: Encountered an error:
Runtime Error
  No dbt_project.yml found at expected path C:\Users\shahr\OneDrive\Desktop\grant\dbt_project.yml
  Verify that each entry within packages.yml (and their transitive dependencies) contains a file named dbt_project.yml
  
[0m18:01:42.151121 [debug] [MainThread]: Command `dbt run` failed at 18:01:42.151121 after 0.21 seconds
[0m18:01:42.152114 [debug] [MainThread]: Sending event: {'category': 'dbt', 'action': 'invocation', 'label': 'end', 'context': [<snowplow_tracker.self_describing_json.SelfDescribingJson object at 0x000002E9FC30F260>, <snowplow_tracker.self_describing_json.SelfDescribingJson object at 0x000002E9FC7BA240>, <snowplow_tracker.self_describing_json.SelfDescribingJson object at 0x000002E9FB28DF70>]}
[0m18:01:42.152114 [debug] [MainThread]: Flushing usage events
[0m18:01:42.469196 [debug] [MainThread]: An error was encountered while trying to flush usage events
[0m18:04:09.855882 [debug] [MainThread]: Sending event: {'category': 'dbt', 'action': 'invocation', 'label': 'start', 'context': [<snowplow_tracker.self_describing_json.SelfDescribingJson object at 0x000001C583859460>, <snowplow_tracker.self_describing_json.SelfDescribingJson object at 0x000001C583859520>, <snowplow_tracker.self_describing_json.SelfDescribingJson object at 0x000001C5838595B0>]}


============================== 18:04:09.860904 | 8fb97a15-395b-47aa-a50d-39d494ad10c3 ==============================
[0m18:04:09.860904 [info ] [MainThread]: Running with dbt=1.12.0
[0m18:04:09.861905 [debug] [MainThread]: running dbt with arguments {'maximum_seed_size_mib': '1', 'no_print': 'None', 'static_parser': 'True', 'warn_error_options': 'WarnErrorOptionsV2(error=[], warn=[], silence=[])', 'target_path': 'None', 'version_check': 'True', 'printer_width': '80', 'write_json': 'True', 'empty': 'False', 'log_cache_events': 'False', 'introspect': 'True', 'cache_selected_only': 'False', 'log_format': 'default', 'debug': 'False', 'fail_fast': 'False', 'profiles_dir': 'C:\\Users\\shahr\\.dbt', 'send_anonymous_usage_stats': 'True', 'quiet': 'False', 'warn_error': 'None', 'partial_parse': 'True', 'invocation_command': 'dbt run', 'hints_enabled': 'True', 'use_colors': 'True', 'use_experimental_parser': 'False', 'indirect_selection': 'eager', 'log_path': 'logs'}
[0m18:04:09.862921 [error] [MainThread]: [[31mERROR[0m]: Encountered an error:
Runtime Error
  No dbt_project.yml found at expected path C:\Users\shahr\OneDrive\Desktop\grant\dbt_project.yml
  Verify that each entry within packages.yml (and their transitive dependencies) contains a file named dbt_project.yml
  
[0m18:04:09.863806 [debug] [MainThread]: Command `dbt run` failed at 18:04:09.863806 after 0.30 seconds
[0m18:04:09.864889 [debug] [MainThread]: Sending event: {'category': 'dbt', 'action': 'invocation', 'label': 'end', 'context': [<snowplow_tracker.self_describing_json.SelfDescribingJson object at 0x000001C583895D60>, <snowplow_tracker.self_describing_json.SelfDescribingJson object at 0x000001C583859490>, <snowplow_tracker.self_describing_json.SelfDescribingJson object at 0x000001C583859760>]}
[0m18:04:09.864889 [debug] [MainThread]: Flushing usage events
[0m18:04:10.077614 [debug] [MainThread]: An error was encountered while trying to flush usage events
[0m18:04:49.579027 [debug] [MainThread]: Sending event: {'category': 'dbt', 'action': 'invocation', 'label': 'start', 'context': [<snowplow_tracker.self_describing_json.SelfDescribingJson object at 0x00000253C17EBBF0>, <snowplow_tracker.self_describing_json.SelfDescribingJson object at 0x00000253C1590980>, <snowplow_tracker.self_describing_json.SelfDescribingJson object at 0x00000253C1592B70>]}


============================== 18:04:49.584160 | bbea7f4b-50ea-462f-9a4c-3b9313bcab19 ==============================
[0m18:04:49.584160 [info ] [MainThread]: Running with dbt=1.12.0
[0m18:04:49.585040 [debug] [MainThread]: running dbt with arguments {'maximum_seed_size_mib': '1', 'no_print': 'None', 'static_parser': 'True', 'warn_error_options': 'WarnErrorOptionsV2(error=[], warn=[], silence=[])', 'version_check': 'True', 'target_path': 'None', 'printer_width': '80', 'write_json': 'True', 'empty': 'False', 'log_cache_events': 'False', 'introspect': 'True', 'cache_selected_only': 'False', 'log_format': 'default', 'debug': 'False', 'fail_fast': 'False', 'partial_parse': 'True', 'send_anonymous_usage_stats': 'True', 'quiet': 'False', 'warn_error': 'None', 'profiles_dir': 'C:\\Users\\shahr\\.dbt', 'invocation_command': 'dbt run', 'hints_enabled': 'True', 'use_colors': 'True', 'use_experimental_parser': 'False', 'indirect_selection': 'eager', 'log_path': 'logs'}
[0m18:04:49.586041 [error] [MainThread]: [[31mERROR[0m]: Encountered an error:
Runtime Error
  No dbt_project.yml found at expected path C:\Users\shahr\OneDrive\Desktop\grant\dbt_project.yml
  Verify that each entry within packages.yml (and their transitive dependencies) contains a file named dbt_project.yml
  
[0m18:04:49.587038 [debug] [MainThread]: Command `dbt run` failed at 18:04:49.587038 after 0.20 seconds
[0m18:04:49.587038 [debug] [MainThread]: Sending event: {'category': 'dbt', 'action': 'invocation', 'label': 'end', 'context': [<snowplow_tracker.self_describing_json.SelfDescribingJson object at 0x00000253C332B8C0>, <snowplow_tracker.self_describing_json.SelfDescribingJson object at 0x00000253C06F3CB0>, <snowplow_tracker.self_describing_json.SelfDescribingJson object at 0x00000253C3348230>]}
[0m18:04:49.588038 [debug] [MainThread]: Flushing usage events
[0m18:04:49.782505 [debug] [MainThread]: An error was encountered while trying to flush usage events
[0m09:27:37.152815 [debug] [MainThread]: Sending event: {'category': 'dbt', 'action': 'invocation', 'label': 'start', 'context': [<snowplow_tracker.self_describing_json.SelfDescribingJson object at 0x0000026A95789C10>, <snowplow_tracker.self_describing_json.SelfDescribingJson object at 0x0000026A95789C40>, <snowplow_tracker.self_describing_json.SelfDescribingJson object at 0x0000026A957885C0>]}


============================== 09:27:37.165543 | a723657a-fbb4-4414-b763-c20c0642e3d5 ==============================
[0m09:27:37.165543 [info ] [MainThread]: Running with dbt=1.12.0
[0m09:27:37.166546 [debug] [MainThread]: running dbt with arguments {'version_check': 'True', 'no_print': 'None', 'static_parser': 'True', 'warn_error_options': 'WarnErrorOptionsV2(error=[], warn=[], silence=[])', 'maximum_seed_size_mib': '1', 'target_path': 'None', 'printer_width': '80', 'write_json': 'True', 'empty': 'False', 'log_cache_events': 'False', 'introspect': 'True', 'cache_selected_only': 'False', 'fail_fast': 'False', 'debug': 'False', 'log_format': 'default', 'profiles_dir': 'C:\\Users\\shahr\\.dbt', 'send_anonymous_usage_stats': 'True', 'quiet': 'False', 'warn_error': 'None', 'partial_parse': 'True', 'indirect_selection': 'eager', 'hints_enabled': 'True', 'invocation_command': 'dbt build', 'use_experimental_parser': 'False', 'use_colors': 'True', 'log_path': 'logs'}
[0m09:27:37.167542 [error] [MainThread]: [[31mERROR[0m]: Encountered an error:
Runtime Error
  No dbt_project.yml found at expected path C:\Users\shahr\OneDrive\Desktop\grant\dbt_project.yml
  Verify that each entry within packages.yml (and their transitive dependencies) contains a file named dbt_project.yml
  
[0m09:27:37.169543 [debug] [MainThread]: Command `dbt build` failed at 09:27:37.169543 after 0.23 seconds
[0m09:27:37.170542 [debug] [MainThread]: Sending event: {'category': 'dbt', 'action': 'invocation', 'label': 'end', 'context': [<snowplow_tracker.self_describing_json.SelfDescribingJson object at 0x0000026A95695730>, <snowplow_tracker.self_describing_json.SelfDescribingJson object at 0x0000026A93C4FC50>, <snowplow_tracker.self_describing_json.SelfDescribingJson object at 0x0000026A93C4FD10>]}
[0m09:27:37.170542 [debug] [MainThread]: Flushing usage events
[0m09:27:37.470106 [debug] [MainThread]: An error was encountered while trying to flush usage events
[0m09:52:43.122780 [debug] [MainThread]: Sending event: {'category': 'dbt', 'action': 'invocation', 'label': 'start', 'context': [<snowplow_tracker.self_describing_json.SelfDescribingJson object at 0x000001F816668320>, <snowplow_tracker.self_describing_json.SelfDescribingJson object at 0x000001F81666A4E0>, <snowplow_tracker.self_describing_json.SelfDescribingJson object at 0x000001F81666A360>]}


============================== 09:52:43.126744 | 9c13267b-8a82-467d-b2f4-1d28725723b1 ==============================
[0m09:52:43.126744 [info ] [MainThread]: Running with dbt=1.12.0
[0m09:52:43.127746 [debug] [MainThread]: running dbt with arguments {'static_parser': 'True', 'no_print': 'None', 'version_check': 'True', 'target_path': 'None', 'warn_error_options': 'WarnErrorOptionsV2(error=[], warn=[], silence=[])', 'maximum_seed_size_mib': '1', 'printer_width': '80', 'write_json': 'True', 'empty': 'False', 'log_cache_events': 'False', 'introspect': 'True', 'cache_selected_only': 'False', 'log_format': 'default', 'debug': 'False', 'fail_fast': 'False', 'partial_parse': 'True', 'send_anonymous_usage_stats': 'True', 'quiet': 'False', 'warn_error': 'None', 'profiles_dir': 'C:\\Users\\shahr\\.dbt', 'indirect_selection': 'eager', 'hints_enabled': 'True', 'invocation_command': 'dbt run', 'use_experimental_parser': 'False', 'use_colors': 'True', 'log_path': 'logs'}
[0m09:52:43.127746 [error] [MainThread]: [[31mERROR[0m]: Encountered an error:
Runtime Error
  No dbt_project.yml found at expected path C:\Users\shahr\OneDrive\Desktop\grant\dbt_project.yml
  Verify that each entry within packages.yml (and their transitive dependencies) contains a file named dbt_project.yml
  
[0m09:52:43.128786 [debug] [MainThread]: Command `dbt run` failed at 09:52:43.128786 after 0.17 seconds
[0m09:52:43.128786 [debug] [MainThread]: Sending event: {'category': 'dbt', 'action': 'invocation', 'label': 'end', 'context': [<snowplow_tracker.self_describing_json.SelfDescribingJson object at 0x000001F8164A1E50>, <snowplow_tracker.self_describing_json.SelfDescribingJson object at 0x000001F816612B10>, <snowplow_tracker.self_describing_json.SelfDescribingJson object at 0x000001F815F72870>]}
[0m09:52:43.129720 [debug] [MainThread]: Flushing usage events
[0m09:52:43.344489 [debug] [MainThread]: An error was encountered while trying to flush usage events
[0m10:32:17.964029 [debug] [MainThread]: Sending event: {'category': 'dbt', 'action': 'invocation', 'label': 'start', 'context': [<snowplow_tracker.self_describing_json.SelfDescribingJson object at 0x0000011B7941DE50>, <snowplow_tracker.self_describing_json.SelfDescribingJson object at 0x0000011B7DCF5790>, <snowplow_tracker.self_describing_json.SelfDescribingJson object at 0x0000011B7C200B90>]}


============================== 10:32:17.967651 | b0158021-dc2c-4d63-8269-c523a1523610 ==============================
[0m10:32:17.967651 [info ] [MainThread]: Running with dbt=1.12.0
[0m10:32:17.968442 [debug] [MainThread]: running dbt with arguments {'version_check': 'True', 'no_print': 'None', 'maximum_seed_size_mib': '1', 'warn_error_options': 'WarnErrorOptionsV2(error=[], warn=[], silence=[])', 'target_path': 'None', 'static_parser': 'True', 'printer_width': '80', 'write_json': 'True', 'introspect': 'True', 'log_cache_events': 'False', 'empty': 'False', 'cache_selected_only': 'False', 'log_format': 'default', 'debug': 'False', 'fail_fast': 'False', 'partial_parse': 'True', 'send_anonymous_usage_stats': 'True', 'quiet': 'False', 'warn_error': 'None', 'profiles_dir': 'C:\\Users\\shahr\\.dbt', 'use_colors': 'True', 'hints_enabled': 'True', 'invocation_command': 'dbt run', 'use_experimental_parser': 'False', 'indirect_selection': 'eager', 'log_path': 'logs'}
[0m10:32:17.969171 [error] [MainThread]: [[31mERROR[0m]: Encountered an error:
Runtime Error
  No dbt_project.yml found at expected path C:\Users\shahr\OneDrive\Desktop\grant\dbt_project.yml
  Verify that each entry within packages.yml (and their transitive dependencies) contains a file named dbt_project.yml
  
[0m10:32:17.969869 [debug] [MainThread]: Command `dbt run` failed at 10:32:17.969869 after 0.14 seconds
[0m10:32:17.970473 [debug] [MainThread]: Sending event: {'category': 'dbt', 'action': 'invocation', 'label': 'end', 'context': [<snowplow_tracker.self_describing_json.SelfDescribingJson object at 0x0000011B7C201400>, <snowplow_tracker.self_describing_json.SelfDescribingJson object at 0x0000011B7C11D070>, <snowplow_tracker.self_describing_json.SelfDescribingJson object at 0x0000011B7BC4E000>]}
[0m10:32:17.970473 [debug] [MainThread]: Flushing usage events
[0m10:32:18.196970 [debug] [MainThread]: An error was encountered while trying to flush usage events
