{"timestamp":"2026-09-04T15:46:27.914280Z","level":"info","event":"::group::Pre Execute","logger":"task","filename":"task_runner.py","lineno":2412}
{"timestamp":"2026-09-04T15:46:27.936778Z","level":"info","event":"DAG bundles loaded: dags-folder","run_id":"manual__2026-09-04T15:46:26.867572+00:00","ti_id":"01a06d19-8fcf-7e34-b25f-872f6ccd41bd","dag_id":"orchestrate","map_index":-1,"try_number":1,"task_id":"ingest_cdc","logger":"airflow.dag_processing.bundles.manager.DagBundlesManager","filename":"manager.py","lineno":304}
{"timestamp":"2026-09-04T15:46:27.938983Z","level":"info","event":"Filling up the DagBag from /opt/airflow/dags/orchestrate.py","run_id":"manual__2026-09-04T15:46:26.867572+00:00","ti_id":"01a06d19-8fcf-7e34-b25f-872f6ccd41bd","dag_id":"orchestrate","map_index":-1,"try_number":1,"task_id":"ingest_cdc","logger":"airflow.dag_processing.dagbag.BundleDagBag","filename":"dagbag.py","lineno":460}
{"timestamp":"2026-09-04T15:46:29.162406Z","level":"warning","event":"urllib3 (2.7.0) or chardet (6.0.0.post1)/charset_normalizer (3.4.7) doesn't match a supported version!","category":"UserWarning","filename":"/home/airflow/.local/lib/python3.13/site-packages/snowflake/connector/vendored/requests/__init__.py","lineno":113,"run_id":"manual__2026-09-04T15:46:26.867572+00:00","ti_id":"01a06d19-8fcf-7e34-b25f-872f6ccd41bd","dag_id":"orchestrate","map_index":-1,"try_number":1,"task_id":"ingest_cdc","logger":"py.warnings"}
{"timestamp":"2026-09-04T15:46:29.164290Z","level":"info","event":"Worker startup parse complete","bundle_name":"dags-folder","bundle_version":null,"dag_file":"orchestrate.py","dag_id":"orchestrate","bundle_prepare_ms":2,"dag_file_parse_ms":1225,"run_id":"manual__2026-09-04T15:46:26.867572+00:00","ti_id":"01a06d19-8fcf-7e34-b25f-872f6ccd41bd","map_index":-1,"try_number":1,"task_id":"ingest_cdc","logger":"task","filename":"task_runner.py","lineno":1073}
{"timestamp":"2026-09-04T15:46:29.187161Z","level":"info","event":"::endgroup::","run_id":"manual__2026-09-04T15:46:26.867572+00:00","ti_id":"01a06d19-8fcf-7e34-b25f-872f6ccd41bd","dag_id":"orchestrate","map_index":-1,"try_number":1,"task_id":"ingest_cdc","logger":"task","filename":"task_runner.py","lineno":2232}
{"timestamp":"2026-09-04T15:46:29.399195Z","level":"info","event":"Status: 200","logger":"task.stdout"}
{"timestamp":"2026-09-04T15:46:29.401591Z","level":"info","event":"Opportunities posted since 2026-09-03: 7","logger":"task.stdout"}
{"timestamp":"2026-09-04T15:46:29.404176Z","level":"info","event":"","logger":"task.stdout"}
{"timestamp":"2026-09-04T15:46:29.406870Z","level":"info","event":"================================================================================","logger":"task.stdout"}
{"timestamp":"2026-09-04T15:46:29.409498Z","level":"info","event":"OPPORTUNITY 1 of 7","logger":"task.stdout"}
{"timestamp":"2026-09-04T15:46:29.411222Z","level":"info","event":"================================================================================","logger":"task.stdout"}
{"timestamp":"2026-09-04T15:46:29.413001Z","level":"info","event":"{","logger":"task.stdout"}
{"timestamp":"2026-09-04T15:46:29.415408Z","level":"info","event":"  \"agency\": \"DOD-AMRAA\",","logger":"task.stdout"}
{"timestamp":"2026-09-04T15:46:29.417237Z","level":"info","event":"  \"agency_code\": \"DOD-AMRAA\",","logger":"task.stdout"}
{"timestamp":"2026-09-04T15:46:29.419227Z","level":"info","event":"  \"agency_name\": \"Defense Health Agency Contracting Activity - DHACA\",","logger":"task.stdout"}
{"timestamp":"2026-09-04T15:46:29.421147Z","level":"info","event":"  \"category\": \"discretionary\",","logger":"task.stdout"}
{"timestamp":"2026-09-04T15:46:29.423223Z","level":"info","event":"  \"category_explanation\": null,","logger":"task.stdout"}
{"timestamp":"2026-09-04T15:46:29.426264Z","level":"info","event":"  \"legacy_opportunity_id\": 363670,","logger":"task.stdout"}
{"timestamp":"2026-09-04T15:46:29.428327Z","level":"info","event":"  \"opportunity_assistance_listings\": [","logger":"task.stdout"}
{"timestamp":"2026-09-04T15:46:29.430155Z","level":"info","event":"    {","logger":"task.stdout"}
{"timestamp":"2026-09-04T15:46:29.432088Z","level":"info","event":"      \"assistance_listing_number\": \"12.420\",","logger":"task.stdout"}
{"timestamp":"2026-09-04T15:46:29.434158Z","level":"info","event":"      \"program_title\": \"Military Medical Research and Development\"","logger":"task.stdout"}
{"timestamp":"2026-09-04T15:46:29.435955Z","level":"info","event":"    }","logger":"task.stdout"}
{"timestamp":"2026-09-04T15:46:29.438058Z","level":"info","event":"  ],","logger":"task.stdout"}
{"timestamp":"2026-09-04T15:46:29.440190Z","level":"info","event":"  \"opportunity_id\": \"5fab0e14-d356-49f6-97dd-3054f0271cda\",","logger":"task.stdout"}
{"timestamp":"2026-09-04T15:46:29.441737Z","level":"info","event":"  \"opportunity_number\": \"HT942526BCRPBTA122\",","logger":"task.stdout"}
{"timestamp":"2026-09-04T15:46:29.442718Z","level":"info","event":"  \"opportunity_status\": \"posted\",","logger":"task.stdout"}
{"timestamp":"2026-09-04T15:46:29.443720Z","level":"info","event":"  \"opportunity_title\": \"DoW Breast Cancer, Breakthrough Award Levels 1 and 2\",","logger":"task.stdout"}
{"timestamp":"2026-09-04T15:46:29.444825Z","level":"info","event":"  \"purpose_statement\": null,","logger":"task.stdout"}
{"timestamp":"2026-09-04T15:46:29.445930Z","level":"info","event":"  \"summary\": {","logger":"task.stdout"}
{"timestamp":"2026-09-04T15:46:29.447133Z","level":"info","event":"    \"additional_info_url\": null,","logger":"task.stdout"}
{"timestamp":"2026-09-04T15:46:29.448366Z","level":"info","event":"    \"additional_info_url_description\": null,","logger":"task.stdout"}
{"timestamp":"2026-09-04T15:46:29.449741Z","level":"info","event":"    \"agency_contact_description\": \"eBRAP Help Desk\\r\\nPhone:      301-682-5507\\r\\nEmail:       help@eBRAP.org\",","logger":"task.stdout"}
{"timestamp":"2026-09-04T15:46:29.451289Z","level":"info","event":"    \"agency_email_address\": \"help@eBRAP.org\",","logger":"task.stdout"}
{"timestamp":"2026-09-04T15:46:29.452988Z","level":"info","event":"    \"agency_email_address_description\": \"eBRAP Help Desk\",","logger":"task.stdout"}
{"timestamp":"2026-09-04T15:46:29.455862Z","level":"info","event":"    \"applicant_eligibility_description\": \"\",","logger":"task.stdout"}
{"timestamp":"2026-09-04T15:46:29.457994Z","level":"info","event":"    \"applicant_types\": [","logger":"task.stdout"}
{"timestamp":"2026-09-04T15:46:29.460106Z","level":"info","event":"      \"unrestricted\"","logger":"task.stdout"}
{"timestamp":"2026-09-04T15:46:29.461924Z","level":"info","event":"    ],","logger":"task.stdout"}
{"timestamp":"2026-09-04T15:46:29.463591Z","level":"info","event":"    \"archive_date\": \"2026-12-18\",","logger":"task.stdout"}
{"timestamp":"2026-09-04T15:46:29.465203Z","level":"info","event":"    \"award_ceiling\": null,","logger":"task.stdout"}
{"timestamp":"2026-09-04T15:46:29.466909Z","level":"info","event":"    \"award_floor\": null,","logger":"task.stdout"}
{"timestamp":"2026-09-04T15:46:29.468606Z","level":"info","event":"    \"close_date\": \"2026-11-18\",","logger":"task.stdout"}
{"timestamp":"2026-09-04T15:46:29.470492Z","level":"info","event":"    \"close_date_description\": \"\",","logger":"task.stdout"}
{"timestamp":"2026-09-04T15:46:29.472599Z","level":"info","event":"    \"created_at\": \"2026-09-03T12:38:01+00:00\",","logger":"task.stdout"}
{"timestamp":"2026-09-04T15:46:29.474127Z","level":"info","event":"    \"estimated_total_program_funding\": 10600000,","logger":"task.stdout"}
{"timestamp":"2026-09-04T15:46:29.475666Z","level":"info","event":"    \"expected_number_of_awards\": 6,","logger":"task.stdout"}
{"timestamp":"2026-09-04T15:46:29.477378Z","level":"info","event":"    \"fiscal_year\": null,","logger":"task.stdout"}
{"timestamp":"2026-09-04T15:46:29.479000Z","level":"info","event":"    \"forecasted_award_date\": null,","logger":"task.stdout"}
{"timestamp":"2026-09-04T15:46:29.480217Z","level":"info","event":"    \"forecasted_close_date\": null,","logger":"task.stdout"}
{"timestamp":"2026-09-04T15:46:29.481075Z","level":"info","event":"    \"forecasted_close_date_description\": null,","logger":"task.stdout"}
{"timestamp":"2026-09-04T15:46:29.481950Z","level":"info","event":"    \"forecasted_post_date\": null,","logger":"task.stdout"}
{"timestamp":"2026-09-04T15:46:29.482719Z","level":"info","event":"    \"forecasted_project_start_date\": null,","logger":"task.stdout"}
{"timestamp":"2026-09-04T15:46:29.483935Z","level":"info","event":"    \"funding_categories\": [","logger":"task.stdout"}
{"timestamp":"2026-09-04T15:46:29.485255Z","level":"info","event":"      \"science_technology_and_other_research_and_development\"","logger":"task.stdout"}
{"timestamp":"2026-09-04T15:46:29.487076Z","level":"info","event":"    ],","logger":"task.stdout"}
{"timestamp":"2026-09-04T15:46:29.488384Z","level":"info","event":"    \"funding_category_description\": null,","logger":"task.stdout"}
{"timestamp":"2026-09-04T15:46:29.490394Z","level":"info","event":"    \"funding_instruments\": [","logger":"task.stdout"}
{"timestamp":"2026-09-04T15:46:29.491907Z","level":"info","event":"      \"grant\"","logger":"task.stdout"}
{"timestamp":"2026-09-04T15:46:29.493465Z","level":"info","event":"    ],","logger":"task.stdout"}
{"timestamp":"2026-09-04T15:46:29.495462Z","level":"info","event":"    \"is_cost_sharing\": false,","logger":"task.stdout"}
{"timestamp":"2026-09-04T15:46:29.497251Z","level":"info","event":"    \"is_forecast\": false,","logger":"task.stdout"}
{"timestamp":"2026-09-04T15:46:29.498965Z","level":"info","event":"    \"post_date\": \"2026-09-03\",","logger":"task.stdout"}
{"timestamp":"2026-09-04T15:46:29.501115Z","level":"info","event":"    \"summary_description\": \"<p><strong>Summary: </strong>The fiscal year 2026 (FY26) Breast Cancer Research Program (BCRP) Breakthrough Award mechanism supports promising research with high potential to lead to or make breakthroughs in breast cancer. All applications must address at least one of the FY26 BCRP overarching challenges or provide adequate justification for exception. Applications must address the challenge in a way that can lead to a breakthrough and have major impact. The FY26 Breakthrough Award mechanism contains four different funding levels designed to support major (but not all) stages of research that will lead to clinical application. Each level specifies a distinct research scope. <strong>This program announcement discusses the Breakthrough Award Levels 1 and 2.</strong></p><p><br></p><p><strong>Distinctive Features:</strong></p><p><br></p><p>* <strong>This funding mechanism allows for applications submitted under Funding Level 1 or Funding Level 2. Funding Level 2 also includes a Population Science Studies option.</strong> With compelling justification, population science studies may request higher levels of funding and an additional year in the period of performance.</p><p><br></p><p>* <strong>This funding mechanism allows for a single Principal Investigator (PI), or two partnering PIs referred to as the Initiating PI and the Partnering PI.</strong> For the Partnering PI Option (PPIO), only the Initiating PI will submit a pre-application, but both PIs will need to submit at the full application stage. Be advised, failure to submit all associated (Initiating and Partnering PI) applications by the deadline may result in administrative withdrawal.</p>\",","logger":"task.stdout"}
{"timestamp":"2026-09-04T15:46:29.502893Z","level":"info","event":"    \"updated_at\": \"2026-09-03T12:38:01+00:00\",","logger":"task.stdout"}
{"timestamp":"2026-09-04T15:46:29.504408Z","level":"info","event":"    \"version_number\": 1","logger":"task.stdout"}
{"timestamp":"2026-09-04T15:46:29.506452Z","level":"info","event":"  },","logger":"task.stdout"}
{"timestamp":"2026-09-04T15:46:29.508166Z","level":"info","event":"  \"tagline\": null,","logger":"task.stdout"}
{"timestamp":"2026-09-04T15:46:29.509959Z","level":"info","event":"  \"top_level_agency_code\": \"DOD\",","logger":"task.stdout"}
{"timestamp":"2026-09-04T15:46:29.512014Z","level":"info","event":"  \"top_level_agency_name\": \"Department of Defense\"","logger":"task.stdout"}
{"timestamp":"2026-09-04T15:46:29.514065Z","level":"info","event":"}","logger":"task.stdout"}
{"timestamp":"2026-09-04T15:46:29.515863Z","level":"info","event":"","logger":"task.stdout"}
{"timestamp":"2026-09-04T15:46:29.518090Z","level":"info","event":"================================================================================","logger":"task.stdout"}
{"timestamp":"2026-09-04T15:46:29.519938Z","level":"info","event":"OPPORTUNITY 2 of 7","logger":"task.stdout"}
{"timestamp":"2026-09-04T15:46:29.521918Z","level":"info","event":"================================================================================","logger":"task.stdout"}
{"timestamp":"2026-09-04T15:46:29.523555Z","level":"info","event":"{","logger":"task.stdout"}
{"timestamp":"2026-09-04T15:46:29.525549Z","level":"info","event":"  \"agency\": \"USDOJ-OJP-BJA\",","logger":"task.stdout"}
{"timestamp":"2026-09-04T15:46:29.527393Z","level":"info","event":"  \"agency_code\": \"USDOJ-OJP-BJA\",","logger":"task.stdout"}
{"timestamp":"2026-09-04T15:46:29.529371Z","level":"info","event":"  \"agency_name\": \"Bureau of Justice Assistance\",","logger":"task.stdout"}
{"timestamp":"2026-09-04T15:46:29.532206Z","level":"info","event":"  \"category\": \"discretionary\",","logger":"task.stdout"}
{"timestamp":"2026-09-04T15:46:29.534109Z","level":"info","event":"  \"category_explanation\": null,","logger":"task.stdout"}
{"timestamp":"2026-09-04T15:46:29.536445Z","level":"info","event":"  \"legacy_opportunity_id\": 363805,","logger":"task.stdout"}
{"timestamp":"2026-09-04T15:46:29.538138Z","level":"info","event":"  \"opportunity_assistance_listings\": [","logger":"task.stdout"}
{"timestamp":"2026-09-04T15:46:29.539292Z","level":"info","event":"    {","logger":"task.stdout"}
{"timestamp":"2026-09-04T15:46:29.540686Z","level":"info","event":"      \"assistance_listing_number\": \"16.076\",","logger":"task.stdout"}
{"timestamp":"2026-09-04T15:46:29.541975Z","level":"info","event":"      \"program_title\": \"Law Enforcement Support for Combatting Criminal Aliens, Drug, and Human Trafficking\"","logger":"task.stdout"}
{"timestamp":"2026-09-04T15:46:29.542774Z","level":"info","event":"    }","logger":"task.stdout"}
{"timestamp":"2026-09-04T15:46:29.544042Z","level":"info","event":"  ],","logger":"task.stdout"}
{"timestamp":"2026-09-04T15:46:29.545771Z","level":"info","event":"  \"opportunity_id\": \"8ea93672-b51b-4e0e-b079-d97848c1f800\",","logger":"task.stdout"}
{"timestamp":"2026-09-04T15:46:29.548551Z","level":"info","event":"  \"opportunity_number\": \"O-BJA-2026-172728\",","logger":"task.stdout"}
{"timestamp":"2026-09-04T15:46:29.550633Z","level":"info","event":"  \"opportunity_status\": \"posted\",","logger":"task.stdout"}
{"timestamp":"2026-09-04T15:46:29.552518Z","level":"info","event":"  \"opportunity_title\": \"BJA FY 2026 Bridging Immigration-Related Deficits Experienced Nationwide Program: Joint Task Force Crossroads America - Indiana Invitation to Apply\",","logger":"task.stdout"}
{"timestamp":"2026-09-04T15:46:29.554240Z","level":"info","event":"  \"purpose_statement\": null,","logger":"task.stdout"}
{"timestamp":"2026-09-04T15:46:29.556307Z","level":"info","event":"  \"summary\": {","logger":"task.stdout"}
{"timestamp":"2026-09-04T15:46:29.557775Z","level":"info","event":"    \"additional_info_url\": \"www.ojp.usdoj.gov\",","logger":"task.stdout"}
{"timestamp":"2026-09-04T15:46:29.559268Z","level":"info","event":"    \"additional_info_url_description\": \"OJP Website\",","logger":"task.stdout"}
{"timestamp":"2026-09-04T15:46:29.560768Z","level":"info","event":"    \"agency_contact_description\": \"OJP.ResponseCenter@usdoj.gov\\nOJP.ResponseCenter@usdoj.gov\",","logger":"task.stdout"}
{"timestamp":"2026-09-04T15:46:29.562067Z","level":"info","event":"    \"agency_email_address\": \"OJP.ResponseCenter@usdoj.gov\",","logger":"task.stdout"}
{"timestamp":"2026-09-04T15:46:29.564886Z","level":"info","event":"    \"agency_email_address_description\": \"OJP Response Center\",","logger":"task.stdout"}
{"timestamp":"2026-09-04T15:46:29.566486Z","level":"info","event":"    \"applicant_eligibility_description\": \"\\u201cOther\\u201d Entities: Indiana Criminal Justice Institute\",","logger":"task.stdout"}
{"timestamp":"2026-09-04T15:46:29.568330Z","level":"info","event":"    \"applicant_types\": [","logger":"task.stdout"}
{"timestamp":"2026-09-04T15:46:29.570742Z","level":"info","event":"      \"other\"","logger":"task.stdout"}
{"timestamp":"2026-09-04T15:46:29.572506Z","level":"info","event":"    ],","logger":"task.stdout"}
{"timestamp":"2026-09-04T15:46:29.574149Z","level":"info","event":"    \"archive_date\": null,","logger":"task.stdout"}
{"timestamp":"2026-09-04T15:46:29.576147Z","level":"info","event":"    \"award_ceiling\": 1615056,","logger":"task.stdout"}
{"timestamp":"2026-09-04T15:46:29.578118Z","level":"info","event":"    \"award_floor\": 0,","logger":"task.stdout"}
{"timestamp":"2026-09-04T15:46:29.579978Z","level":"info","event":"    \"close_date\": \"2026-09-09\",","logger":"task.stdout"}
{"timestamp":"2026-09-04T15:46:29.581232Z","level":"info","event":"    \"close_date_description\": null,","logger":"task.stdout"}
{"timestamp":"2026-09-04T15:46:29.582632Z","level":"info","event":"    \"created_at\": \"2026-09-03T19:34:06+00:00\",","logger":"task.stdout"}
{"timestamp":"2026-09-04T15:46:29.584127Z","level":"info","event":"    \"estimated_total_program_funding\": null,","logger":"task.stdout"}
{"timestamp":"2026-09-04T15:46:29.585266Z","level":"info","event":"    \"expected_number_of_awards\": null,","logger":"task.stdout"}
{"timestamp":"2026-09-04T15:46:29.586398Z","level":"info","event":"    \"fiscal_year\": null,","logger":"task.stdout"}
{"timestamp":"2026-09-04T15:46:29.587463Z","level":"info","event":"    \"forecasted_award_date\": null,","logger":"task.stdout"}
{"timestamp":"2026-09-04T15:46:29.589135Z","level":"info","event":"    \"forecasted_close_date\": null,","logger":"task.stdout"}
{"timestamp":"2026-09-04T15:46:29.590742Z","level":"info","event":"    \"forecasted_close_date_description\": null,","logger":"task.stdout"}
{"timestamp":"2026-09-04T15:46:29.592256Z","level":"info","event":"    \"forecasted_post_date\": null,","logger":"task.stdout"}
{"timestamp":"2026-09-04T15:46:29.594311Z","level":"info","event":"    \"forecasted_project_start_date\": null,","logger":"task.stdout"}
{"timestamp":"2026-09-04T15:46:29.596949Z","level":"info","event":"    \"funding_categories\": [","logger":"task.stdout"}
{"timestamp":"2026-09-04T15:46:29.598952Z","level":"info","event":"      \"law_justice_and_legal_services\"","logger":"task.stdout"}
{"timestamp":"2026-09-04T15:46:29.600657Z","level":"info","event":"    ],","logger":"task.stdout"}
{"timestamp":"2026-09-04T15:46:29.602784Z","level":"info","event":"    \"funding_category_description\": null,","logger":"task.stdout"}
{"timestamp":"2026-09-04T15:46:29.604093Z","level":"info","event":"    \"funding_instruments\": [","logger":"task.stdout"}
{"timestamp":"2026-09-04T15:46:29.605154Z","level":"info","event":"      \"grant\"","logger":"task.stdout"}
{"timestamp":"2026-09-04T15:46:29.606480Z","level":"info","event":"    ],","logger":"task.stdout"}
{"timestamp":"2026-09-04T15:46:29.607774Z","level":"info","event":"    \"is_cost_sharing\": false,","logger":"task.stdout"}
{"timestamp":"2026-09-04T15:46:29.609000Z","level":"info","event":"    \"is_forecast\": false,","logger":"task.stdout"}
{"timestamp":"2026-09-04T15:46:29.610859Z","level":"info","event":"    \"post_date\": \"2026-09-03\",","logger":"task.stdout"}
{"timestamp":"2026-09-04T15:46:29.612235Z","level":"info","event":"    \"summary_description\": \"This funding opportunity will support the costs incurred by the Indiana Criminal Justice Institute for personnel, travel, training, and the purchase and maintenance of equipment, including but not limited to aerial surveillance equipment to effectively address law enforcement related to criminal illegal aliens, apprehend violent offenders, disrupt drug, human trafficking, gang and related criminal activity, and enhance public safety through coordinated, intelligence-led law enforcement operations.\",","logger":"task.stdout"}
{"timestamp":"2026-09-04T15:46:29.614041Z","level":"info","event":"    \"updated_at\": \"2026-09-03T19:34:06+00:00\",","logger":"task.stdout"}
{"timestamp":"2026-09-04T15:46:29.615251Z","level":"info","event":"    \"version_number\": 1","logger":"task.stdout"}
{"timestamp":"2026-09-04T15:46:29.616283Z","level":"info","event":"  },","logger":"task.stdout"}
{"timestamp":"2026-09-04T15:46:29.617505Z","level":"info","event":"  \"tagline\": null,","logger":"task.stdout"}
{"timestamp":"2026-09-04T15:46:29.618754Z","level":"info","event":"  \"top_level_agency_code\": \"USDOJ\",","logger":"task.stdout"}
{"timestamp":"2026-09-04T15:46:29.617667Z","level":"info","event":"  \"top_level_agency_name\": \"Department of Justice\"","logger":"task.stdout"}
{"timestamp":"2026-09-04T15:46:29.618865Z","level":"info","event":"}","logger":"task.stdout"}
{"timestamp":"2026-09-04T15:46:29.620033Z","level":"info","event":"","logger":"task.stdout"}
{"timestamp":"2026-09-04T15:46:29.621103Z","level":"info","event":"================================================================================","logger":"task.stdout"}
{"timestamp":"2026-09-04T15:46:29.622446Z","level":"info","event":"OPPORTUNITY 3 of 7","logger":"task.stdout"}
{"timestamp":"2026-09-04T15:46:29.623507Z","level":"info","event":"================================================================================","logger":"task.stdout"}
{"timestamp":"2026-09-04T15:46:29.624424Z","level":"info","event":"{","logger":"task.stdout"}
{"timestamp":"2026-09-04T15:46:29.625579Z","level":"info","event":"  \"agency\": \"DOE-NETL\",","logger":"task.stdout"}
{"timestamp":"2026-09-04T15:46:29.626538Z","level":"info","event":"  \"agency_code\": \"DOE-NETL\",","logger":"task.stdout"}
{"timestamp":"2026-09-04T15:46:29.627864Z","level":"info","event":"  \"agency_name\": \"National Energy Technology Laboratory\",","logger":"task.stdout"}
{"timestamp":"2026-09-04T15:46:29.628937Z","level":"info","event":"  \"category\": \"discretionary\",","logger":"task.stdout"}
{"timestamp":"2026-09-04T15:46:29.630238Z","level":"info","event":"  \"category_explanation\": null,","logger":"task.stdout"}
{"timestamp":"2026-09-04T15:46:29.631618Z","level":"info","event":"  \"legacy_opportunity_id\": 363797,","logger":"task.stdout"}
{"timestamp":"2026-09-04T15:46:29.632717Z","level":"info","event":"  \"opportunity_assistance_listings\": [","logger":"task.stdout"}
{"timestamp":"2026-09-04T15:46:29.633889Z","level":"info","event":"    {","logger":"task.stdout"}
{"timestamp":"2026-09-04T15:46:29.634809Z","level":"info","event":"      \"assistance_listing_number\": \"81.089\",","logger":"task.stdout"}
{"timestamp":"2026-09-04T15:46:29.635848Z","level":"info","event":"      \"program_title\": \"Fossil Energy Research and Development\"","logger":"task.stdout"}
{"timestamp":"2026-09-04T15:46:29.636982Z","level":"info","event":"    }","logger":"task.stdout"}
{"timestamp":"2026-09-04T15:46:29.638167Z","level":"info","event":"  ],","logger":"task.stdout"}
{"timestamp":"2026-09-04T15:46:29.639274Z","level":"info","event":"  \"opportunity_id\": \"9157af4e-c67b-4827-88a5-49149fa24a3d\",","logger":"task.stdout"}
{"timestamp":"2026-09-04T15:46:29.640559Z","level":"info","event":"  \"opportunity_number\": \"DE-FOA-0003671\",","logger":"task.stdout"}
{"timestamp":"2026-09-04T15:46:29.641979Z","level":"info","event":"  \"opportunity_status\": \"posted\",","logger":"task.stdout"}
{"timestamp":"2026-09-04T15:46:29.643142Z","level":"info","event":"  \"opportunity_title\": \"Request for Information - Gauging Investor Interest in the Development and Commercialization of Subsurface Energy Technologies\",","logger":"task.stdout"}
{"timestamp":"2026-09-04T15:46:29.644335Z","level":"info","event":"  \"purpose_statement\": null,","logger":"task.stdout"}
{"timestamp":"2026-09-04T15:46:29.645581Z","level":"info","event":"  \"summary\": {","logger":"task.stdout"}
{"timestamp":"2026-09-04T15:46:29.647039Z","level":"info","event":"    \"additional_info_url\": \"https://netl-exchange.energy.gov\",","logger":"task.stdout"}
{"timestamp":"2026-09-04T15:46:29.648059Z","level":"info","event":"    \"additional_info_url_description\": \"eXCHANGE\",","logger":"task.stdout"}
{"timestamp":"2026-09-04T15:46:29.649033Z","level":"info","event":"    \"agency_contact_description\": \"DE-FOA-0003671\",","logger":"task.stdout"}
{"timestamp":"2026-09-04T15:46:29.649914Z","level":"info","event":"    \"agency_email_address\": \"DE-FOA-0003671\",","logger":"task.stdout"}
{"timestamp":"2026-09-04T15:46:29.650710Z","level":"info","event":"    \"agency_email_address_description\": \"Click to email contact\",","logger":"task.stdout"}
{"timestamp":"2026-09-04T15:46:29.651507Z","level":"info","event":"    \"applicant_eligibility_description\": \"\",","logger":"task.stdout"}
{"timestamp":"2026-09-04T15:46:29.652263Z","level":"info","event":"    \"applicant_types\": [","logger":"task.stdout"}
{"timestamp":"2026-09-04T15:46:29.653000Z","level":"info","event":"      \"unrestricted\"","logger":"task.stdout"}
{"timestamp":"2026-09-04T15:46:29.653984Z","level":"info","event":"    ],","logger":"task.stdout"}
{"timestamp":"2026-09-04T15:46:29.655371Z","level":"info","event":"    \"archive_date\": \"2026-11-04\",","logger":"task.stdout"}
{"timestamp":"2026-09-04T15:46:29.656692Z","level":"info","event":"    \"award_ceiling\": 2,","logger":"task.stdout"}
{"timestamp":"2026-09-04T15:46:29.657590Z","level":"info","event":"    \"award_floor\": 1,","logger":"task.stdout"}
{"timestamp":"2026-09-04T15:46:29.411234Z","level":"info","event":"Request URL: 'https://grantproject.dfs.core.windows.net/bronze/grants_gov/ingest_date%3D2026-09-04/opportunities.json?resource=REDACTED'\nRequest method: 'PUT'\nRequest headers:\n    'x-ms-version': 'REDACTED'\n    'Accept': 'application/json'\n    'User-Agent': 'azsdk-python-storage-dfs/12.25.0 Python/3.13.14 (Linux-6.18.33.2-microsoft-standard-WSL2-x86_64-with-glibc2.36)'\n    'x-ms-date': 'REDACTED'\n    'x-ms-client-request-id': 'cb8285c8-a877-11f1-bc7e-e6969291f1f1'\n    'Authorization': 'REDACTED'\nNo body was attached to the request","logger":"azure.core.pipeline.policies.http_logging_policy","run_id":"manual__2026-09-04T15:46:26.867572+00:00","ti_id":"01a06d19-8fcf-7e34-b25f-872f6ccd41bd","dag_id":"orchestrate","map_index":-1,"try_number":1,"task_id":"ingest_cdc","filename":"_universal.py","lineno":535}
{"timestamp":"2026-09-04T15:46:29.630417Z","level":"info","event":"Response status: 201\nResponse headers:\n    'Last-Modified': 'Fri, 04 Sep 2026 15:46:29 GMT'\n    'ETag': '\"0x8DF0A9BAFA7C678\"'\n    'Server': 'Windows-Azure-HDFS/1.0 Microsoft-HTTPAPI/2.0'\n    'x-ms-request-server-encrypted': 'REDACTED'\n    'x-ms-request-id': '6698671d-c01f-0017-7884-3ca487000000'\n    'x-ms-version': 'REDACTED'\n    'x-ms-client-request-id': 'cb8285c8-a877-11f1-bc7e-e6969291f1f1'\n    'Date': 'Fri, 04 Sep 2026 15:46:28 GMT'\n    'Content-Length': '0'","logger":"azure.core.pipeline.policies.http_logging_policy","run_id":"manual__2026-09-04T15:46:26.867572+00:00","ti_id":"01a06d19-8fcf-7e34-b25f-872f6ccd41bd","dag_id":"orchestrate","map_index":-1,"try_number":1,"task_id":"ingest_cdc","filename":"_universal.py","lineno":581}
{"timestamp":"2026-09-04T15:46:29.631865Z","level":"info","event":"Request URL: 'https://grantproject.dfs.core.windows.net/bronze/grants_gov/ingest_date%3D2026-09-04/opportunities.json?action=REDACTED&position=REDACTED'\nRequest method: 'PATCH'\nRequest headers:\n    'Content-Length': '26169'\n    'x-ms-version': 'REDACTED'\n    'Content-Type': 'application/json'\n    'Accept': 'application/json'\n    'User-Agent': 'azsdk-python-storage-dfs/12.25.0 Python/3.13.14 (Linux-6.18.33.2-microsoft-standard-WSL2-x86_64-with-glibc2.36)'\n    'x-ms-date': 'REDACTED'\n    'x-ms-client-request-id': 'cba44fbe-a877-11f1-bc7e-e6969291f1f1'\n    'Authorization': 'REDACTED'\nA body is sent with the request","logger":"azure.core.pipeline.policies.http_logging_policy","run_id":"manual__2026-09-04T15:46:26.867572+00:00","ti_id":"01a06d19-8fcf-7e34-b25f-872f6ccd41bd","dag_id":"orchestrate","map_index":-1,"try_number":1,"task_id":"ingest_cdc","filename":"_universal.py","lineno":532}
{"timestamp":"2026-09-04T15:46:29.662122Z","level":"info","event":"    \"close_date\": \"2026-10-05\",","logger":"task.stdout"}
{"timestamp":"2026-09-04T15:46:29.663160Z","level":"info","event":"    \"close_date_description\": \"Responses to this RFI must be submitted electronically to DE-FOA-0003671@netl.doe.gov by the specified due date and time.  See Request for Information for additional details.\",","logger":"task.stdout"}
{"timestamp":"2026-09-04T15:46:29.664418Z","level":"info","event":"    \"created_at\": \"2026-09-03T14:33:44+00:00\",","logger":"task.stdout"}
{"timestamp":"2026-09-04T15:46:29.665727Z","level":"info","event":"    \"estimated_total_program_funding\": 0,","logger":"task.stdout"}
{"timestamp":"2026-09-04T15:46:29.666750Z","level":"info","event":"    \"expected_number_of_awards\": 0,","logger":"task.stdout"}
{"timestamp":"2026-09-04T15:46:29.667739Z","level":"info","event":"    \"fiscal_year\": null,","logger":"task.stdout"}
{"timestamp":"2026-09-04T15:46:29.669004Z","level":"info","event":"    \"forecasted_award_date\": null,","logger":"task.stdout"}
{"timestamp":"2026-09-04T15:46:29.669904Z","level":"info","event":"    \"forecasted_close_date\": null,","logger":"task.stdout"}
{"timestamp":"2026-09-04T15:46:29.670831Z","level":"info","event":"    \"forecasted_close_date_description\": null,","logger":"task.stdout"}
{"timestamp":"2026-09-04T15:46:29.671672Z","level":"info","event":"    \"forecasted_post_date\": null,","logger":"task.stdout"}
{"timestamp":"2026-09-04T15:46:29.672627Z","level":"info","event":"    \"forecasted_project_start_date\": null,","logger":"task.stdout"}
{"timestamp":"2026-09-04T15:46:29.673424Z","level":"info","event":"    \"funding_categories\": [","logger":"task.stdout"}
{"timestamp":"2026-09-04T15:46:29.674105Z","level":"info","event":"      \"energy\"","logger":"task.stdout"}
{"timestamp":"2026-09-04T15:46:29.674908Z","level":"info","event":"    ],","logger":"task.stdout"}
{"timestamp":"2026-09-04T15:46:29.675570Z","level":"info","event":"    \"funding_category_description\": null,","logger":"task.stdout"}
{"timestamp":"2026-09-04T15:46:29.676445Z","level":"info","event":"    \"funding_instruments\": [","logger":"task.stdout"}
{"timestamp":"2026-09-04T15:46:29.677343Z","level":"info","event":"      \"other\"","logger":"task.stdout"}
{"timestamp":"2026-09-04T15:46:29.678175Z","level":"info","event":"    ],","logger":"task.stdout"}
{"timestamp":"2026-09-04T15:46:29.678973Z","level":"info","event":"    \"is_cost_sharing\": false,","logger":"task.stdout"}
{"timestamp":"2026-09-04T15:46:29.679805Z","level":"info","event":"    \"is_forecast\": false,","logger":"task.stdout"}
{"timestamp":"2026-09-04T15:46:29.680663Z","level":"info","event":"    \"post_date\": \"2026-09-03\",","logger":"task.stdout"}
{"timestamp":"2026-09-04T15:46:29.681512Z","level":"info","event":"    \"summary_description\": \"<p>The U.S. Department of Energy (DOE)\\u2019s Hydrocarbons and Geothermal Energy Office (HGEO) is issuing this Request for Information (RFI) to notify parties of its potential interest in connecting private capital/ public-private partnership programs to industry opportunities. This initiative provides HGEO\\u2019s technical expertise across the Office of Subsurface Energy\\u2019s three core program areas: Coal, Oil &amp; Gas, and Geothermal. Ultimately, the goal is to use HGEO\\u2019s research and development (R&amp;D) capabilities to support industry and capital.Through this RFI, DOE requests input from all stakeholders, particularly the financial sector, to gauge investor interest in the development and commercialization of subsurface-energy technologies. This is solely a request for information and not a Notice of Funding Opportunity (NOFO). DOE\\u2019s HGEO is not accepting applications for funding at this time.</p>\",","logger":"task.stdout"}
{"timestamp":"2026-09-04T15:46:29.682400Z","level":"info","event":"    \"updated_at\": \"2026-09-03T14:49:05+00:00\",","logger":"task.stdout"}
{"timestamp":"2026-09-04T15:46:29.683326Z","level":"info","event":"    \"version_number\": 2","logger":"task.stdout"}
{"timestamp":"2026-09-04T15:46:29.684061Z","level":"info","event":"  },","logger":"task.stdout"}
{"timestamp":"2026-09-04T15:46:29.684788Z","level":"info","event":"  \"tagline\": null,","logger":"task.stdout"}
{"timestamp":"2026-09-04T15:46:29.685539Z","level":"info","event":"  \"top_level_agency_code\": \"DOE\",","logger":"task.stdout"}
{"timestamp":"2026-09-04T15:46:29.686222Z","level":"info","event":"  \"top_level_agency_name\": \"Department of Energy\"","logger":"task.stdout"}
{"timestamp":"2026-09-04T15:46:29.687009Z","level":"info","event":"}","logger":"task.stdout"}
{"timestamp":"2026-09-04T15:46:29.687820Z","level":"info","event":"","logger":"task.stdout"}
{"timestamp":"2026-09-04T15:46:29.688545Z","level":"info","event":"================================================================================","logger":"task.stdout"}
{"timestamp":"2026-09-04T15:46:29.689143Z","level":"info","event":"OPPORTUNITY 4 of 7","logger":"task.stdout"}
{"timestamp":"2026-09-04T15:46:29.689754Z","level":"info","event":"================================================================================","logger":"task.stdout"}
{"timestamp":"2026-09-04T15:46:29.690577Z","level":"info","event":"{","logger":"task.stdout"}
{"timestamp":"2026-09-04T15:46:29.691291Z","level":"info","event":"  \"agency\": \"DOD-AMRAA\",","logger":"task.stdout"}
{"timestamp":"2026-09-04T15:46:29.692090Z","level":"info","event":"  \"agency_code\": \"DOD-AMRAA\",","logger":"task.stdout"}
{"timestamp":"2026-09-04T15:46:29.692749Z","level":"info","event":"  \"agency_name\": \"Defense Health Agency Contracting Activity - DHACA\",","logger":"task.stdout"}
{"timestamp":"2026-09-04T15:46:29.693615Z","level":"info","event":"  \"category\": \"discretionary\",","logger":"task.stdout"}
{"timestamp":"2026-09-04T15:46:29.694423Z","level":"info","event":"  \"category_explanation\": null,","logger":"task.stdout"}
{"timestamp":"2026-09-04T15:46:29.695239Z","level":"info","event":"  \"legacy_opportunity_id\": 363671,","logger":"task.stdout"}
{"timestamp":"2026-09-04T15:46:29.695942Z","level":"info","event":"  \"opportunity_assistance_listings\": [","logger":"task.stdout"}
{"timestamp":"2026-09-04T15:46:29.696667Z","level":"info","event":"    {","logger":"task.stdout"}
{"timestamp":"2026-09-04T15:46:29.697553Z","level":"info","event":"      \"assistance_listing_number\": \"12.420\",","logger":"task.stdout"}
{"timestamp":"2026-09-04T15:46:29.698628Z","level":"info","event":"      \"program_title\": \"Military Medical Research and Development\"","logger":"task.stdout"}
{"timestamp":"2026-09-04T15:46:29.699533Z","level":"info","event":"    }","logger":"task.stdout"}
{"timestamp":"2026-09-04T15:46:29.700544Z","level":"info","event":"  ],","logger":"task.stdout"}
{"timestamp":"2026-09-04T15:46:29.701447Z","level":"info","event":"  \"opportunity_id\": \"f03c1c58-6492-460f-9f19-11ac14ec5184\",","logger":"task.stdout"}
{"timestamp":"2026-09-04T15:46:29.702619Z","level":"info","event":"  \"opportunity_number\": \"HT942526BCRPCREA2\",","logger":"task.stdout"}
{"timestamp":"2026-09-04T15:46:29.703558Z","level":"info","event":"  \"opportunity_status\": \"posted\",","logger":"task.stdout"}
{"timestamp":"2026-09-04T15:46:29.704593Z","level":"info","event":"  \"opportunity_title\": \"DoW Breast Cancer, Clinical Research Extension Award\",","logger":"task.stdout"}
{"timestamp":"2026-09-04T15:46:29.705264Z","level":"info","event":"  \"purpose_statement\": null,","logger":"task.stdout"}
{"timestamp":"2026-09-04T15:46:29.706013Z","level":"info","event":"  \"summary\": {","logger":"task.stdout"}
{"timestamp":"2026-09-04T15:46:29.706693Z","level":"info","event":"    \"additional_info_url\": null,","logger":"task.stdout"}
{"timestamp":"2026-09-04T15:46:29.707414Z","level":"info","event":"    \"additional_info_url_description\": null,","logger":"task.stdout"}
{"timestamp":"2026-09-04T15:46:29.708468Z","level":"info","event":"    \"agency_contact_description\": \"eBRAP Help Desk\\r\\nPhone:      301-682-5507\\r\\nEmail:       help@eBRAP.org\",","logger":"task.stdout"}
{"timestamp":"2026-09-04T15:46:29.709428Z","level":"info","event":"    \"agency_email_address\": \"help@eBRAP.org\",","logger":"task.stdout"}
{"timestamp":"2026-09-04T15:46:29.710350Z","level":"info","event":"    \"agency_email_address_description\": \"eBRAP Help Desk\",","logger":"task.stdout"}
{"timestamp":"2026-09-04T15:46:29.711635Z","level":"info","event":"    \"applicant_eligibility_description\": \"\",","logger":"task.stdout"}
{"timestamp":"2026-09-04T15:46:29.712983Z","level":"info","event":"    \"applicant_types\": [","logger":"task.stdout"}
{"timestamp":"2026-09-04T15:46:29.714538Z","level":"info","event":"      \"unrestricted\"","logger":"task.stdout"}
{"timestamp":"2026-09-04T15:46:29.715923Z","level":"info","event":"    ],","logger":"task.stdout"}
{"timestamp":"2026-09-04T15:46:29.717122Z","level":"info","event":"    \"archive_date\": \"2026-12-18\",","logger":"task.stdout"}
{"timestamp":"2026-09-04T15:46:29.717902Z","level":"info","event":"    \"award_ceiling\": null,","logger":"task.stdout"}
{"timestamp":"2026-09-04T15:46:29.719039Z","level":"info","event":"    \"award_floor\": null,","logger":"task.stdout"}
{"timestamp":"2026-09-04T15:46:29.720613Z","level":"info","event":"    \"close_date\": \"2026-11-18\",","logger":"task.stdout"}
{"timestamp":"2026-09-04T15:46:29.721991Z","level":"info","event":"    \"close_date_description\": \"\",","logger":"task.stdout"}
{"timestamp":"2026-09-04T15:46:29.723387Z","level":"info","event":"    \"created_at\": \"2026-09-03T12:55:51+00:00\",","logger":"task.stdout"}
{"timestamp":"2026-09-04T15:46:29.724586Z","level":"info","event":"    \"estimated_total_program_funding\": 8400000,","logger":"task.stdout"}
{"timestamp":"2026-09-04T15:46:29.725821Z","level":"info","event":"    \"expected_number_of_awards\": 1,","logger":"task.stdout"}
{"timestamp":"2026-09-04T15:46:29.726994Z","level":"info","event":"    \"fiscal_year\": null,","logger":"task.stdout"}
{"timestamp":"2026-09-04T15:46:29.728679Z","level":"info","event":"    \"forecasted_award_date\": null,","logger":"task.stdout"}
{"timestamp":"2026-09-04T15:46:29.730880Z","level":"info","event":"    \"forecasted_close_date\": null,","logger":"task.stdout"}
{"timestamp":"2026-09-04T15:46:29.733021Z","level":"info","event":"    \"forecasted_close_date_description\": null,","logger":"task.stdout"}
{"timestamp":"2026-09-04T15:46:29.735601Z","level":"info","event":"    \"forecasted_post_date\": null,","logger":"task.stdout"}
{"timestamp":"2026-09-04T15:46:29.737708Z","level":"info","event":"    \"forecasted_project_start_date\": null,","logger":"task.stdout"}
{"timestamp":"2026-09-04T15:46:29.739918Z","level":"info","event":"    \"funding_categories\": [","logger":"task.stdout"}
{"timestamp":"2026-09-04T15:46:29.741934Z","level":"info","event":"      \"science_technology_and_other_research_and_development\"","logger":"task.stdout"}
{"timestamp":"2026-09-04T15:46:29.744471Z","level":"info","event":"    ],","logger":"task.stdout"}
{"timestamp":"2026-09-04T15:46:29.747238Z","level":"info","event":"    \"funding_category_description\": null,","logger":"task.stdout"}
{"timestamp":"2026-09-04T15:46:29.749480Z","level":"info","event":"    \"funding_instruments\": [","logger":"task.stdout"}
{"timestamp":"2026-09-04T15:46:29.751986Z","level":"info","event":"      \"grant\"","logger":"task.stdout"}
{"timestamp":"2026-09-04T15:46:29.754406Z","level":"info","event":"    ],","logger":"task.stdout"}
{"timestamp":"2026-09-04T15:46:29.756318Z","level":"info","event":"    \"is_cost_sharing\": false,","logger":"task.stdout"}
{"timestamp":"2026-09-04T15:46:29.758652Z","level":"info","event":"    \"is_forecast\": false,","logger":"task.stdout"}
{"timestamp":"2026-09-04T15:46:29.760827Z","level":"info","event":"    \"post_date\": \"2026-09-03\",","logger":"task.stdout"}
{"timestamp":"2026-09-04T15:46:29.764320Z","level":"info","event":"    \"summary_description\": \"<p><strong>Summary: </strong>The fiscal year 2026 (FY26) Breast Cancer Research Program (BCRP) Clinical Research Extension Award supports research that extends the data collection, follow-up, and analysis of breast cancer clinical studies. The intent of this award mechanism is to increase the clinically relevant impact of breast cancer patient participation in clinical studies by addressing the knowledge lost due to early trial termination, limited patient follow-up, or suboptimal sample and/or data collection and analysis. All applications must address at least one of the FY26 BCRP overarching challenges or provide adequate justification for exception.</p><p><br></p><p><strong>Distinctive Features:</strong></p><p><br></p><p>\\u2022 The research team must include two or more breast cancer consumer advocates.</p><p><br></p><p>\\u2022 <strong>This funding mechanism allows for a single Principal Investigator (PI), or two partnering PIs referred to as the Initiating PI and the Partnering PI.</strong> For the Partnering PI Option (PPIO), only the Initiating PI will submit a pre-application, but both PIs will need to submit at the full application stage. Be advised, failure to submit all associated (Initiating and Partnering PI) applications by the deadline may result in administrative withdrawal.</p>\",","logger":"task.stdout"}
{"timestamp":"2026-09-04T15:46:29.766751Z","level":"info","event":"    \"updated_at\": \"2026-09-03T12:55:51+00:00\",","logger":"task.stdout"}
{"timestamp":"2026-09-04T15:46:29.768333Z","level":"info","event":"    \"version_number\": 1","logger":"task.stdout"}
{"timestamp":"2026-09-04T15:46:29.770201Z","level":"info","event":"  },","logger":"task.stdout"}
{"timestamp":"2026-09-04T15:46:29.771860Z","level":"info","event":"  \"tagline\": null,","logger":"task.stdout"}
{"timestamp":"2026-09-04T15:46:29.773766Z","level":"info","event":"  \"top_level_agency_code\": \"DOD\",","logger":"task.stdout"}
{"timestamp":"2026-09-04T15:46:29.775712Z","level":"info","event":"  \"top_level_agency_name\": \"Department of Defense\"","logger":"task.stdout"}
{"timestamp":"2026-09-04T15:46:29.777379Z","level":"info","event":"}","logger":"task.stdout"}
{"timestamp":"2026-09-04T15:46:29.779781Z","level":"info","event":"","logger":"task.stdout"}
{"timestamp":"2026-09-04T15:46:29.782001Z","level":"info","event":"================================================================================","logger":"task.stdout"}
{"timestamp":"2026-09-04T15:46:29.784091Z","level":"info","event":"OPPORTUNITY 5 of 7","logger":"task.stdout"}
{"timestamp":"2026-09-04T15:46:29.786490Z","level":"info","event":"================================================================================","logger":"task.stdout"}
{"timestamp":"2026-09-04T15:46:29.787734Z","level":"info","event":"{","logger":"task.stdout"}
{"timestamp":"2026-09-04T15:46:29.789672Z","level":"info","event":"  \"agency\": \"USDA-NIFA\",","logger":"task.stdout"}
{"timestamp":"2026-09-04T15:46:29.791969Z","level":"info","event":"  \"agency_code\": \"USDA-NIFA\",","logger":"task.stdout"}
{"timestamp":"2026-09-04T15:46:29.795086Z","level":"info","event":"  \"agency_name\": \"National Institute of Food and Agriculture\",","logger":"task.stdout"}
{"timestamp":"2026-09-04T15:46:29.797541Z","level":"info","event":"  \"category\": \"discretionary\",","logger":"task.stdout"}
{"timestamp":"2026-09-04T15:46:29.799642Z","level":"info","event":"  \"category_explanation\": null,","logger":"task.stdout"}
{"timestamp":"2026-09-04T15:46:29.801453Z","level":"info","event":"  \"legacy_opportunity_id\": 363796,","logger":"task.stdout"}
{"timestamp":"2026-09-04T15:46:29.802821Z","level":"info","event":"  \"opportunity_assistance_listings\": [","logger":"task.stdout"}
{"timestamp":"2026-09-04T15:46:29.804049Z","level":"info","event":"    {","logger":"task.stdout"}
{"timestamp":"2026-09-04T15:46:29.805370Z","level":"info","event":"      \"assistance_listing_number\": \"10.216\",","logger":"task.stdout"}
{"timestamp":"2026-09-04T15:46:29.807277Z","level":"info","event":"      \"program_title\": \"1890 Institution Capacity Building Grants\"","logger":"task.stdout"}
{"timestamp":"2026-09-04T15:46:29.809317Z","level":"info","event":"    }","logger":"task.stdout"}
{"timestamp":"2026-09-04T15:46:29.810809Z","level":"info","event":"  ],","logger":"task.stdout"}
{"timestamp":"2026-09-04T15:46:29.812574Z","level":"info","event":"  \"opportunity_id\": \"03297609-7453-4e82-8c53-ce31a0b42e28\",","logger":"task.stdout"}
{"timestamp":"2026-09-04T15:46:29.814689Z","level":"info","event":"  \"opportunity_number\": \"USDA-NIFA-CBGP-011698\",","logger":"task.stdout"}
{"timestamp":"2026-09-04T15:46:29.816483Z","level":"info","event":"  \"opportunity_status\": \"posted\",","logger":"task.stdout"}
{"timestamp":"2026-09-04T15:46:29.817434Z","level":"info","event":"  \"opportunity_title\": \"1890 Institution Teaching, Research, and Extension Capacity Building Grants Program\",","logger":"task.stdout"}
{"timestamp":"2026-09-04T15:46:29.818852Z","level":"info","event":"  \"purpose_statement\": null,","logger":"task.stdout"}
{"timestamp":"2026-09-04T15:46:29.820479Z","level":"info","event":"  \"summary\": {","logger":"task.stdout"}
{"timestamp":"2026-09-04T15:46:29.822361Z","level":"info","event":"    \"additional_info_url\": \"https://www.nifa.usda.gov/grants/funding-opportunities/1890-institution-teaching-research-extension-capacity-building-grants\",","logger":"task.stdout"}
{"timestamp":"2026-09-04T15:46:29.824309Z","level":"info","event":"    \"additional_info_url_description\": \"1890 Institution Teaching, Research, and Extension Capacity Building Grants\",","logger":"task.stdout"}
{"timestamp":"2026-09-04T15:46:29.825846Z","level":"info","event":"    \"agency_contact_description\": \"Business hours: Monday through Friday, 8a.m. \\u2013 5p.m. CT, except Federal holidays\",","logger":"task.stdout"}
{"timestamp":"2026-09-04T15:46:29.827329Z","level":"info","event":"    \"agency_email_address\": \"grantapplicationquestions@usda.gov\",","logger":"task.stdout"}
{"timestamp":"2026-09-04T15:46:29.828939Z","level":"info","event":"    \"agency_email_address_description\": \"grantapplicationquestions@usda.gov\",","logger":"task.stdout"}
{"timestamp":"2026-09-04T15:46:29.679337Z","level":"info","event":"Response status: 202\nResponse headers:\n    'Server': 'Windows-Azure-HDFS/1.0 Microsoft-HTTPAPI/2.0'\n    'x-ms-request-server-encrypted': 'REDACTED'\n    'x-ms-request-id': '66986727-c01f-0017-0284-3ca487000000'\n    'x-ms-version': 'REDACTED'\n    'x-ms-client-request-id': 'cba44fbe-a877-11f1-bc7e-e6969291f1f1'\n    'Date': 'Fri, 04 Sep 2026 15:46:28 GMT'\n    'Content-Length': '0'","logger":"azure.core.pipeline.policies.http_logging_policy","run_id":"manual__2026-09-04T15:46:26.867572+00:00","ti_id":"01a06d19-8fcf-7e34-b25f-872f6ccd41bd","dag_id":"orchestrate","map_index":-1,"try_number":1,"task_id":"ingest_cdc","filename":"_universal.py","lineno":581}
{"timestamp":"2026-09-04T15:46:29.680334Z","level":"info","event":"Request URL: 'https://grantproject.dfs.core.windows.net/bronze/grants_gov/ingest_date%3D2026-09-04/opportunities.json?action=REDACTED&position=REDACTED&close=REDACTED'\nRequest method: 'PATCH'\nRequest headers:\n    'If-Match': '\"0x8DF0A9BAFA7C678\"'\n    'x-ms-version': 'REDACTED'\n    'Accept': 'application/json'\n    'User-Agent': 'azsdk-python-storage-dfs/12.25.0 Python/3.13.14 (Linux-6.18.33.2-microsoft-standard-WSL2-x86_64-with-glibc2.36)'\n    'x-ms-date': 'REDACTED'\n    'x-ms-client-request-id': 'cbabbd58-a877-11f1-bc7e-e6969291f1f1'\n    'Authorization': 'REDACTED'\nNo body was attached to the request","logger":"azure.core.pipeline.policies.http_logging_policy","run_id":"manual__2026-09-04T15:46:26.867572+00:00","ti_id":"01a06d19-8fcf-7e34-b25f-872f6ccd41bd","dag_id":"orchestrate","map_index":-1,"try_number":1,"task_id":"ingest_cdc","filename":"_universal.py","lineno":535}
{"timestamp":"2026-09-04T15:46:29.734945Z","level":"info","event":"Response status: 200\nResponse headers:\n    'Last-Modified': 'Fri, 04 Sep 2026 15:46:29 GMT'\n    'ETag': '\"0x8DF0A9BAFB87788\"'\n    'Server': 'Windows-Azure-HDFS/1.0 Microsoft-HTTPAPI/2.0'\n    'x-ms-request-server-encrypted': 'REDACTED'\n    'x-ms-request-id': '6698673a-c01f-0017-1584-3ca487000000'\n    'x-ms-version': 'REDACTED'\n    'x-ms-client-request-id': 'cbabbd58-a877-11f1-bc7e-e6969291f1f1'\n    'Date': 'Fri, 04 Sep 2026 15:46:28 GMT'\n    'Content-Length': '0'","logger":"azure.core.pipeline.policies.http_logging_policy","run_id":"manual__2026-09-04T15:46:26.867572+00:00","ti_id":"01a06d19-8fcf-7e34-b25f-872f6ccd41bd","dag_id":"orchestrate","map_index":-1,"try_number":1,"task_id":"ingest_cdc","filename":"_universal.py","lineno":581}
{"timestamp":"2026-09-04T15:46:29.738678Z","level":"info","event":"Done. Returned value was: 7","run_id":"manual__2026-09-04T15:46:26.867572+00:00","ti_id":"01a06d19-8fcf-7e34-b25f-872f6ccd41bd","dag_id":"orchestrate","map_index":-1,"try_number":1,"task_id":"ingest_cdc","logger":"airflow.task.operators.airflow.providers.standard.decorators.python._PythonDecoratedOperator","filename":"python.py","lineno":233}
{"timestamp":"2026-09-04T15:46:29.739112Z","level":"info","event":"::group::Post Execute","run_id":"manual__2026-09-04T15:46:26.867572+00:00","ti_id":"01a06d19-8fcf-7e34-b25f-872f6ccd41bd","dag_id":"orchestrate","map_index":-1,"try_number":1,"task_id":"ingest_cdc","logger":"task","filename":"task_runner.py","lineno":1580}
{"timestamp":"2026-09-04T15:46:29.872483Z","level":"info","event":"    \"applicant_eligibility_description\": \"Applicants for the 1890 CBG Program must meet all the requirements discussed in this NOFO. Failure to meet the eligibility criteria by the application deadline may result in exclusion from consideration or, preclude NIFA from making an award. For those new to Federal financial assistance, NIFA\\u2019s About Grants provides highly recommended information about grants and other resources to help understand the Federal awards process.\\r\\nApplications may only be submitted by eligible 1890 Land-grant Universities (7 U.S.C. 3152(d)(2)). \\r\\nThe eligible institutions are:\\r\\n1.\\tAlabama A&M University\\r\\n2.\\tAlcorn State University\\r\\n3.\\tCentral State University\\r\\n4.\\tDelaware State University\\r\\n5.\\tFlorida A&M University\\r\\n6.\\tFort Valley State University\\r\\n7.\\tKentucky State University\\r\\n8.\\tLangston University\\r\\n9.\\tLincoln University (MO)\\r\\n10.\\tNorth Carolina A&T State University\\r\\n11.\\tPrairie View A&M University\\r\\n12.\\tSouth Carolina State University\\r\\n13.\\tSouthern University and A&M College\\r\\n14.\\tTennessee State University\\r\\n15.\\tTuskegee University\\r\\n16.\\tUniversity of Arkansas-Pine Bluff\\r\\n17.\\tUniversity of Maryland-Eastern Shore\\r\\n18.\\tVirginia State University\\r\\n19.\\tWest Virginia State University\\r\\n\\r\\nFaculty may not serve as PD on more than two active 1890 CBG projects. If an applicant has two active projects, at least one project must be scheduled to expire by the end of the current fiscal year. Faculty may submit multiple applications for Standard and/or Collaborative Grants as the lead PD to the 1890 CBG Program in FYs 2026 and 2027. Additionally, there is no limit on the number of grants for which faculty may be listed as co-PD or key personnel.\\r\\nAll Collaborative or Integrated Education, Research, and Extension Projects may subcontract, as deemed appropriate, to organizations not eligible to apply, provided such organizations are necessary to conduct a successful project. The subcontract must advance capacity building at the 1890 LGU in the area of the proposed project.\\r\\nUSDA will not accept competitive applications for grant and cooperative agreements submitted for dangerous gain-of-function research, as defined in Section 8 of E.O. 14292.\\r\\nDuplicate or Multiple Submissions \\u2013 Submissions of duplicate or predominantly overlapping projects are not allowed. An eligible applicant may submit multiple applications on behalf of the institution whereas they are not essentially duplications of the same project or portions of the same project to multiple programs.\",","logger":"task.stdout"}
{"timestamp":"2026-09-04T15:46:29.873768Z","level":"info","event":"    \"applicant_types\": [","logger":"task.stdout"}
{"timestamp":"2026-09-04T15:46:29.874824Z","level":"info","event":"      \"other\"","logger":"task.stdout"}
{"timestamp":"2026-09-04T15:46:29.875838Z","level":"info","event":"    ],","logger":"task.stdout"}
{"timestamp":"2026-09-04T15:46:29.876899Z","level":"info","event":"    \"archive_date\": \"2026-12-04\",","logger":"task.stdout"}
{"timestamp":"2026-09-04T15:46:29.877854Z","level":"info","event":"    \"award_ceiling\": 750000,","logger":"task.stdout"}
{"timestamp":"2026-09-04T15:46:29.878680Z","level":"info","event":"    \"award_floor\": 50000,","logger":"task.stdout"}
{"timestamp":"2026-09-04T15:46:29.879437Z","level":"info","event":"    \"close_date\": \"2026-11-04\",","logger":"task.stdout"}
{"timestamp":"2026-09-04T15:46:29.880429Z","level":"info","event":"    \"close_date_description\": \"\",","logger":"task.stdout"}
{"timestamp":"2026-09-04T15:46:29.881392Z","level":"info","event":"    \"created_at\": \"2026-09-03T13:12:31+00:00\",","logger":"task.stdout"}
{"timestamp":"2026-09-04T15:46:29.882283Z","level":"info","event":"    \"estimated_total_program_funding\": 56000000,","logger":"task.stdout"}
{"timestamp":"2026-09-04T15:46:29.883060Z","level":"info","event":"    \"expected_number_of_awards\": 125,","logger":"task.stdout"}
{"timestamp":"2026-09-04T15:46:29.883914Z","level":"info","event":"    \"fiscal_year\": null,","logger":"task.stdout"}
{"timestamp":"2026-09-04T15:46:29.884934Z","level":"info","event":"    \"forecasted_award_date\": null,","logger":"task.stdout"}
{"timestamp":"2026-09-04T15:46:29.885892Z","level":"info","event":"    \"forecasted_close_date\": null,","logger":"task.stdout"}
{"timestamp":"2026-09-04T15:46:29.886737Z","level":"info","event":"    \"forecasted_close_date_description\": null,","logger":"task.stdout"}
{"timestamp":"2026-09-04T15:46:29.887614Z","level":"info","event":"    \"forecasted_post_date\": null,","logger":"task.stdout"}
{"timestamp":"2026-09-04T15:46:29.888407Z","level":"info","event":"    \"forecasted_project_start_date\": null,","logger":"task.stdout"}
{"timestamp":"2026-09-04T15:46:29.889301Z","level":"info","event":"    \"funding_categories\": [","logger":"task.stdout"}
{"timestamp":"2026-09-04T15:46:29.890204Z","level":"info","event":"      \"agriculture\"","logger":"task.stdout"}
{"timestamp":"2026-09-04T15:46:29.891215Z","level":"info","event":"    ],","logger":"task.stdout"}
{"timestamp":"2026-09-04T15:46:29.892141Z","level":"info","event":"    \"funding_category_description\": null,","logger":"task.stdout"}
{"timestamp":"2026-09-04T15:46:29.893031Z","level":"info","event":"    \"funding_instruments\": [","logger":"task.stdout"}
{"timestamp":"2026-09-04T15:46:29.893999Z","level":"info","event":"      \"grant\"","logger":"task.stdout"}
{"timestamp":"2026-09-04T15:46:29.894921Z","level":"info","event":"    ],","logger":"task.stdout"}
{"timestamp":"2026-09-04T15:46:29.896031Z","level":"info","event":"    \"is_cost_sharing\": false,","logger":"task.stdout"}
{"timestamp":"2026-09-04T15:46:29.896888Z","level":"info","event":"    \"is_forecast\": false,","logger":"task.stdout"}
{"timestamp":"2026-09-04T15:46:29.897806Z","level":"info","event":"    \"post_date\": \"2026-09-03\",","logger":"task.stdout"}
{"timestamp":"2026-09-04T15:46:29.898732Z","level":"info","event":"    \"summary_description\": \"<p>The 1890 CBG program, under Assistance Listing Number 10.216 is designed specifically to build the institutional teaching, research, and extension capacities of the eligible institutions through cooperative programs with Federal and non-Federal entities.&nbsp;&nbsp;The 1890 CBG Program supports Executive Order <a href=\\\"https://www.federalregister.gov/documents/2025/04/28/2025-07380/white-house-initiative-to-promote-excellence-and-innovation-at-historically-black-colleges-and\\\" target=\\\"_blank\\\">14283</a>, \\u201cWhite House Initiative to Promote Excellence and Innovation at Historically Black Colleges and Universities (HBCU),\\u201d in order to foster excellence and innovation at HBCUs.&nbsp;</p>\",","logger":"task.stdout"}
{"timestamp":"2026-09-04T15:46:29.899574Z","level":"info","event":"    \"updated_at\": \"2026-09-03T13:12:31+00:00\",","logger":"task.stdout"}
{"timestamp":"2026-09-04T15:46:29.900750Z","level":"info","event":"    \"version_number\": 1","logger":"task.stdout"}
{"timestamp":"2026-09-04T15:46:29.901673Z","level":"info","event":"  },","logger":"task.stdout"}
{"timestamp":"2026-09-04T15:46:29.902481Z","level":"info","event":"  \"tagline\": null,","logger":"task.stdout"}
{"timestamp":"2026-09-04T15:46:29.903360Z","level":"info","event":"  \"top_level_agency_code\": \"USDA\",","logger":"task.stdout"}
{"timestamp":"2026-09-04T15:46:29.904134Z","level":"info","event":"  \"top_level_agency_name\": \"Department of Agriculture\"","logger":"task.stdout"}
{"timestamp":"2026-09-04T15:46:29.904993Z","level":"info","event":"}","logger":"task.stdout"}
{"timestamp":"2026-09-04T15:46:29.905836Z","level":"info","event":"","logger":"task.stdout"}
{"timestamp":"2026-09-04T15:46:29.906704Z","level":"info","event":"================================================================================","logger":"task.stdout"}
{"timestamp":"2026-09-04T15:46:29.907954Z","level":"info","event":"OPPORTUNITY 6 of 7","logger":"task.stdout"}
{"timestamp":"2026-09-04T15:46:29.909182Z","level":"info","event":"================================================================================","logger":"task.stdout"}
{"timestamp":"2026-09-04T15:46:29.910017Z","level":"info","event":"{","logger":"task.stdout"}
{"timestamp":"2026-09-04T15:46:29.910865Z","level":"info","event":"  \"agency\": \"DOT-FRA\",","logger":"task.stdout"}
{"timestamp":"2026-09-04T15:46:29.911824Z","level":"info","event":"  \"agency_code\": \"DOT-FRA\",","logger":"task.stdout"}
{"timestamp":"2026-09-04T15:46:29.912793Z","level":"info","event":"  \"agency_name\": \"DOT - Federal Railroad Administration\",","logger":"task.stdout"}
{"timestamp":"2026-09-04T15:46:29.913579Z","level":"info","event":"  \"category\": \"discretionary\",","logger":"task.stdout"}
{"timestamp":"2026-09-04T15:46:29.914547Z","level":"info","event":"  \"category_explanation\": null,","logger":"task.stdout"}
{"timestamp":"2026-09-04T15:46:29.915482Z","level":"info","event":"  \"legacy_opportunity_id\": 363798,","logger":"task.stdout"}
{"timestamp":"2026-09-04T15:46:29.916324Z","level":"info","event":"  \"opportunity_assistance_listings\": [","logger":"task.stdout"}
{"timestamp":"2026-09-04T15:46:29.917449Z","level":"info","event":"    {","logger":"task.stdout"}
{"timestamp":"2026-09-04T15:46:29.918349Z","level":"info","event":"      \"assistance_listing_number\": \"20.314\",","logger":"task.stdout"}
{"timestamp":"2026-09-04T15:46:29.919494Z","level":"info","event":"      \"program_title\": \"Railroad Development\"","logger":"task.stdout"}
{"timestamp":"2026-09-04T15:46:29.920471Z","level":"info","event":"    }","logger":"task.stdout"}
{"timestamp":"2026-09-04T15:46:29.921593Z","level":"info","event":"  ],","logger":"task.stdout"}
{"timestamp":"2026-09-04T15:46:29.922510Z","level":"info","event":"  \"opportunity_id\": \"9854b307-dff7-4f10-80dc-a760b9b3dbc2\",","logger":"task.stdout"}
{"timestamp":"2026-09-04T15:46:29.923344Z","level":"info","event":"  \"opportunity_number\": \"FR-RLD-26-001\",","logger":"task.stdout"}
{"timestamp":"2026-09-04T15:46:29.924298Z","level":"info","event":"  \"opportunity_status\": \"posted\",","logger":"task.stdout"}
{"timestamp":"2026-09-04T15:46:29.925037Z","level":"info","event":"  \"opportunity_title\": \"FY26 Atlantic Gateway, Arlington to Alexandria Fourth Track - CMAQ Funds\",","logger":"task.stdout"}
{"timestamp":"2026-09-04T15:46:29.925685Z","level":"info","event":"  \"purpose_statement\": null,","logger":"task.stdout"}
{"timestamp":"2026-09-04T15:46:29.926371Z","level":"info","event":"  \"summary\": {","logger":"task.stdout"}
{"timestamp":"2026-09-04T15:46:29.927400Z","level":"info","event":"    \"additional_info_url\": \"https://www.grantsolutions.gov/gs/preaward/previewPublicAnnouncement.do?id=127866\",","logger":"task.stdout"}
{"timestamp":"2026-09-04T15:46:29.928320Z","level":"info","event":"    \"additional_info_url_description\": \"FY26 Atlantic Gateway, Arlington to Alexandria Fourth Track - CMAQ Funds\",","logger":"task.stdout"}
{"timestamp":"2026-09-04T15:46:29.739704Z","level":"info","event":"Pushing xcom","ti":"RuntimeTaskInstance(id=UUID('01a06d19-8fcf-7e34-b25f-872f6ccd41bd'), task_id='ingest_cdc', dag_id='orchestrate', run_id='manual__2026-09-04T15:46:26.867572+00:00', try_number=1, dag_version_id=UUID('01a06d18-5927-7da3-b5f2-4ca3efb9641c'), map_index=-1, hostname='e4a62a8731d3', context_carrier={'traceparent': '00-b68d7c45ef0aaf9294aa02d2fa0894fc-a39ad6950b0c06c6-00'}, queue='default', task=<Task(_PythonDecoratedOperator): ingest_cdc>, bundle_instance=LocalDagBundle(name=dags-folder), max_tries=0, start_date=datetime.datetime(2026, 9, 4, 15, 46, 27, 925278, tzinfo=datetime.timezone.utc), end_date=None, state=<TaskInstanceState.RUNNING: 'running'>, is_mapped=False, rendered_map_index=None, sentry_integration='sentry_sdk.integrations.celery.CeleryIntegration')","run_id":"manual__2026-09-04T15:46:26.867572+00:00","ti_id":"01a06d19-8fcf-7e34-b25f-872f6ccd41bd","dag_id":"orchestrate","map_index":-1,"try_number":1,"task_id":"ingest_cdc","logger":"task","filename":"task_runner.py","lineno":2280}
{"timestamp":"2026-09-04T15:46:29.930175Z","level":"info","event":"    \"agency_contact_description\": \"GrantSolutions Help Desk\\n\\nPhone Number: 1.866.577.0771 or 202.401.5282\\n\\nHours of operation are Monday-Friday from 9:00 a.m. to 6:00 p.m. ET\\nhelp@grantsolutions.gov\",","logger":"task.stdout"}
{"timestamp":"2026-09-04T15:46:29.930917Z","level":"info","event":"    \"agency_email_address\": \"help@grantsolutions.gov\",","logger":"task.stdout"}
{"timestamp":"2026-09-04T15:46:29.931712Z","level":"info","event":"    \"agency_email_address_description\": \"GrantSolutions Help Desk\",","logger":"task.stdout"}
{"timestamp":"2026-09-04T15:46:29.932404Z","level":"info","event":"    \"applicant_eligibility_description\": \"Only the Virginia Passenger Rail Authority (VPRA) is eligible to apply.\",","logger":"task.stdout"}
{"timestamp":"2026-09-04T15:46:29.933349Z","level":"info","event":"    \"applicant_types\": [","logger":"task.stdout"}
{"timestamp":"2026-09-04T15:46:29.934080Z","level":"info","event":"      \"other\"","logger":"task.stdout"}
{"timestamp":"2026-09-04T15:46:29.934774Z","level":"info","event":"    ],","logger":"task.stdout"}
{"timestamp":"2026-09-04T15:46:29.935394Z","level":"info","event":"    \"archive_date\": \"2026-10-09\",","logger":"task.stdout"}
{"timestamp":"2026-09-04T15:46:29.936128Z","level":"info","event":"    \"award_ceiling\": 56000000,","logger":"task.stdout"}
{"timestamp":"2026-09-04T15:46:29.936807Z","level":"info","event":"    \"award_floor\": 0,","logger":"task.stdout"}
{"timestamp":"2026-09-04T15:46:29.937470Z","level":"info","event":"    \"close_date\": \"2026-09-09\",","logger":"task.stdout"}
{"timestamp":"2026-09-04T15:46:29.938107Z","level":"info","event":"    \"close_date_description\": \"No Explanation\",","logger":"task.stdout"}
{"timestamp":"2026-09-04T15:46:29.938810Z","level":"info","event":"    \"created_at\": \"2026-09-03T15:39:07+00:00\",","logger":"task.stdout"}
{"timestamp":"2026-09-04T15:46:29.939536Z","level":"info","event":"    \"estimated_total_program_funding\": 56000000,","logger":"task.stdout"}
{"timestamp":"2026-09-04T15:46:29.940207Z","level":"info","event":"    \"expected_number_of_awards\": 1,","logger":"task.stdout"}
{"timestamp":"2026-09-04T15:46:29.941083Z","level":"info","event":"    \"fiscal_year\": null,","logger":"task.stdout"}
{"timestamp":"2026-09-04T15:46:29.941896Z","level":"info","event":"    \"forecasted_award_date\": null,","logger":"task.stdout"}
{"timestamp":"2026-09-04T15:46:29.942727Z","level":"info","event":"    \"forecasted_close_date\": null,","logger":"task.stdout"}
{"timestamp":"2026-09-04T15:46:29.943518Z","level":"info","event":"    \"forecasted_close_date_description\": null,","logger":"task.stdout"}
{"timestamp":"2026-09-04T15:46:29.944175Z","level":"info","event":"    \"forecasted_post_date\": null,","logger":"task.stdout"}
{"timestamp":"2026-09-04T15:46:29.944985Z","level":"info","event":"    \"forecasted_project_start_date\": null,","logger":"task.stdout"}
{"timestamp":"2026-09-04T15:46:29.945784Z","level":"info","event":"    \"funding_categories\": [","logger":"task.stdout"}
{"timestamp":"2026-09-04T15:46:29.946574Z","level":"info","event":"      \"transportation\"","logger":"task.stdout"}
{"timestamp":"2026-09-04T15:46:29.947586Z","level":"info","event":"    ],","logger":"task.stdout"}
{"timestamp":"2026-09-04T15:46:29.948551Z","level":"info","event":"    \"funding_category_description\": null,","logger":"task.stdout"}
{"timestamp":"2026-09-04T15:46:29.949312Z","level":"info","event":"    \"funding_instruments\": [","logger":"task.stdout"}
{"timestamp":"2026-09-04T15:46:29.950133Z","level":"info","event":"      \"grant\"","logger":"task.stdout"}
{"timestamp":"2026-09-04T15:46:29.950711Z","level":"info","event":"    ],","logger":"task.stdout"}
{"timestamp":"2026-09-04T15:46:29.951401Z","level":"info","event":"    \"is_cost_sharing\": true,","logger":"task.stdout"}
{"timestamp":"2026-09-04T15:46:29.952309Z","level":"info","event":"    \"is_forecast\": false,","logger":"task.stdout"}
{"timestamp":"2026-09-04T15:46:29.953068Z","level":"info","event":"    \"post_date\": \"2026-09-03\",","logger":"task.stdout"}
{"timestamp":"2026-09-04T15:46:29.953815Z","level":"info","event":"    \"summary_description\": \"The Project includes the construction of approximately six miles of new fourth track on the CSX Richmond, Fredericksburg, and Potomac Subdivision, primarily on the east side of the right-of-way.\",","logger":"task.stdout"}
{"timestamp":"2026-09-04T15:46:29.954491Z","level":"info","event":"    \"updated_at\": \"2026-09-03T15:39:07+00:00\",","logger":"task.stdout"}
{"timestamp":"2026-09-04T15:46:29.955164Z","level":"info","event":"    \"version_number\": 1","logger":"task.stdout"}
{"timestamp":"2026-09-04T15:46:29.955918Z","level":"info","event":"  },","logger":"task.stdout"}
{"timestamp":"2026-09-04T15:46:29.956710Z","level":"info","event":"  \"tagline\": null,","logger":"task.stdout"}
{"timestamp":"2026-09-04T15:46:29.957546Z","level":"info","event":"  \"top_level_agency_code\": \"DOT\",","logger":"task.stdout"}
{"timestamp":"2026-09-04T15:46:29.958398Z","level":"info","event":"  \"top_level_agency_name\": \"Department of Transportation\"","logger":"task.stdout"}
{"timestamp":"2026-09-04T15:46:29.959184Z","level":"info","event":"}","logger":"task.stdout"}
{"timestamp":"2026-09-04T15:46:29.960069Z","level":"info","event":"","logger":"task.stdout"}
{"timestamp":"2026-09-04T15:46:29.960997Z","level":"info","event":"================================================================================","logger":"task.stdout"}
{"timestamp":"2026-09-04T15:46:29.961881Z","level":"info","event":"OPPORTUNITY 7 of 7","logger":"task.stdout"}
{"timestamp":"2026-09-04T15:46:29.963045Z","level":"info","event":"================================================================================","logger":"task.stdout"}
{"timestamp":"2026-09-04T15:46:29.964129Z","level":"info","event":"{","logger":"task.stdout"}
{"timestamp":"2026-09-04T15:46:29.965280Z","level":"info","event":"  \"agency\": \"HHS-CDC-NCCDPHP\",","logger":"task.stdout"}
{"timestamp":"2026-09-04T15:46:29.966138Z","level":"info","event":"  \"agency_code\": \"HHS-CDC-NCCDPHP\",","logger":"task.stdout"}
{"timestamp":"2026-09-04T15:46:29.966994Z","level":"info","event":"  \"agency_name\": \"Centers for Disease Control - NCCDPHP\",","logger":"task.stdout"}
{"timestamp":"2026-09-04T15:46:29.967831Z","level":"info","event":"  \"category\": \"discretionary\",","logger":"task.stdout"}
{"timestamp":"2026-09-04T15:46:29.968722Z","level":"info","event":"  \"category_explanation\": null,","logger":"task.stdout"}
{"timestamp":"2026-09-04T15:46:29.969599Z","level":"info","event":"  \"legacy_opportunity_id\": 363814,","logger":"task.stdout"}
{"timestamp":"2026-09-04T15:46:29.970603Z","level":"info","event":"  \"opportunity_assistance_listings\": [","logger":"task.stdout"}
{"timestamp":"2026-09-04T15:46:29.971617Z","level":"info","event":"    {","logger":"task.stdout"}
{"timestamp":"2026-09-04T15:46:29.972619Z","level":"info","event":"      \"assistance_listing_number\": \"93.898\",","logger":"task.stdout"}
{"timestamp":"2026-09-04T15:46:29.973609Z","level":"info","event":"      \"program_title\": \"Cancer Prevention and Control Programs for State, Territorial and Tribal Organizations\"","logger":"task.stdout"}
{"timestamp":"2026-09-04T15:46:29.974596Z","level":"info","event":"    }","logger":"task.stdout"}
{"timestamp":"2026-09-04T15:46:29.975602Z","level":"info","event":"  ],","logger":"task.stdout"}
{"timestamp":"2026-09-04T15:46:29.976542Z","level":"info","event":"  \"opportunity_id\": \"be66c7b5-6a80-4b5f-98bf-b2424791e3f6\",","logger":"task.stdout"}
{"timestamp":"2026-09-04T15:46:29.977489Z","level":"info","event":"  \"opportunity_number\": \"CDC-RFA-DP-27-0023\",","logger":"task.stdout"}
{"timestamp":"2026-09-04T15:46:29.978426Z","level":"info","event":"  \"opportunity_status\": \"posted\",","logger":"task.stdout"}
{"timestamp":"2026-09-04T15:46:29.979686Z","level":"info","event":"  \"opportunity_title\": \"Cancer Prevention and Control Programs for State, Territorial, and Tribal Organizations\",","logger":"task.stdout"}
{"timestamp":"2026-09-04T15:46:29.981209Z","level":"info","event":"  \"purpose_statement\": null,","logger":"task.stdout"}
{"timestamp":"2026-09-04T15:46:29.982326Z","level":"info","event":"  \"summary\": {","logger":"task.stdout"}
{"timestamp":"2026-09-04T15:46:29.983204Z","level":"info","event":"    \"additional_info_url\": null,","logger":"task.stdout"}
{"timestamp":"2026-09-04T15:46:29.984116Z","level":"info","event":"    \"additional_info_url_description\": null,","logger":"task.stdout"}
{"timestamp":"2026-09-04T15:46:29.985097Z","level":"info","event":"    \"agency_contact_description\": \"Netta Apedoe, MPH\\nDP270023@cdc.gov\",","logger":"task.stdout"}
{"timestamp":"2026-09-04T15:46:29.986111Z","level":"info","event":"    \"agency_email_address\": \"DP270023@cdc.gov\",","logger":"task.stdout"}
{"timestamp":"2026-09-04T15:46:29.987094Z","level":"info","event":"    \"agency_email_address_description\": \"DP27-0023 mailbox for general application questions\",","logger":"task.stdout"}
{"timestamp":"2026-09-04T15:46:30.009637Z","level":"info","event":"    \"applicant_eligibility_description\": \"The eligibility above pertains only to Program 2.Program 1: The National Breast and Cervical Cancer Early Detection Program (NBCCEDP) Limited Eligibility: Funds will be awarded to state health departments and the District of Columbia; US Territories and Freely Associated States, Federally Recognized American Indian Tribes, Tribal Organizations, Alaska Native Organizations, and Urban Indian Organizations, or their Bona Fide Agents. Eligibility for this program is limited by statute. See https://www.govinfo.gov/content/pkg/STATUTE-104/pdf/STATUTE-104-Pg409.pdfProgram 3: The National Program of Cancer Registries (NPCR) Limited Eligibility: Eligibility for this program is limited by statute toState governments (includes the District of Columbia).US territories and freely associated states.Bona fide agents applying on behalf of state or territorial entities, including government organizations. See Cancer Registries Amendment ActBona fide agents must submit documentation that demonstrates their arrangement with the eligible applicant. Please note the following definitions: State (includes the District of Columbia), Territorial governments in the Commonwealth of Puerto Rico, the Virgin Islands, the Commonwealth of the Northern Marianna Islands, American Samoa, Guam, the Federated States of Micronesia, the Republic of the Marshall Islands, and the Republic of Palau. American Indian or Alaska Native tribal governments (federally recognized or state-recognized), American Indian or Alaska native tribal designated organizations. or their Bona Fide Agents.\",","logger":"task.stdout"}
{"timestamp":"2026-09-04T15:46:30.011139Z","level":"info","event":"    \"applicant_types\": [","logger":"task.stdout"}
{"timestamp":"2026-09-04T15:46:30.012223Z","level":"info","event":"      \"county_governments\",","logger":"task.stdout"}
{"timestamp":"2026-09-04T15:46:30.013808Z","level":"info","event":"      \"state_governments\",","logger":"task.stdout"}
{"timestamp":"2026-09-04T15:46:30.015129Z","level":"info","event":"      \"federally_recognized_native_american_tribal_governments\",","logger":"task.stdout"}
{"timestamp":"2026-09-04T15:46:30.016253Z","level":"info","event":"      \"city_or_township_governments\",","logger":"task.stdout"}
{"timestamp":"2026-09-04T15:46:30.017788Z","level":"info","event":"      \"other_native_american_tribal_organizations\",","logger":"task.stdout"}
{"timestamp":"2026-09-04T15:46:30.018859Z","level":"info","event":"      \"private_institutions_of_higher_education\",","logger":"task.stdout"}
{"timestamp":"2026-09-04T15:46:30.020248Z","level":"info","event":"      \"nonprofits_non_higher_education_without_501c3\",","logger":"task.stdout"}
{"timestamp":"2026-09-04T15:46:30.021555Z","level":"info","event":"      \"other\",","logger":"task.stdout"}
{"timestamp":"2026-09-04T15:46:30.022815Z","level":"info","event":"      \"nonprofits_non_higher_education_with_501c3\",","logger":"task.stdout"}
{"timestamp":"2026-09-04T15:46:30.023752Z","level":"info","event":"      \"public_and_state_institutions_of_higher_education\"","logger":"task.stdout"}
{"timestamp":"2026-09-04T15:46:30.025149Z","level":"info","event":"    ],","logger":"task.stdout"}
{"timestamp":"2026-09-04T15:46:30.026481Z","level":"info","event":"    \"archive_date\": \"2027-03-07\",","logger":"task.stdout"}
{"timestamp":"2026-09-04T15:46:30.027758Z","level":"info","event":"    \"award_ceiling\": 0,","logger":"task.stdout"}
{"timestamp":"2026-09-04T15:46:30.029100Z","level":"info","event":"    \"award_floor\": 0,","logger":"task.stdout"}
{"timestamp":"2026-09-04T15:46:30.030127Z","level":"info","event":"    \"close_date\": \"2027-02-05\",","logger":"task.stdout"}
{"timestamp":"2026-09-04T15:46:30.031396Z","level":"info","event":"    \"close_date_description\": \"Electronically submitted applications must be submitted no later than 11:59 pm ET on the listed application due date.\",","logger":"task.stdout"}
{"timestamp":"2026-09-04T15:46:30.032646Z","level":"info","event":"    \"created_at\": \"2026-09-03T20:35:21+00:00\",","logger":"task.stdout"}
{"timestamp":"2026-09-04T15:46:30.034081Z","level":"info","event":"    \"estimated_total_program_funding\": 1260000000,","logger":"task.stdout"}
{"timestamp":"2026-09-04T15:46:30.035163Z","level":"info","event":"    \"expected_number_of_awards\": 196,","logger":"task.stdout"}
{"timestamp":"2026-09-04T15:46:30.036342Z","level":"info","event":"    \"fiscal_year\": null,","logger":"task.stdout"}
{"timestamp":"2026-09-04T15:46:30.037788Z","level":"info","event":"    \"forecasted_award_date\": null,","logger":"task.stdout"}
{"timestamp":"2026-09-04T15:46:30.038825Z","level":"info","event":"    \"forecasted_close_date\": null,","logger":"task.stdout"}
{"timestamp":"2026-09-04T15:46:30.040146Z","level":"info","event":"    \"forecasted_close_date_description\": null,","logger":"task.stdout"}
{"timestamp":"2026-09-04T15:46:30.041250Z","level":"info","event":"    \"forecasted_post_date\": null,","logger":"task.stdout"}
{"timestamp":"2026-09-04T15:46:30.043055Z","level":"info","event":"    \"forecasted_project_start_date\": null,","logger":"task.stdout"}
{"timestamp":"2026-09-04T15:46:30.044772Z","level":"info","event":"    \"funding_categories\": [","logger":"task.stdout"}
{"timestamp":"2026-09-04T15:46:30.046142Z","level":"info","event":"      \"health\"","logger":"task.stdout"}
{"timestamp":"2026-09-04T15:46:30.047519Z","level":"info","event":"    ],","logger":"task.stdout"}
{"timestamp":"2026-09-04T15:46:30.049080Z","level":"info","event":"    \"funding_category_description\": null,","logger":"task.stdout"}
{"timestamp":"2026-09-04T15:46:30.050391Z","level":"info","event":"    \"funding_instruments\": [","logger":"task.stdout"}
{"timestamp":"2026-09-04T15:46:30.051720Z","level":"info","event":"      \"cooperative_agreement\"","logger":"task.stdout"}
{"timestamp":"2026-09-04T15:46:30.053376Z","level":"info","event":"    ],","logger":"task.stdout"}
{"timestamp":"2026-09-04T15:46:30.054660Z","level":"info","event":"    \"is_cost_sharing\": true,","logger":"task.stdout"}
{"timestamp":"2026-09-04T15:46:30.055740Z","level":"info","event":"    \"is_forecast\": false,","logger":"task.stdout"}
{"timestamp":"2026-09-04T15:46:30.056992Z","level":"info","event":"    \"post_date\": \"2026-09-03\",","logger":"task.stdout"}
{"timestamp":"2026-09-04T15:46:30.059050Z","level":"info","event":"    \"summary_description\": \"Since 1990, CDC's Division of Cancer Prevention and Control (DCPC) has been working with national organizations, state, territory, freely associated state, and tribal health agencies, and other key groups to develop, implement, and promote effective strategies for preventing and controlling cancer.  DCPC's overall mission is to work toward having all people free of cancer while improving health outcomes through prevention, screening, and ongoing care for cancer survivors.  DCPC supports comprehensive cancer control, a philosophical approach that brings together partners and other organizations to collectively address a community's cancer burden in a much more impactful way than any one organization could accomplish alone.  This NOFO will fund eligible applicants to facilitate collaborative planning and implementation of evidence-based cancer surveillance, prevention, and control strategies in communities that improve the provision of clinical preventive services, and cancer survivorship. Ultimately, a successful implementation of the work described in this NOFO will demonstrate that by the three programs working together through partnerships, coordination of resources and efforts, consistent communication, and community involvement, we will come that much closer to the division's mission of \\\"All People Free of Cancer.\\\"  This program takes a comprehensive, coordinated approach to achieve these goals. It supports breast and cervical cancer screening and diagnostic services, cancer control plan implementation by coalitions, and surveillance programs to monitor and report cancer burden.These goals will be accomplished by funding three national programs:Program 1: National Breast and Cervical Cancer Early Detection Program (NBCCEDP) supports clinical services for women with low incomes who do not have adequate insurance and implementation of evidence-based interventions in the clinics that serve them. Component A: Supports breast and cervical cancer screening and diagnostic follow-up for women with low incomes who do not have adequate insurance. Component B: (Optional) Supports implementation of evidence-based interventions (EBIs) shown to increase breast and cervical cancer screening.Program 2: National Comprehensive Cancer Control Program (NCCCP) supports cancer coalition efforts that use their individual and collective resources to plan and implement evidence-based strategies as described in jurisdiction-wide cancer plans.Program 3: National Program of Cancer Registries (NPCR) supports the implementation of a population-based central cancer registry program.\",","logger":"task.stdout"}
{"timestamp":"2026-09-04T15:46:30.060523Z","level":"info","event":"    \"updated_at\": \"2026-09-03T21:34:59+00:00\",","logger":"task.stdout"}
{"timestamp":"2026-09-04T15:46:30.061645Z","level":"info","event":"    \"version_number\": 2","logger":"task.stdout"}
{"timestamp":"2026-09-04T15:46:30.062703Z","level":"info","event":"  },","logger":"task.stdout"}
{"timestamp":"2026-09-04T15:46:30.063655Z","level":"info","event":"  \"tagline\": null,","logger":"task.stdout"}
{"timestamp":"2026-09-04T15:46:30.065034Z","level":"info","event":"  \"top_level_agency_code\": \"HHS\",","logger":"task.stdout"}
{"timestamp":"2026-09-04T15:46:30.066298Z","level":"info","event":"  \"top_level_agency_name\": \"Department of Health and Human Services\"","logger":"task.stdout"}
{"timestamp":"2026-09-04T15:46:30.067280Z","level":"info","event":"}","logger":"task.stdout"}
{"timestamp":"2026-09-04T15:46:30.068203Z","level":"info","event":"","logger":"task.stdout"}
{"timestamp":"2026-09-04T15:46:30.069347Z","level":"info","event":"","logger":"task.stdout"}
{"timestamp":"2026-09-04T15:46:30.069993Z","level":"info","event":"✅ Saved 7 records to: bronze/grants_gov/ingest_date=2026-09-04/opportunities.json","logger":"task.stdout"}
{"timestamp":"2026-09-04T15:46:30.009847Z","level":"info","event":"::endgroup::","run_id":"manual__2026-09-04T15:46:26.867572+00:00","ti_id":"01a06d19-8fcf-7e34-b25f-872f6ccd41bd","dag_id":"orchestrate","map_index":-1,"try_number":1,"task_id":"ingest_cdc","logger":"task","filename":"task_runner.py","lineno":2379}
